2023-09-22T09:05:41.495Z [info] ---------------------------------------------
2023-09-22T09:05:41.496Z [info] ------------ ELIXIR biovalidator ------------
2023-09-22T09:05:41.497Z [info] ---------------------------------------------
2023-09-22T09:05:41.497Z [info] Started server on port 3020 with base URL /ait/biovalidator
2023-09-22T09:05:41.497Z [info] PID file is available at ./server.pid
[53919:0x4e54590]     9348 ms: Mark-sweep (reduce) 23.7 (35.3) -> 18.6 (21.4) MB, 6.9 / 0.0 ms  (+ 14.8 ms in 137 steps since start of marking, biggest step 0.3 ms, walltime since start of marking 23 ms) (average mu = 0.998, current mu = 0.998) finalize incremental marking via task GC in old space requested
[53919:0x4e54590]     9966 ms: Mark-sweep (reduce) 18.6 (21.4) -> 18.6 (21.6) MB, 3.0 / 0.0 ms  (+ 14.9 ms in 69 steps since start of marking, biggest step 7.2 ms, walltime since start of marking 19 ms) (average mu = 0.996, current mu = 0.971) finalize incremental marking via task GC in old space requested
[53919:0x4e54590] 259439343 ms: Scavenge 20.1 (21.6) -> 19.5 (21.6) MB, 1.0 / 0.0 ms  (average mu = 0.996, current mu = 0.971) allocation failure
[53919:0x4e54590] 259439604 ms: Scavenge 20.5 (21.9) -> 20.1 (22.4) MB, 1.1 / 0.0 ms  (average mu = 0.996, current mu = 0.971) allocation failure
[53919:0x4e54590] 262957754 ms: Scavenge 21.1 (22.4) -> 20.5 (22.9) MB, 1.3 / 0.0 ms  (average mu = 0.996, current mu = 0.971) allocation failure
[53919:0x4e54590] 262957761 ms: Scavenge 21.3 (22.9) -> 20.6 (22.9) MB, 0.8 / 0.0 ms  (average mu = 0.996, current mu = 0.971) allocation failure
[53919:0x4e54590] 262957770 ms: Scavenge 21.5 (22.9) -> 20.8 (22.9) MB, 1.0 / 0.0 ms  (average mu = 0.996, current mu = 0.971) allocation failure
[53919:0x4e54590] 262957777 ms: Scavenge 21.7 (22.9) -> 21.1 (22.9) MB, 1.2 / 0.0 ms  (average mu = 0.996, current mu = 0.971) allocation failure
[53919:0x4e54590] 262957785 ms: Scavenge 21.9 (22.9) -> 21.3 (23.4) MB, 1.1 / 0.0 ms  (average mu = 0.996, current mu = 0.971) allocation failure
[53919:0x4e54590] 262957793 ms: Scavenge 22.1 (23.4) -> 21.4 (23.4) MB, 0.8 / 0.0 ms  (average mu = 0.996, current mu = 0.971) allocation failure
[53919:0x4e54590] 263298749 ms: Scavenge 22.6 (23.6) -> 22.0 (23.9) MB, 1.4 / 0.0 ms  (average mu = 0.996, current mu = 0.971) task
2023-09-25T10:14:41.443Z [debug] Evaluating isChildTermOf, query url: [https://www.ebi.ac.uk/ols/api/search?q=MONDO%3A0018sdf177&exact=true&groupField=true&allChildrenOf=http%3A%2F%2Fpurl.obolibrary.org%2Fobo%2FCHMO_0000800&ontology=chmo&queryFields=iri]
2023-09-25T10:14:41.530Z [debug] Provided term is not child of [http://purl.obolibrary.org/obo/CHMO_0000800]
debug data/termCode Provided term is not child of [http://purl.obolibrary.org/obo/CHMO_0000800]
[53919:0x4e54590] 284933342 ms: Scavenge 23.0 (23.9) -> 22.3 (24.1) MB, 1.7 / 0.1 ms  (average mu = 0.996, current mu = 0.971) task
[53919:0x4e54590] 284933454 ms: Scavenge 23.2 (24.1) -> 22.5 (24.4) MB, 0.9 / 0.0 ms  (average mu = 0.996, current mu = 0.971) allocation failure
[53919:0x4e54590] 284933461 ms: Scavenge 23.3 (24.4) -> 22.6 (24.4) MB, 0.8 / 0.0 ms  (average mu = 0.996, current mu = 0.971) allocation failure
[53919:0x4e54590] 284933468 ms: Scavenge 23.5 (24.4) -> 22.8 (24.6) MB, 0.6 / 0.0 ms  (average mu = 0.996, current mu = 0.971) task
[53919:0x4e54590] 284933475 ms: Scavenge 23.5 (24.6) -> 22.9 (24.6) MB, 0.6 / 0.0 ms  (average mu = 0.996, current mu = 0.971) task
[53919:0x4e54590] 284933481 ms: Scavenge 23.6 (24.6) -> 22.9 (24.9) MB, 0.6 / 0.0 ms  (average mu = 0.996, current mu = 0.971) task
[53919:0x4e54590] 284933489 ms: Scavenge 23.8 (24.9) -> 23.1 (24.9) MB, 0.6 / 0.0 ms  (average mu = 0.996, current mu = 0.971) task
[53919:0x4e54590] 284933495 ms: Scavenge 24.1 (25.1) -> 23.4 (25.1) MB, 0.7 / 0.0 ms  (average mu = 0.996, current mu = 0.971) task
[53919:0x4e54590] 284933504 ms: Scavenge 24.5 (25.4) -> 23.8 (25.9) MB, 0.8 / 0.0 ms  (average mu = 0.996, current mu = 0.971) allocation failure
[53919:0x4e54590] 284933511 ms: Scavenge 24.6 (25.9) -> 23.9 (25.9) MB, 0.6 / 0.0 ms  (average mu = 0.996, current mu = 0.971) task
[53919:0x4e54590] 284933517 ms: Scavenge 24.7 (25.9) -> 24.0 (25.9) MB, 0.6 / 0.0 ms  (average mu = 0.996, current mu = 0.971) task
[53919:0x4e54590] 284933523 ms: Scavenge 24.9 (25.9) -> 24.2 (27.1) MB, 0.6 / 0.0 ms  (average mu = 0.996, current mu = 0.971) task
[53919:0x4e54590] 284933531 ms: Scavenge 25.0 (27.1) -> 24.2 (29.1) MB, 0.6 / 0.0 ms  (average mu = 0.996, current mu = 0.971) task
[53919:0x4e54590] 284933542 ms: Scavenge 26.0 (29.1) -> 24.7 (29.9) MB, 0.7 / 0.0 ms  (average mu = 0.996, current mu = 0.971) task
[53919:0x4e54590] 284933551 ms: Scavenge 26.2 (29.9) -> 24.9 (29.9) MB, 0.8 / 0.0 ms  (average mu = 0.996, current mu = 0.971) task
[53919:0x4e54590] 284933562 ms: Scavenge 26.6 (29.9) -> 25.2 (29.9) MB, 1.0 / 0.0 ms  (average mu = 0.996, current mu = 0.971) allocation failure
[53919:0x4e54590] 284933571 ms: Scavenge 26.8 (29.9) -> 25.4 (30.1) MB, 0.9 / 0.0 ms  (average mu = 0.996, current mu = 0.971) allocation failure
[53919:0x4e54590] 284933580 ms: Scavenge 27.0 (30.1) -> 25.7 (34.4) MB, 1.1 / 0.0 ms  (average mu = 0.996, current mu = 0.971) task
[53919:0x4e54590] 284933615 ms: Mark-sweep 28.4 (34.4) -> 23.6 (34.6) MB, 5.2 / 0.1 ms  (+ 9.2 ms in 69 steps since start of marking, biggest step 0.2 ms, walltime since start of marking 34 ms) (average mu = 1.000, current mu = 1.000) finalize incremental marking via task GC in old space requested
[53919:0x4e54590] 284933635 ms: Scavenge 27.3 (34.6) -> 24.5 (34.6) MB, 0.8 / 0.0 ms  (average mu = 1.000, current mu = 1.000) task
[53919:0x4e54590] 284933653 ms: Scavenge 27.6 (34.6) -> 24.9 (34.6) MB, 1.7 / 0.0 ms  (average mu = 1.000, current mu = 1.000) task
[53919:0x4e54590] 284933671 ms: Scavenge 28.1 (34.6) -> 25.4 (34.6) MB, 2.0 / 0.0 ms  (average mu = 1.000, current mu = 1.000) task
[53919:0x4e54590] 284933691 ms: Scavenge 28.7 (34.6) -> 25.9 (42.9) MB, 2.3 / 0.0 ms  (average mu = 1.000, current mu = 1.000) task
[53919:0x4e54590] 284933729 ms: Scavenge 32.3 (42.9) -> 27.0 (43.6) MB, 2.3 / 0.0 ms  (average mu = 1.000, current mu = 1.000) task
[53919:0x4e54590] 284933764 ms: Scavenge 32.6 (43.6) -> 27.8 (44.6) MB, 2.6 / 0.0 ms  (average mu = 1.000, current mu = 1.000) task
[53919:0x4e54590] 284933795 ms: Scavenge 33.3 (44.6) -> 28.6 (45.4) MB, 2.3 / 0.0 ms  (average mu = 1.000, current mu = 1.000) task
[53919:0x4e54590] 284933834 ms: Mark-sweep 31.3 (45.4) -> 28.2 (46.6) MB, 13.2 / 0.0 ms  (+ 8.3 ms in 69 steps since start of marking, biggest step 0.3 ms, walltime since start of marking 39 ms) (average mu = 1.000, current mu = 0.903) finalize incremental marking via task GC in old space requested
[53919:0x4e54590] 284933871 ms: Scavenge 35.0 (46.9) -> 29.7 (46.9) MB, 1.5 / 0.0 ms  (average mu = 1.000, current mu = 0.903) task
[53919:0x4e54590] 284933904 ms: Scavenge 35.2 (46.9) -> 30.5 (63.1) MB, 3.8 / 0.0 ms  (average mu = 1.000, current mu = 0.903) task
[53919:0x4e54590] 284933947 ms: Mark-sweep 32.9 (63.1) -> 30.3 (64.4) MB, 18.6 / 0.0 ms  (+ 8.0 ms in 64 steps since start of marking, biggest step 0.3 ms, walltime since start of marking 43 ms) (average mu = 1.000, current mu = 0.766) finalize incremental marking via task GC in old space requested
[53919:0x4e54590] 284934028 ms: Scavenge 43.4 (64.4) -> 32.8 (64.4) MB, 3.1 / 0.0 ms  (average mu = 1.000, current mu = 0.766) task
[53919:0x4e54590] 284934095 ms: Scavenge 43.4 (64.4) -> 34.4 (66.1) MB, 5.6 / 0.0 ms  (average mu = 1.000, current mu = 0.766) task
[53919:0x4e54590] 284934161 ms: Scavenge 45.9 (66.1) -> 36.2 (68.1) MB, 5.2 / 0.0 ms  (average mu = 1.000, current mu = 0.766) task
[53919:0x4e54590] 284934226 ms: Scavenge 47.5 (68.1) -> 37.9 (69.6) MB, 5.2 / 0.0 ms  (average mu = 1.000, current mu = 0.766) task
[53919:0x4e54590] 284934283 ms: Scavenge 49.3 (69.9) -> 40.0 (72.6) MB, 5.7 / 0.0 ms  (average mu = 1.000, current mu = 0.766) task
[53919:0x4e54590] 284934345 ms: Scavenge 51.2 (72.6) -> 41.6 (73.6) MB, 5.0 / 0.0 ms  (average mu = 1.000, current mu = 0.766) task
[53919:0x4e54590] 284934401 ms: Scavenge 52.9 (73.6) -> 43.3 (75.1) MB, 4.9 / 0.0 ms  (average mu = 1.000, current mu = 0.766) task
[53919:0x4e54590] 284934457 ms: Scavenge 54.4 (75.1) -> 45.0 (76.9) MB, 5.5 / 0.0 ms  (average mu = 1.000, current mu = 0.766) task
[53919:0x4e54590] 284934518 ms: Scavenge 56.7 (76.9) -> 46.9 (78.6) MB, 6.0 / 0.0 ms  (average mu = 1.000, current mu = 0.766) task
[53919:0x4e54590] 284934571 ms: Scavenge 57.9 (78.6) -> 48.6 (81.1) MB, 5.8 / 0.0 ms  (average mu = 1.000, current mu = 0.766) task
[53919:0x4e54590] 284934635 ms: Scavenge 60.1 (81.1) -> 50.3 (82.1) MB, 5.8 / 0.0 ms  (average mu = 1.000, current mu = 0.766) task
[53919:0x4e54590] 284934689 ms: Scavenge 61.4 (82.1) -> 52.0 (84.1) MB, 4.7 / 0.0 ms  (average mu = 1.000, current mu = 0.766) task
[53919:0x4e54590] 284934745 ms: Scavenge 63.3 (84.1) -> 53.9 (86.6) MB, 5.2 / 0.0 ms  (average mu = 1.000, current mu = 0.766) task
[53919:0x4e54590] 284934797 ms: Scavenge 65.1 (86.6) -> 55.6 (87.6) MB, 4.3 / 0.0 ms  (average mu = 1.000, current mu = 0.766) task
[53919:0x4e54590] 284934849 ms: Scavenge 67.1 (88.1) -> 57.6 (89.6) MB, 3.9 / 0.0 ms  (average mu = 1.000, current mu = 0.766) task
[53919:0x4e54590] 284934904 ms: Scavenge 68.9 (89.6) -> 59.4 (91.8) MB, 4.6 / 0.0 ms  (average mu = 1.000, current mu = 0.766) task
[53919:0x4e54590] 284934956 ms: Scavenge 70.6 (91.8) -> 61.1 (93.8) MB, 4.4 / 0.0 ms  (average mu = 1.000, current mu = 0.766) task
[53919:0x4e54590] 284935005 ms: Scavenge 72.3 (93.8) -> 63.0 (95.3) MB, 3.8 / 0.0 ms  (average mu = 1.000, current mu = 0.766) task
[53919:0x4e54590] 284935055 ms: Scavenge 74.0 (95.3) -> 64.6 (96.8) MB, 3.9 / 0.0 ms  (average mu = 1.000, current mu = 0.766) task
[53919:0x4e54590] 284935108 ms: Scavenge 75.9 (96.8) -> 66.4 (99.1) MB, 3.8 / 0.0 ms  (average mu = 1.000, current mu = 0.766) task
[53919:0x4e54590] 284935158 ms: Scavenge 77.8 (99.1) -> 68.2 (100.6) MB, 3.9 / 0.0 ms  (average mu = 1.000, current mu = 0.766) task
[53919:0x4e54590] 284935211 ms: Scavenge 79.4 (100.6) -> 69.9 (102.1) MB, 4.5 / 0.0 ms  (average mu = 1.000, current mu = 0.766) task
[53919:0x4e54590] 284935262 ms: Scavenge 81.1 (102.1) -> 71.6 (104.1) MB, 3.9 / 0.0 ms  (average mu = 1.000, current mu = 0.766) task
[53919:0x4e54590] 284935313 ms: Scavenge 82.7 (104.1) -> 73.3 (105.6) MB, 4.4 / 0.0 ms  (average mu = 1.000, current mu = 0.766) task
[53919:0x4e54590] 284935361 ms: Scavenge 84.5 (105.6) -> 75.2 (107.8) MB, 4.5 / 0.0 ms  (average mu = 1.000, current mu = 0.766) task
[53919:0x4e54590] 284935412 ms: Scavenge 86.4 (107.8) -> 76.8 (109.1) MB, 4.1 / 0.0 ms  (average mu = 1.000, current mu = 0.766) task
[53919:0x4e54590] 284935467 ms: Scavenge 88.3 (109.1) -> 78.6 (111.1) MB, 4.7 / 0.0 ms  (average mu = 1.000, current mu = 0.766) task
[53919:0x4e54590] 284935517 ms: Scavenge 89.8 (111.1) -> 80.3 (112.6) MB, 4.4 / 0.0 ms  (average mu = 1.000, current mu = 0.766) task
[53919:0x4e54590] 284935568 ms: Scavenge 91.4 (112.6) -> 82.1 (114.8) MB, 5.4 / 0.0 ms  (average mu = 1.000, current mu = 0.766) task
[53919:0x4e54590] 284935615 ms: Scavenge 93.2 (114.8) -> 83.8 (116.3) MB, 3.7 / 0.0 ms  (average mu = 1.000, current mu = 0.766) task
[53919:0x4e54590] 284935666 ms: Scavenge 95.2 (116.3) -> 85.7 (118.3) MB, 4.5 / 0.0 ms  (average mu = 1.000, current mu = 0.766) task
[53919:0x4e54590] 284935717 ms: Scavenge 97.0 (118.3) -> 87.4 (119.8) MB, 4.1 / 0.0 ms  (average mu = 1.000, current mu = 0.766) task
[53919:0x4e54590] 284935767 ms: Scavenge 98.5 (119.8) -> 89.1 (121.8) MB, 4.2 / 0.0 ms  (average mu = 1.000, current mu = 0.766) task
[53919:0x4e54590] 284935819 ms: Scavenge 100.1 (121.8) -> 90.8 (123.1) MB, 4.7 / 0.0 ms  (average mu = 1.000, current mu = 0.766) task
[53919:0x4e54590] 284935870 ms: Scavenge 102.7 (124.0) -> 93.3 (126.2) MB, 4.8 / 0.0 ms  (average mu = 1.000, current mu = 0.766) task
[53919:0x4e54590] 284935924 ms: Scavenge 105.2 (126.5) -> 95.5 (128.2) MB, 4.9 / 0.0 ms  (average mu = 1.000, current mu = 0.766) task
[53919:0x4e54590] 284935972 ms: Scavenge 106.5 (128.2) -> 97.1 (130.0) MB, 4.1 / 0.0 ms  (average mu = 1.000, current mu = 0.766) task
[53919:0x4e54590] 284936021 ms: Scavenge 108.1 (130.0) -> 98.8 (131.5) MB, 4.3 / 0.0 ms  (average mu = 1.000, current mu = 0.766) task
[53919:0x4e54590] 284936070 ms: Scavenge 109.9 (131.5) -> 100.5 (133.2) MB, 4.1 / 0.0 ms  (average mu = 1.000, current mu = 0.766) task
[53919:0x4e54590] 284936120 ms: Scavenge 111.6 (133.2) -> 102.2 (135.0) MB, 4.4 / 0.0 ms  (average mu = 1.000, current mu = 0.766) task
[53919:0x4e54590] 284936178 ms: Scavenge 113.2 (135.0) -> 103.9 (136.5) MB, 5.1 / 0.0 ms  (average mu = 1.000, current mu = 0.766) task
[53919:0x4e54590] 284936228 ms: Scavenge 115.0 (136.5) -> 105.7 (138.7) MB, 5.1 / 0.0 ms  (average mu = 1.000, current mu = 0.766) task
[53919:0x4e54590] 284936277 ms: Scavenge 116.7 (138.7) -> 107.4 (140.2) MB, 4.3 / 0.0 ms  (average mu = 1.000, current mu = 0.766) task
[53919:0x4e54590] 284936328 ms: Scavenge 118.4 (140.2) -> 109.1 (141.7) MB, 4.5 / 0.0 ms  (average mu = 1.000, current mu = 0.766) task
[53919:0x4e54590] 284936379 ms: Scavenge 120.2 (141.7) -> 110.9 (143.5) MB, 4.2 / 0.0 ms  (average mu = 1.000, current mu = 0.766) task
[53919:0x4e54590] 284936427 ms: Scavenge 121.9 (143.5) -> 112.6 (146.0) MB, 5.7 / 0.0 ms  (average mu = 1.000, current mu = 0.766) task
[53919:0x4e54590] 284936474 ms: Scavenge 123.8 (146.0) -> 114.4 (147.2) MB, 3.9 / 0.0 ms  (average mu = 1.000, current mu = 0.766) task
[53919:0x4e54590] 284936522 ms: Scavenge 125.5 (147.2) -> 116.1 (149.2) MB, 5.0 / 0.0 ms  (average mu = 1.000, current mu = 0.766) task
[53919:0x4e54590] 284936570 ms: Scavenge 127.1 (149.2) -> 117.7 (150.5) MB, 4.7 / 0.0 ms  (average mu = 1.000, current mu = 0.766) task
[53919:0x4e54590] 284936619 ms: Scavenge 128.7 (150.5) -> 119.4 (152.5) MB, 4.6 / 0.0 ms  (average mu = 1.000, current mu = 0.766) task
[53919:0x4e54590] 284936667 ms: Scavenge 130.6 (152.5) -> 121.2 (154.2) MB, 4.4 / 0.0 ms  (average mu = 1.000, current mu = 0.766) task
[53919:0x4e54590] 284936719 ms: Scavenge 132.2 (154.2) -> 122.9 (155.7) MB, 4.7 / 0.0 ms  (average mu = 1.000, current mu = 0.766) task
[53919:0x4e54590] 284936769 ms: Scavenge 133.9 (155.7) -> 124.6 (157.7) MB, 5.1 / 0.0 ms  (average mu = 1.000, current mu = 0.766) task
[53919:0x4e54590] 284936961 ms: Mark-sweep 128.7 (157.7) -> 122.3 (159.8) MB, 153.5 / 0.0 ms  (+ 13.8 ms in 107 steps since start of marking, biggest step 0.3 ms, walltime since start of marking 191 ms) (average mu = 1.000, current mu = 0.945) finalize incremental marking via task GC in old space requested
[53919:0x4e54590] 284937036 ms: Scavenge 135.8 (160.3) -> 125.1 (160.3) MB, 3.2 / 0.0 ms  (average mu = 1.000, current mu = 0.945) task
[53919:0x4e54590] 284937086 ms: Scavenge 136.1 (160.3) -> 126.7 (161.0) MB, 4.8 / 0.0 ms  (average mu = 1.000, current mu = 0.945) task
[53919:0x4e54590] 284937134 ms: Scavenge 138.0 (161.0) -> 128.6 (163.3) MB, 4.4 / 0.0 ms  (average mu = 1.000, current mu = 0.945) task
[53919:0x4e54590] 284937181 ms: Scavenge 139.6 (163.3) -> 130.3 (164.8) MB, 4.0 / 0.0 ms  (average mu = 1.000, current mu = 0.945) task
[53919:0x4e54590] 284937228 ms: Scavenge 141.3 (164.8) -> 132.0 (166.0) MB, 4.2 / 0.0 ms  (average mu = 1.000, current mu = 0.945) task
[53919:0x4e54590] 284937275 ms: Scavenge 143.0 (166.0) -> 133.6 (167.5) MB, 3.7 / 0.0 ms  (average mu = 1.000, current mu = 0.945) task
[53919:0x4e54590] 284937323 ms: Scavenge 144.6 (167.5) -> 135.3 (169.3) MB, 5.0 / 0.0 ms  (average mu = 1.000, current mu = 0.945) task
[53919:0x4e54590] 284937372 ms: Scavenge 146.4 (169.3) -> 137.0 (171.3) MB, 4.8 / 0.0 ms  (average mu = 1.000, current mu = 0.945) task
[53919:0x4e54590] 284937420 ms: Scavenge 148.2 (171.3) -> 138.8 (173.0) MB, 5.5 / 0.0 ms  (average mu = 1.000, current mu = 0.945) task
[53919:0x4e54590] 284937468 ms: Scavenge 149.8 (173.0) -> 140.5 (174.5) MB, 4.2 / 0.0 ms  (average mu = 1.000, current mu = 0.945) task
[53919:0x4e54590] 284937517 ms: Scavenge 151.5 (174.5) -> 142.2 (176.0) MB, 4.7 / 0.0 ms  (average mu = 1.000, current mu = 0.945) task
[53919:0x4e54590] 284937565 ms: Scavenge 153.2 (176.0) -> 143.8 (177.5) MB, 4.2 / 0.0 ms  (average mu = 1.000, current mu = 0.945) task
[53919:0x4e54590] 284937612 ms: Scavenge 154.9 (177.5) -> 145.5 (179.5) MB, 4.8 / 0.0 ms  (average mu = 1.000, current mu = 0.945) task
[53919:0x4e54590] 284937660 ms: Scavenge 156.8 (179.5) -> 147.4 (181.0) MB, 4.1 / 0.0 ms  (average mu = 1.000, current mu = 0.945) task
[53919:0x4e54590] 284937706 ms: Scavenge 158.4 (181.0) -> 149.1 (182.8) MB, 3.8 / 0.0 ms  (average mu = 1.000, current mu = 0.945) task
[53919:0x4e54590] 284937755 ms: Scavenge 160.2 (183.0) -> 150.9 (184.5) MB, 4.1 / 0.0 ms  (average mu = 1.000, current mu = 0.945) task
[53919:0x4e54590] 284937802 ms: Scavenge 161.9 (184.5) -> 152.6 (186.2) MB, 4.4 / 0.0 ms  (average mu = 1.000, current mu = 0.945) task
[53919:0x4e54590] 284937849 ms: Scavenge 163.6 (186.2) -> 154.2 (188.2) MB, 4.0 / 0.0 ms  (average mu = 1.000, current mu = 0.945) task
[53919:0x4e54590] 284937896 ms: Scavenge 165.7 (188.5) -> 156.4 (190.2) MB, 5.1 / 0.0 ms  (average mu = 1.000, current mu = 0.945) task
[53919:0x4e54590] 284937944 ms: Scavenge 167.4 (190.2) -> 158.0 (191.7) MB, 4.8 / 0.0 ms  (average mu = 1.000, current mu = 0.945) task
[53919:0x4e54590] 284937994 ms: Scavenge 169.0 (191.7) -> 159.7 (193.5) MB, 4.6 / 0.0 ms  (average mu = 1.000, current mu = 0.945) task
[53919:0x4e54590] 284938042 ms: Scavenge 170.7 (193.5) -> 161.4 (195.2) MB, 6.0 / 0.0 ms  (average mu = 1.000, current mu = 0.945) task
[53919:0x4e54590] 284938091 ms: Scavenge 174.2 (197.0) -> 164.8 (198.7) MB, 4.3 / 0.0 ms  (average mu = 1.000, current mu = 0.945) task
[53919:0x4e54590] 284938138 ms: Scavenge 175.8 (198.7) -> 166.5 (200.7) MB, 3.9 / 0.0 ms  (average mu = 1.000, current mu = 0.945) task
[53919:0x4e54590] 284938190 ms: Scavenge 177.9 (200.7) -> 168.4 (202.5) MB, 4.7 / 0.0 ms  (average mu = 1.000, current mu = 0.945) task
[53919:0x4e54590] 284938239 ms: Scavenge 179.5 (202.5) -> 170.0 (204.2) MB, 4.6 / 0.0 ms  (average mu = 1.000, current mu = 0.945) task
[53919:0x4e54590] 284938286 ms: Scavenge 181.0 (204.2) -> 171.7 (205.7) MB, 3.8 / 0.0 ms  (average mu = 1.000, current mu = 0.945) task
[53919:0x4e54590] 284938333 ms: Scavenge 182.8 (205.7) -> 173.5 (207.7) MB, 4.6 / 0.0 ms  (average mu = 1.000, current mu = 0.945) task
[53919:0x4e54590] 284938382 ms: Scavenge 184.5 (207.7) -> 175.1 (209.2) MB, 3.7 / 0.0 ms  (average mu = 1.000, current mu = 0.945) task
[53919:0x4e54590] 284938430 ms: Scavenge 186.2 (209.2) -> 176.9 (211.2) MB, 5.2 / 0.0 ms  (average mu = 1.000, current mu = 0.945) task
[53919:0x4e54590] 284938478 ms: Scavenge 188.0 (211.2) -> 178.6 (212.7) MB, 4.3 / 0.0 ms  (average mu = 1.000, current mu = 0.945) task
[53919:0x4e54590] 284938525 ms: Scavenge 189.5 (212.7) -> 180.2 (214.5) MB, 4.3 / 0.0 ms  (average mu = 1.000, current mu = 0.945) task
[53919:0x4e54590] 284938575 ms: Scavenge 191.5 (214.5) -> 182.1 (216.2) MB, 5.2 / 0.0 ms  (average mu = 1.000, current mu = 0.945) task
[53919:0x4e54590] 284938623 ms: Scavenge 193.1 (216.2) -> 183.7 (218.0) MB, 4.4 / 0.0 ms  (average mu = 1.000, current mu = 0.945) task
[53919:0x4e54590] 284938671 ms: Scavenge 194.7 (218.0) -> 185.4 (219.7) MB, 4.2 / 0.0 ms  (average mu = 1.000, current mu = 0.945) task
[53919:0x4e54590] 284938719 ms: Scavenge 196.4 (219.7) -> 187.0 (221.5) MB, 4.5 / 0.0 ms  (average mu = 1.000, current mu = 0.945) task
[53919:0x4e54590] 284938767 ms: Scavenge 198.4 (221.7) -> 189.1 (223.5) MB, 4.5 / 0.0 ms  (average mu = 1.000, current mu = 0.945) task
[53919:0x4e54590] 284938815 ms: Scavenge 200.2 (223.5) -> 190.7 (225.2) MB, 4.1 / 0.0 ms  (average mu = 1.000, current mu = 0.945) task
[53919:0x4e54590] 284938862 ms: Scavenge 201.8 (225.2) -> 192.5 (226.7) MB, 4.3 / 0.0 ms  (average mu = 1.000, current mu = 0.945) task
[53919:0x4e54590] 284938911 ms: Scavenge 203.5 (226.7) -> 194.1 (228.5) MB, 5.4 / 0.0 ms  (average mu = 1.000, current mu = 0.945) task
[53919:0x4e54590] 284938961 ms: Scavenge 205.3 (228.5) -> 196.0 (230.5) MB, 6.0 / 0.0 ms  (average mu = 1.000, current mu = 0.945) task
[53919:0x4e54590] 284939010 ms: Scavenge 207.0 (230.5) -> 197.6 (232.2) MB, 4.9 / 0.0 ms  (average mu = 1.000, current mu = 0.945) task
[53919:0x4e54590] 284939059 ms: Scavenge 208.8 (232.2) -> 199.4 (234.2) MB, 4.7 / 0.0 ms  (average mu = 1.000, current mu = 0.945) task
[53919:0x4e54590] 284939107 ms: Scavenge 210.5 (234.2) -> 201.1 (235.5) MB, 4.3 / 0.0 ms  (average mu = 1.000, current mu = 0.945) task
[53919:0x4e54590] 284939155 ms: Scavenge 212.1 (235.5) -> 202.7 (237.2) MB, 4.1 / 0.0 ms  (average mu = 1.000, current mu = 0.945) task
[53919:0x4e54590] 284939203 ms: Scavenge 213.8 (237.2) -> 204.5 (239.5) MB, 4.9 / 0.0 ms  (average mu = 1.000, current mu = 0.945) task
[53919:0x4e54590] 284939251 ms: Scavenge 215.6 (239.5) -> 206.3 (240.7) MB, 3.9 / 0.0 ms  (average mu = 1.000, current mu = 0.945) task
[53919:0x4e54590] 284939298 ms: Scavenge 217.3 (240.7) -> 208.0 (243.2) MB, 4.4 / 0.0 ms  (average mu = 1.000, current mu = 0.945) task
[53919:0x4e54590] 284939347 ms: Scavenge 218.9 (243.2) -> 209.6 (244.2) MB, 4.4 / 0.0 ms  (average mu = 1.000, current mu = 0.945) task
[53919:0x4e54590] 284939395 ms: Scavenge 220.6 (244.2) -> 211.3 (246.0) MB, 3.9 / 0.0 ms  (average mu = 1.000, current mu = 0.945) task
[53919:0x4e54590] 284939443 ms: Scavenge 222.3 (246.0) -> 213.0 (248.0) MB, 4.6 / 0.0 ms  (average mu = 1.000, current mu = 0.945) task
[53919:0x4e54590] 284939492 ms: Scavenge 224.3 (248.0) -> 214.9 (249.5) MB, 5.5 / 0.0 ms  (average mu = 1.000, current mu = 0.945) task
[53919:0x4e54590] 284939541 ms: Scavenge 225.9 (249.5) -> 216.6 (251.2) MB, 4.8 / 0.0 ms  (average mu = 1.000, current mu = 0.945) task
[53919:0x4e54590] 284939592 ms: Scavenge 228.0 (251.5) -> 218.5 (253.5) MB, 5.6 / 0.0 ms  (average mu = 1.000, current mu = 0.945) task
[53919:0x4e54590] 284939640 ms: Scavenge 229.8 (253.7) -> 220.4 (255.2) MB, 4.6 / 0.0 ms  (average mu = 1.000, current mu = 0.945) task
[53919:0x4e54590] 284939687 ms: Scavenge 231.4 (255.2) -> 222.1 (256.7) MB, 3.9 / 0.0 ms  (average mu = 1.000, current mu = 0.945) task
[53919:0x4e54590] 284939740 ms: Scavenge 233.2 (256.7) -> 223.9 (259.0) MB, 5.8 / 0.0 ms  (average mu = 1.000, current mu = 0.945) task
[53919:0x4e54590] 284939788 ms: Scavenge 235.0 (259.0) -> 225.5 (260.7) MB, 4.9 / 0.0 ms  (average mu = 1.000, current mu = 0.945) task
[53919:0x4e54590] 284939834 ms: Scavenge 236.6 (260.7) -> 227.2 (262.0) MB, 4.0 / 0.0 ms  (average mu = 1.000, current mu = 0.945) task
[53919:0x4e54590] 284939880 ms: Scavenge 238.2 (262.0) -> 228.9 (264.2) MB, 4.4 / 0.0 ms  (average mu = 1.000, current mu = 0.945) task
[53919:0x4e54590] 284939926 ms: Scavenge 240.2 (264.2) -> 230.8 (265.5) MB, 3.9 / 0.0 ms  (average mu = 1.000, current mu = 0.945) task
[53919:0x4e54590] 284939971 ms: Scavenge 241.7 (265.5) -> 232.4 (267.5) MB, 4.1 / 0.0 ms  (average mu = 1.000, current mu = 0.945) task
[53919:0x4e54590] 284940018 ms: Scavenge 243.4 (267.5) -> 234.1 (269.0) MB, 4.3 / 0.0 ms  (average mu = 1.000, current mu = 0.945) task
[53919:0x4e54590] 284940065 ms: Scavenge 245.1 (269.0) -> 235.7 (271.0) MB, 4.3 / 0.0 ms  (average mu = 1.000, current mu = 0.945) task
[53919:0x4e54590] 284940111 ms: Scavenge 246.9 (271.0) -> 237.5 (272.5) MB, 3.8 / 0.0 ms  (average mu = 1.000, current mu = 0.945) task
[53919:0x4e54590] 284940162 ms: Scavenge 248.5 (272.5) -> 239.2 (274.5) MB, 5.3 / 0.0 ms  (average mu = 1.000, current mu = 0.945) task
[53919:0x4e54590] 284940209 ms: Scavenge 250.2 (274.5) -> 240.9 (275.7) MB, 4.1 / 0.0 ms  (average mu = 1.000, current mu = 0.945) task
[53919:0x4e54590] 284940256 ms: Scavenge 252.1 (276.0) -> 242.8 (278.5) MB, 5.0 / 0.0 ms  (average mu = 1.000, current mu = 0.945) task
[53919:0x4e54590] 284940303 ms: Scavenge 253.9 (278.5) -> 244.4 (279.5) MB, 4.6 / 0.0 ms  (average mu = 1.000, current mu = 0.945) task
[53919:0x4e54590] 284940352 ms: Scavenge 255.4 (279.5) -> 246.1 (281.5) MB, 5.3 / 0.0 ms  (average mu = 1.000, current mu = 0.945) task
[53919:0x4e54590] 284940398 ms: Scavenge 257.2 (281.5) -> 247.8 (283.0) MB, 4.5 / 0.0 ms  (average mu = 1.000, current mu = 0.945) task
[53919:0x4e54590] 284940444 ms: Scavenge 258.8 (283.0) -> 249.4 (284.7) MB, 4.4 / 0.0 ms  (average mu = 1.000, current mu = 0.945) task
[53919:0x4e54590] 284940490 ms: Scavenge 260.9 (285.0) -> 251.5 (286.7) MB, 4.5 / 0.0 ms  (average mu = 1.000, current mu = 0.945) task
[53919:0x4e54590] 284940535 ms: Scavenge 262.5 (286.7) -> 253.2 (288.5) MB, 3.8 / 0.0 ms  (average mu = 1.000, current mu = 0.945) task
[53919:0x4e54590] 284940582 ms: Scavenge 264.2 (288.5) -> 254.9 (290.2) MB, 4.7 / 0.0 ms  (average mu = 1.000, current mu = 0.945) task
[53919:0x4e54590] 284940627 ms: Scavenge 265.9 (290.2) -> 256.5 (291.7) MB, 4.1 / 0.0 ms  (average mu = 1.000, current mu = 0.945) task
[53919:0x4e54590] 284940674 ms: Scavenge 267.6 (291.7) -> 258.3 (294.0) MB, 5.0 / 0.0 ms  (average mu = 1.000, current mu = 0.945) task
[53919:0x4e54590] 284940721 ms: Scavenge 269.3 (294.0) -> 260.0 (295.5) MB, 4.0 / 0.0 ms  (average mu = 1.000, current mu = 0.945) task
[53919:0x4e54590] 284940769 ms: Scavenge 271.2 (295.5) -> 261.9 (297.7) MB, 4.7 / 0.0 ms  (average mu = 1.000, current mu = 0.945) task
[53919:0x4e54590] 284940817 ms: Scavenge 272.9 (297.7) -> 263.5 (299.2) MB, 5.2 / 0.0 ms  (average mu = 1.000, current mu = 0.945) task
[53919:0x4e54590] 284940864 ms: Scavenge 274.5 (299.2) -> 265.1 (300.5) MB, 4.2 / 0.0 ms  (average mu = 1.000, current mu = 0.945) task
[53919:0x4e54590] 284940912 ms: Scavenge 276.1 (300.5) -> 266.8 (302.5) MB, 4.7 / 0.0 ms  (average mu = 1.000, current mu = 0.945) task
[53919:0x4e54590] 284940961 ms: Scavenge 278.0 (302.5) -> 268.7 (304.5) MB, 5.8 / 0.0 ms  (average mu = 1.000, current mu = 0.945) task
[53919:0x4e54590] 284941010 ms: Scavenge 279.7 (304.5) -> 270.3 (306.0) MB, 4.7 / 0.0 ms  (average mu = 1.000, current mu = 0.945) task
[53919:0x4e54590] 284941059 ms: Scavenge 281.3 (306.0) -> 272.0 (308.0) MB, 5.4 / 0.0 ms  (average mu = 1.000, current mu = 0.945) task
[53919:0x4e54590] 284941110 ms: Scavenge 283.1 (308.0) -> 273.7 (309.2) MB, 4.4 / 0.0 ms  (average mu = 1.000, current mu = 0.945) task
[53919:0x4e54590] 284941158 ms: Scavenge 284.7 (309.2) -> 275.4 (311.5) MB, 5.6 / 0.0 ms  (average mu = 1.000, current mu = 0.945) task
[53919:0x4e54590] 284941205 ms: Scavenge 286.5 (311.5) -> 277.1 (313.2) MB, 5.5 / 0.0 ms  (average mu = 1.000, current mu = 0.945) task
[53919:0x4e54590] 284941251 ms: Scavenge 288.2 (313.2) -> 278.8 (314.5) MB, 3.9 / 0.0 ms  (average mu = 1.000, current mu = 0.945) task
[53919:0x4e54590] 284941299 ms: Scavenge 290.1 (314.7) -> 280.7 (316.5) MB, 4.4 / 0.0 ms  (average mu = 1.000, current mu = 0.945) task
[53919:0x4e54590] 284941349 ms: Scavenge 292.0 (316.5) -> 282.6 (318.7) MB, 5.5 / 0.0 ms  (average mu = 1.000, current mu = 0.945) task
[53919:0x4e54590] 284941396 ms: Scavenge 293.6 (318.7) -> 284.2 (320.0) MB, 5.0 / 0.0 ms  (average mu = 1.000, current mu = 0.945) task
[53919:0x4e54590] 284941443 ms: Scavenge 295.3 (320.0) -> 285.9 (321.7) MB, 3.9 / 0.0 ms  (average mu = 1.000, current mu = 0.945) task
[53919:0x4e54590] 284941490 ms: Scavenge 296.9 (321.7) -> 287.6 (323.2) MB, 4.4 / 0.0 ms  (average mu = 1.000, current mu = 0.945) task
[53919:0x4e54590] 284941537 ms: Scavenge 298.7 (323.2) -> 289.3 (325.7) MB, 5.1 / 0.0 ms  (average mu = 1.000, current mu = 0.945) task
[53919:0x4e54590] 284941584 ms: Scavenge 300.5 (325.7) -> 291.1 (327.2) MB, 4.6 / 0.0 ms  (average mu = 1.000, current mu = 0.945) task
[53919:0x4e54590] 284941631 ms: Scavenge 302.2 (327.2) -> 292.8 (328.7) MB, 4.2 / 0.0 ms  (average mu = 1.000, current mu = 0.945) task
[53919:0x4e54590] 284941676 ms: Scavenge 303.8 (328.7) -> 294.5 (330.2) MB, 4.2 / 0.0 ms  (average mu = 1.000, current mu = 0.945) task
[53919:0x4e54590] 284941724 ms: Scavenge 305.5 (330.2) -> 296.2 (332.7) MB, 5.7 / 0.0 ms  (average mu = 1.000, current mu = 0.945) task
[53919:0x4e54590] 284941771 ms: Scavenge 307.4 (332.7) -> 298.0 (334.5) MB, 5.1 / 0.0 ms  (average mu = 1.000, current mu = 0.945) task
[53919:0x4e54590] 284941818 ms: Scavenge 309.1 (334.5) -> 299.7 (336.0) MB, 5.5 / 0.0 ms  (average mu = 1.000, current mu = 0.945) task
[53919:0x4e54590] 284941865 ms: Scavenge 310.6 (336.0) -> 301.3 (337.7) MB, 4.7 / 0.0 ms  (average mu = 1.000, current mu = 0.945) task
[53919:0x4e54590] 284941913 ms: Scavenge 312.3 (337.7) -> 303.0 (339.2) MB, 4.6 / 0.0 ms  (average mu = 1.000, current mu = 0.945) task
[53919:0x4e54590] 284941961 ms: Scavenge 314.2 (339.2) -> 304.9 (341.2) MB, 5.8 / 0.0 ms  (average mu = 1.000, current mu = 0.945) task
[53919:0x4e54590] 284942016 ms: Scavenge 319.4 (344.8) -> 310.0 (346.2) MB, 4.6 / 0.0 ms  (average mu = 1.000, current mu = 0.945) task
[53919:0x4e54590] 284942064 ms: Scavenge 321.0 (346.2) -> 311.7 (348.0) MB, 5.1 / 0.0 ms  (average mu = 1.000, current mu = 0.945) task
[53919:0x4e54590] 284942112 ms: Scavenge 322.7 (348.0) -> 313.3 (349.5) MB, 4.7 / 0.0 ms  (average mu = 1.000, current mu = 0.945) task
[53919:0x4e54590] 284942159 ms: Scavenge 324.6 (349.8) -> 315.2 (351.5) MB, 4.7 / 0.0 ms  (average mu = 1.000, current mu = 0.945) task
[53919:0x4e54590] 284942207 ms: Scavenge 326.4 (351.5) -> 317.0 (354.0) MB, 5.5 / 0.0 ms  (average mu = 1.000, current mu = 0.945) task
[53919:0x4e54590] 284942257 ms: Scavenge 328.2 (354.0) -> 318.9 (355.2) MB, 4.7 / 0.0 ms  (average mu = 1.000, current mu = 0.945) task
[53919:0x4e54590] 284942306 ms: Scavenge 330.3 (355.6) -> 320.9 (357.4) MB, 4.7 / 0.0 ms  (average mu = 1.000, current mu = 0.945) task
[53919:0x4e54590] 284942355 ms: Scavenge 331.9 (357.4) -> 322.6 (358.9) MB, 5.0 / 0.0 ms  (average mu = 1.000, current mu = 0.945) task
[53919:0x4e54590] 284942403 ms: Scavenge 333.6 (358.9) -> 324.2 (360.9) MB, 4.5 / 0.0 ms  (average mu = 1.000, current mu = 0.945) task
[53919:0x4e54590] 284942451 ms: Scavenge 335.2 (360.9) -> 325.9 (362.1) MB, 5.2 / 0.0 ms  (average mu = 1.000, current mu = 0.945) task
[53919:0x4e54590] 284942502 ms: Scavenge 337.2 (362.4) -> 327.9 (364.6) MB, 6.3 / 0.0 ms  (average mu = 1.000, current mu = 0.945) task
[53919:0x4e54590] 284942550 ms: Scavenge 338.9 (364.6) -> 329.5 (366.1) MB, 4.7 / 0.0 ms  (average mu = 1.000, current mu = 0.945) task
[53919:0x4e54590] 284942598 ms: Scavenge 340.5 (366.1) -> 331.2 (367.6) MB, 4.8 / 0.0 ms  (average mu = 1.000, current mu = 0.945) task
[53919:0x4e54590] 284942646 ms: Scavenge 342.2 (367.6) -> 332.8 (369.4) MB, 4.6 / 0.0 ms  (average mu = 1.000, current mu = 0.945) task
[53919:0x4e54590] 284942693 ms: Scavenge 343.9 (369.4) -> 334.5 (370.9) MB, 4.7 / 0.0 ms  (average mu = 1.000, current mu = 0.945) task
[53919:0x4e54590] 284942743 ms: Scavenge 345.6 (370.9) -> 336.3 (372.9) MB, 5.3 / 0.0 ms  (average mu = 1.000, current mu = 0.945) task
[53919:0x4e54590] 284942791 ms: Scavenge 347.3 (372.9) -> 337.9 (374.6) MB, 4.9 / 0.0 ms  (average mu = 1.000, current mu = 0.945) task
[53919:0x4e54590] 284942840 ms: Scavenge 349.0 (374.6) -> 339.6 (376.1) MB, 5.1 / 0.0 ms  (average mu = 1.000, current mu = 0.945) task
[53919:0x4e54590] 284942893 ms: Scavenge 350.7 (376.1) -> 341.4 (378.6) MB, 6.8 / 0.0 ms  (average mu = 1.000, current mu = 0.945) task
[53919:0x4e54590] 284942942 ms: Scavenge 352.4 (378.6) -> 343.0 (379.9) MB, 5.0 / 0.0 ms  (average mu = 1.000, current mu = 0.945) task
[53919:0x4e54590] 284942990 ms: Scavenge 354.3 (379.9) -> 345.0 (382.1) MB, 5.9 / 0.0 ms  (average mu = 1.000, current mu = 0.945) task
[53919:0x4e54590] 284943041 ms: Scavenge 356.2 (382.4) -> 346.8 (383.6) MB, 6.8 / 0.0 ms  (average mu = 1.000, current mu = 0.945) task
[53919:0x4e54590] 284943093 ms: Scavenge 357.9 (383.6) -> 348.5 (385.1) MB, 6.3 / 0.0 ms  (average mu = 1.000, current mu = 0.945) task
[53919:0x4e54590] 284943142 ms: Scavenge 359.5 (385.1) -> 350.2 (387.4) MB, 5.2 / 0.0 ms  (average mu = 1.000, current mu = 0.945) task
[53919:0x4e54590] 284943189 ms: Scavenge 361.4 (387.4) -> 352.0 (388.9) MB, 4.3 / 0.0 ms  (average mu = 1.000, current mu = 0.945) task
[53919:0x4e54590] 284943238 ms: Scavenge 363.0 (388.9) -> 353.7 (390.6) MB, 6.1 / 0.0 ms  (average mu = 1.000, current mu = 0.945) task
[53919:0x4e54590] 284943286 ms: Scavenge 364.7 (390.6) -> 355.3 (392.4) MB, 5.0 / 0.0 ms  (average mu = 1.000, current mu = 0.945) task
[53919:0x4e54590] 284943334 ms: Scavenge 366.3 (392.4) -> 357.0 (394.1) MB, 5.0 / 0.0 ms  (average mu = 1.000, current mu = 0.945) task
[53919:0x4e54590] 284943383 ms: Scavenge 368.2 (394.1) -> 358.9 (396.1) MB, 5.2 / 0.0 ms  (average mu = 1.000, current mu = 0.945) task
[53919:0x4e54590] 284943432 ms: Scavenge 369.9 (396.1) -> 360.5 (397.9) MB, 5.9 / 0.0 ms  (average mu = 1.000, current mu = 0.945) task
[53919:0x4e54590] 284943480 ms: Scavenge 371.6 (397.9) -> 362.1 (399.1) MB, 5.1 / 0.0 ms  (average mu = 1.000, current mu = 0.945) task
[53919:0x4e54590] 284943528 ms: Scavenge 373.1 (399.1) -> 363.8 (400.9) MB, 4.5 / 0.0 ms  (average mu = 1.000, current mu = 0.945) task
[53919:0x4e54590] 284943578 ms: Scavenge 374.9 (400.9) -> 365.5 (402.9) MB, 5.3 / 0.0 ms  (average mu = 1.000, current mu = 0.945) task
[53919:0x4e54590] 284943628 ms: Scavenge 376.6 (402.9) -> 367.2 (404.4) MB, 5.5 / 0.0 ms  (average mu = 1.000, current mu = 0.945) task
[53919:0x4e54590] 284943678 ms: Scavenge 378.3 (404.4) -> 368.9 (406.9) MB, 5.9 / 0.0 ms  (average mu = 1.000, current mu = 0.945) task
[53919:0x4e54590] 284943728 ms: Scavenge 380.1 (406.9) -> 370.8 (408.4) MB, 6.2 / 0.0 ms  (average mu = 1.000, current mu = 0.945) task
[53919:0x4e54590] 284943778 ms: Scavenge 381.8 (408.4) -> 372.5 (409.6) MB, 5.5 / 0.0 ms  (average mu = 1.000, current mu = 0.945) task
[53919:0x4e54590] 284943826 ms: Scavenge 383.5 (409.6) -> 374.1 (411.4) MB, 4.7 / 0.0 ms  (average mu = 1.000, current mu = 0.945) task
[53919:0x4e54590] 284943875 ms: Scavenge 385.1 (411.4) -> 375.8 (413.1) MB, 5.2 / 0.0 ms  (average mu = 1.000, current mu = 0.945) task
[53919:0x4e54590] 284943923 ms: Scavenge 387.2 (413.4) -> 377.8 (415.1) MB, 4.7 / 0.0 ms  (average mu = 1.000, current mu = 0.945) task
[53919:0x4e54590] 284943972 ms: Scavenge 388.8 (415.1) -> 379.5 (417.1) MB, 5.9 / 0.0 ms  (average mu = 1.000, current mu = 0.945) task
[53919:0x4e54590] 284944020 ms: Scavenge 390.7 (417.1) -> 381.3 (418.6) MB, 5.0 / 0.0 ms  (average mu = 1.000, current mu = 0.945) task
[53919:0x4e54590] 284944068 ms: Scavenge 392.4 (418.6) -> 383.0 (420.1) MB, 5.1 / 0.0 ms  (average mu = 1.000, current mu = 0.945) task
[53919:0x4e54590] 284944117 ms: Scavenge 393.9 (420.1) -> 384.6 (421.9) MB, 5.1 / 0.0 ms  (average mu = 1.000, current mu = 0.945) task
[53919:0x4e54590] 284944167 ms: Scavenge 395.6 (421.9) -> 386.3 (424.1) MB, 6.4 / 0.0 ms  (average mu = 1.000, current mu = 0.945) task
[53919:0x4e54590] 284944216 ms: Scavenge 397.5 (424.1) -> 388.2 (425.9) MB, 5.7 / 0.0 ms  (average mu = 1.000, current mu = 0.945) task
[53919:0x4e54590] 284944265 ms: Scavenge 399.2 (425.9) -> 389.8 (427.4) MB, 4.9 / 0.0 ms  (average mu = 1.000, current mu = 0.945) task
[53919:0x4e54590] 284944314 ms: Scavenge 400.8 (427.4) -> 391.5 (429.1) MB, 4.7 / 0.0 ms  (average mu = 1.000, current mu = 0.945) task
[53919:0x4e54590] 284944360 ms: Scavenge 402.5 (429.1) -> 393.1 (430.9) MB, 4.4 / 0.0 ms  (average mu = 1.000, current mu = 0.945) task
[53919:0x4e54590] 284944407 ms: Scavenge 404.3 (430.9) -> 395.0 (432.6) MB, 5.8 / 0.0 ms  (average mu = 1.000, current mu = 0.945) task
[53919:0x4e54590] 284944455 ms: Scavenge 406.1 (432.6) -> 396.7 (434.4) MB, 4.6 / 0.0 ms  (average mu = 1.000, current mu = 0.945) task
[53919:0x4e54590] 284944508 ms: Scavenge 407.7 (434.4) -> 398.3 (435.9) MB, 5.4 / 0.0 ms  (average mu = 1.000, current mu = 0.945) task
[53919:0x4e54590] 284944557 ms: Scavenge 409.4 (435.9) -> 400.0 (437.6) MB, 5.6 / 0.0 ms  (average mu = 1.000, current mu = 0.945) task
[53919:0x4e54590] 284944604 ms: Scavenge 411.0 (437.6) -> 401.7 (439.4) MB, 5.7 / 0.0 ms  (average mu = 1.000, current mu = 0.945) task
[53919:0x4e54590] 284944653 ms: Scavenge 412.8 (439.4) -> 403.4 (441.1) MB, 5.0 / 0.0 ms  (average mu = 1.000, current mu = 0.945) task
[53919:0x4e54590] 284944702 ms: Scavenge 414.5 (441.1) -> 405.2 (443.4) MB, 5.8 / 0.0 ms  (average mu = 1.000, current mu = 0.945) task
[53919:0x4e54590] 284944750 ms: Scavenge 416.2 (443.4) -> 406.8 (444.6) MB, 4.8 / 0.0 ms  (average mu = 1.000, current mu = 0.945) task
[53919:0x4e54590] 284944799 ms: Scavenge 418.3 (444.9) -> 409.0 (446.9) MB, 5.0 / 0.0 ms  (average mu = 1.000, current mu = 0.945) task
[53919:0x4e54590] 284944846 ms: Scavenge 420.0 (446.9) -> 410.6 (448.6) MB, 5.2 / 0.0 ms  (average mu = 1.000, current mu = 0.945) task
[53919:0x4e54590] 284944895 ms: Scavenge 421.6 (448.6) -> 412.3 (450.6) MB, 5.5 / 0.0 ms  (average mu = 1.000, current mu = 0.945) task
[53919:0x4e54590] 284944944 ms: Scavenge 423.3 (450.6) -> 413.9 (452.1) MB, 4.6 / 0.0 ms  (average mu = 1.000, current mu = 0.945) task
[53919:0x4e54590] 284944992 ms: Scavenge 425.1 (452.1) -> 415.8 (453.9) MB, 5.0 / 0.0 ms  (average mu = 1.000, current mu = 0.945) task
[53919:0x4e54590] 284945040 ms: Scavenge 426.8 (453.9) -> 417.5 (455.4) MB, 4.9 / 0.0 ms  (average mu = 1.000, current mu = 0.945) task
[53919:0x4e54590] 284945089 ms: Scavenge 428.5 (455.4) -> 419.1 (457.1) MB, 5.1 / 0.0 ms  (average mu = 1.000, current mu = 0.945) task
[53919:0x4e54590] 284945138 ms: Scavenge 430.2 (457.1) -> 420.8 (459.1) MB, 5.8 / 0.0 ms  (average mu = 1.000, current mu = 0.945) task
[53919:0x4e54590] 284945186 ms: Scavenge 432.0 (459.1) -> 422.6 (460.9) MB, 4.6 / 0.0 ms  (average mu = 1.000, current mu = 0.945) task
[53919:0x4e54590] 284945233 ms: Scavenge 433.7 (460.9) -> 424.3 (462.4) MB, 5.3 / 0.0 ms  (average mu = 1.000, current mu = 0.945) task
[53919:0x4e54590] 284945280 ms: Scavenge 435.3 (462.4) -> 426.0 (464.1) MB, 4.8 / 0.0 ms  (average mu = 1.000, current mu = 0.945) task
[53919:0x4e54590] 284945327 ms: Scavenge 437.0 (464.1) -> 427.6 (465.9) MB, 4.7 / 0.0 ms  (average mu = 1.000, current mu = 0.945) task
[53919:0x4e54590] 284945373 ms: Scavenge 438.6 (465.9) -> 429.3 (467.4) MB, 4.5 / 0.0 ms  (average mu = 1.000, current mu = 0.945) task
[53919:0x4e54590] 284945421 ms: Scavenge 440.5 (467.4) -> 431.2 (469.9) MB, 5.3 / 0.0 ms  (average mu = 1.000, current mu = 0.945) task
[53919:0x4e54590] 284945471 ms: Scavenge 442.2 (469.9) -> 432.8 (471.1) MB, 5.5 / 0.0 ms  (average mu = 1.000, current mu = 0.945) task
[53919:0x4e54590] 284945519 ms: Scavenge 443.8 (471.1) -> 434.5 (472.9) MB, 4.9 / 0.0 ms  (average mu = 1.000, current mu = 0.945) task
[53919:0x4e54590] 284945566 ms: Scavenge 445.6 (472.9) -> 436.3 (474.4) MB, 4.8 / 0.0 ms  (average mu = 1.000, current mu = 0.945) task
[53919:0x4e54590] 284945612 ms: Scavenge 447.3 (474.4) -> 438.0 (476.1) MB, 4.4 / 0.0 ms  (average mu = 1.000, current mu = 0.945) task
[53919:0x4e54590] 284945660 ms: Scavenge 449.2 (476.4) -> 439.9 (478.9) MB, 6.0 / 0.0 ms  (average mu = 1.000, current mu = 0.945) task
[53919:0x4e54590] 284945708 ms: Scavenge 450.9 (478.9) -> 441.5 (479.9) MB, 4.9 / 0.0 ms  (average mu = 1.000, current mu = 0.945) task
[53919:0x4e54590] 284945756 ms: Scavenge 452.7 (479.9) -> 443.4 (482.4) MB, 5.3 / 0.0 ms  (average mu = 1.000, current mu = 0.945) task
[53919:0x4e54590] 284945804 ms: Scavenge 454.4 (482.4) -> 445.0 (483.4) MB, 4.6 / 0.0 ms  (average mu = 1.000, current mu = 0.945) task
[53919:0x4e54590] 284945852 ms: Scavenge 456.0 (483.4) -> 446.7 (485.4) MB, 4.6 / 0.0 ms  (average mu = 1.000, current mu = 0.945) task
[53919:0x4e54590] 284945901 ms: Scavenge 457.7 (485.4) -> 448.4 (486.6) MB, 4.6 / 0.0 ms  (average mu = 1.000, current mu = 0.945) task
[53919:0x4e54590] 284945950 ms: Scavenge 459.4 (486.6) -> 450.1 (489.1) MB, 5.1 / 0.0 ms  (average mu = 1.000, current mu = 0.945) task
[53919:0x4e54590] 284945997 ms: Scavenge 461.4 (489.1) -> 452.0 (490.6) MB, 4.5 / 0.0 ms  (average mu = 1.000, current mu = 0.945) task
[53919:0x4e54590] 284946043 ms: Scavenge 462.9 (490.6) -> 453.6 (492.4) MB, 4.5 / 0.0 ms  (average mu = 1.000, current mu = 0.945) task
[53919:0x4e54590] 284946090 ms: Scavenge 464.6 (492.4) -> 455.3 (493.9) MB, 5.1 / 0.0 ms  (average mu = 1.000, current mu = 0.945) task
[53919:0x4e54590] 284946137 ms: Scavenge 466.3 (493.9) -> 456.9 (495.4) MB, 5.1 / 0.0 ms  (average mu = 1.000, current mu = 0.945) task
[53919:0x4e54590] 284946184 ms: Scavenge 468.0 (495.4) -> 458.7 (497.9) MB, 5.2 / 0.0 ms  (average mu = 1.000, current mu = 0.945) task
[53919:0x4e54590] 284946231 ms: Scavenge 469.9 (497.9) -> 460.5 (499.1) MB, 5.2 / 0.0 ms  (average mu = 1.000, current mu = 0.945) task
[53919:0x4e54590] 284946280 ms: Scavenge 471.6 (499.1) -> 462.1 (501.1) MB, 6.1 / 0.0 ms  (average mu = 1.000, current mu = 0.945) task
[53919:0x4e54590] 284946326 ms: Scavenge 473.1 (501.1) -> 463.8 (502.6) MB, 4.6 / 0.0 ms  (average mu = 1.000, current mu = 0.945) task
[53919:0x4e54590] 284946374 ms: Scavenge 474.9 (502.6) -> 465.5 (504.1) MB, 4.4 / 0.0 ms  (average mu = 1.000, current mu = 0.945) task
[53919:0x4e54590] 284946421 ms: Scavenge 477.2 (504.7) -> 467.9 (506.7) MB, 5.5 / 0.0 ms  (average mu = 1.000, current mu = 0.945) task
[53919:0x4e54590] 284946468 ms: Scavenge 478.9 (506.7) -> 469.5 (508.5) MB, 4.8 / 0.0 ms  (average mu = 1.000, current mu = 0.945) task
[53919:0x4e54590] 284946516 ms: Scavenge 480.8 (508.7) -> 471.5 (510.2) MB, 4.8 / 0.0 ms  (average mu = 1.000, current mu = 0.945) task
[53919:0x4e54590] 284946565 ms: Scavenge 482.5 (510.2) -> 473.2 (512.5) MB, 6.3 / 0.0 ms  (average mu = 1.000, current mu = 0.945) task
[53919:0x4e54590] 284946614 ms: Scavenge 484.2 (512.5) -> 474.9 (514.2) MB, 5.7 / 0.0 ms  (average mu = 1.000, current mu = 0.945) task
[53919:0x4e54590] 284946662 ms: Scavenge 486.1 (514.2) -> 476.7 (516.0) MB, 4.8 / 0.0 ms  (average mu = 1.000, current mu = 0.945) task
[53919:0x4e54590] 284946711 ms: Scavenge 487.7 (516.0) -> 478.4 (517.5) MB, 5.8 / 0.0 ms  (average mu = 1.000, current mu = 0.945) task
[53919:0x4e54590] 284946761 ms: Scavenge 489.4 (517.5) -> 480.0 (519.0) MB, 4.5 / 0.0 ms  (average mu = 1.000, current mu = 0.945) task
[53919:0x4e54590] 284946811 ms: Scavenge 491.0 (519.0) -> 481.7 (521.0) MB, 5.9 / 0.0 ms  (average mu = 1.000, current mu = 0.945) task
[53919:0x4e54590] 284946859 ms: Scavenge 493.0 (521.0) -> 483.6 (522.7) MB, 5.1 / 0.0 ms  (average mu = 1.000, current mu = 0.945) task
[53919:0x4e54590] 284946906 ms: Scavenge 494.6 (522.7) -> 485.2 (524.2) MB, 6.0 / 0.0 ms  (average mu = 1.000, current mu = 0.945) task
[53919:0x4e54590] 284946954 ms: Scavenge 496.2 (524.2) -> 486.9 (526.5) MB, 5.3 / 0.0 ms  (average mu = 1.000, current mu = 0.945) task
[53919:0x4e54590] 284947002 ms: Scavenge 498.0 (526.5) -> 488.6 (528.0) MB, 4.7 / 0.0 ms  (average mu = 1.000, current mu = 0.945) task
[53919:0x4e54590] 284947051 ms: Scavenge 499.7 (528.0) -> 490.3 (529.7) MB, 5.4 / 0.0 ms  (average mu = 1.000, current mu = 0.945) task
[53919:0x4e54590] 284947099 ms: Scavenge 501.3 (529.7) -> 491.9 (531.2) MB, 4.8 / 0.0 ms  (average mu = 1.000, current mu = 0.945) task
[53919:0x4e54590] 284947858 ms: Mark-sweep 495.7 (531.2) -> 480.7 (531.0) MB, 690.9 / 0.0 ms  (+ 47.5 ms in 95 steps since start of marking, biggest step 5.3 ms, walltime since start of marking 759 ms) (average mu = 1.000, current mu = 0.932) finalize incremental marking via task GC in old space requested
[53919:0x4e54590] 284947981 ms: Scavenge 494.1 (531.0) -> 483.2 (531.0) MB, 5.3 / 0.0 ms  (average mu = 1.000, current mu = 0.932) task
[53919:0x4e54590] 284948032 ms: Scavenge 494.2 (531.0) -> 484.8 (531.0) MB, 6.4 / 0.0 ms  (average mu = 1.000, current mu = 0.932) task
[53919:0x4e54590] 284948081 ms: Scavenge 495.9 (531.0) -> 486.5 (532.7) MB, 4.9 / 0.0 ms  (average mu = 1.000, current mu = 0.932) task
[53919:0x4e54590] 284948130 ms: Scavenge 497.6 (532.7) -> 488.3 (534.2) MB, 5.1 / 0.0 ms  (average mu = 1.000, current mu = 0.932) task
[53919:0x4e54590] 284948178 ms: Scavenge 499.3 (534.2) -> 490.0 (536.2) MB, 5.5 / 0.0 ms  (average mu = 1.000, current mu = 0.932) task
[53919:0x4e54590] 284948226 ms: Scavenge 501.2 (536.5) -> 491.9 (537.7) MB, 4.7 / 0.0 ms  (average mu = 1.000, current mu = 0.932) task
[53919:0x4e54590] 284948273 ms: Scavenge 503.0 (537.7) -> 493.6 (539.5) MB, 4.5 / 0.0 ms  (average mu = 1.000, current mu = 0.932) task
[53919:0x4e54590] 284948323 ms: Scavenge 504.6 (539.5) -> 495.3 (541.2) MB, 5.3 / 0.0 ms  (average mu = 1.000, current mu = 0.932) task
[53919:0x4e54590] 284948374 ms: Scavenge 506.4 (541.2) -> 497.0 (543.0) MB, 5.1 / 0.0 ms  (average mu = 1.000, current mu = 0.932) task
[53919:0x4e54590] 284948424 ms: Scavenge 508.0 (543.0) -> 498.7 (544.5) MB, 5.2 / 0.0 ms  (average mu = 1.000, current mu = 0.932) task
[53919:0x4e54590] 284948476 ms: Scavenge 509.8 (544.5) -> 500.4 (546.2) MB, 5.1 / 0.0 ms  (average mu = 1.000, current mu = 0.932) task
[53919:0x4e54590] 284948524 ms: Scavenge 511.5 (546.2) -> 502.2 (548.0) MB, 5.1 / 0.0 ms  (average mu = 1.000, current mu = 0.932) task
[53919:0x4e54590] 284948572 ms: Scavenge 513.2 (548.0) -> 503.8 (549.5) MB, 5.1 / 0.0 ms  (average mu = 1.000, current mu = 0.932) task
[53919:0x4e54590] 284948619 ms: Scavenge 514.9 (549.5) -> 505.5 (551.2) MB, 4.9 / 0.0 ms  (average mu = 1.000, current mu = 0.932) task
[53919:0x4e54590] 284948666 ms: Scavenge 516.7 (551.2) -> 507.3 (553.0) MB, 4.8 / 0.0 ms  (average mu = 1.000, current mu = 0.932) task
[53919:0x4e54590] 284948713 ms: Scavenge 518.5 (553.0) -> 509.1 (554.5) MB, 4.6 / 0.0 ms  (average mu = 1.000, current mu = 0.932) task
[53919:0x4e54590] 284948760 ms: Scavenge 520.1 (554.5) -> 510.8 (556.2) MB, 4.7 / 0.0 ms  (average mu = 1.000, current mu = 0.932) task
[53919:0x4e54590] 284948808 ms: Scavenge 521.8 (556.2) -> 512.5 (557.7) MB, 4.8 / 0.0 ms  (average mu = 1.000, current mu = 0.932) task
[53919:0x4e54590] 284948859 ms: Scavenge 523.5 (557.7) -> 514.1 (559.7) MB, 5.2 / 0.0 ms  (average mu = 1.000, current mu = 0.932) task
[53919:0x4e54590] 284948909 ms: Scavenge 525.2 (559.7) -> 515.9 (561.2) MB, 5.7 / 0.0 ms  (average mu = 1.000, current mu = 0.932) task
[53919:0x4e54590] 284948957 ms: Scavenge 527.1 (561.2) -> 517.7 (563.0) MB, 5.7 / 0.0 ms  (average mu = 1.000, current mu = 0.932) task
[53919:0x4e54590] 284949004 ms: Scavenge 528.7 (563.0) -> 519.4 (564.5) MB, 5.0 / 0.0 ms  (average mu = 1.000, current mu = 0.932) task
[53919:0x4e54590] 284949052 ms: Scavenge 530.7 (564.7) -> 521.3 (567.0) MB, 5.0 / 0.0 ms  (average mu = 1.000, current mu = 0.932) task
[53919:0x4e54590] 284949099 ms: Scavenge 532.3 (567.0) -> 522.9 (568.0) MB, 4.7 / 0.0 ms  (average mu = 1.000, current mu = 0.932) task
[53919:0x4e54590] 284949146 ms: Scavenge 534.0 (568.0) -> 524.6 (569.7) MB, 5.2 / 0.0 ms  (average mu = 1.000, current mu = 0.932) task
[53919:0x4e54590] 284949193 ms: Scavenge 535.7 (569.7) -> 526.4 (571.5) MB, 4.6 / 0.0 ms  (average mu = 1.000, current mu = 0.932) task
[53919:0x4e54590] 284949241 ms: Scavenge 537.4 (571.5) -> 528.0 (573.0) MB, 5.2 / 0.0 ms  (average mu = 1.000, current mu = 0.932) task
[53919:0x4e54590] 284949288 ms: Scavenge 539.1 (573.0) -> 529.8 (574.7) MB, 4.8 / 0.0 ms  (average mu = 1.000, current mu = 0.932) task
[53919:0x4e54590] 284949335 ms: Scavenge 540.9 (574.7) -> 531.5 (576.5) MB, 5.0 / 0.0 ms  (average mu = 1.000, current mu = 0.932) task
[53919:0x4e54590] 284949385 ms: Scavenge 542.5 (576.5) -> 533.2 (577.7) MB, 5.1 / 0.0 ms  (average mu = 1.000, current mu = 0.932) task
[53919:0x4e54590] 284949434 ms: Scavenge 544.3 (577.7) -> 534.9 (580.0) MB, 5.4 / 0.0 ms  (average mu = 1.000, current mu = 0.932) task
[53919:0x4e54590] 284949484 ms: Scavenge 546.2 (580.0) -> 536.8 (581.5) MB, 5.4 / 0.0 ms  (average mu = 1.000, current mu = 0.932) task
[53919:0x4e54590] 284949534 ms: Scavenge 547.8 (581.5) -> 538.5 (583.7) MB, 6.0 / 0.0 ms  (average mu = 1.000, current mu = 0.932) task
[53919:0x4e54590] 284949582 ms: Scavenge 549.5 (583.7) -> 540.1 (584.7) MB, 5.4 / 0.0 ms  (average mu = 1.000, current mu = 0.932) task
[53919:0x4e54590] 284949631 ms: Scavenge 551.2 (584.7) -> 541.8 (586.5) MB, 5.8 / 0.0 ms  (average mu = 1.000, current mu = 0.932) task
[53919:0x4e54590] 284949681 ms: Scavenge 552.8 (586.5) -> 543.5 (588.2) MB, 6.4 / 0.0 ms  (average mu = 1.000, current mu = 0.932) task
[53919:0x4e54590] 284949732 ms: Scavenge 554.6 (588.2) -> 545.2 (589.7) MB, 5.5 / 0.0 ms  (average mu = 1.000, current mu = 0.932) task
[53919:0x4e54590] 284949780 ms: Scavenge 556.2 (589.7) -> 546.9 (591.2) MB, 4.6 / 0.0 ms  (average mu = 1.000, current mu = 0.932) task
[53919:0x4e54590] 284949829 ms: Scavenge 558.0 (591.2) -> 548.6 (593.2) MB, 6.0 / 0.0 ms  (average mu = 1.000, current mu = 0.932) task
[53919:0x4e54590] 284949877 ms: Scavenge 559.7 (593.2) -> 550.3 (594.7) MB, 4.8 / 0.0 ms  (average mu = 1.000, current mu = 0.932) task
[53919:0x4e54590] 284949926 ms: Scavenge 561.7 (595.0) -> 552.3 (597.2) MB, 5.7 / 0.0 ms  (average mu = 1.000, current mu = 0.932) task
[53919:0x4e54590] 284949973 ms: Scavenge 563.3 (597.2) -> 554.0 (598.2) MB, 5.6 / 0.0 ms  (average mu = 1.000, current mu = 0.932) task
[53919:0x4e54590] 284950021 ms: Scavenge 565.1 (598.2) -> 555.7 (600.5) MB, 5.4 / 0.0 ms  (average mu = 1.000, current mu = 0.932) task
[53919:0x4e54590] 284950069 ms: Scavenge 566.9 (600.5) -> 557.6 (602.2) MB, 5.8 / 0.0 ms  (average mu = 1.000, current mu = 0.932) task
[53919:0x4e54590] 284950116 ms: Scavenge 568.7 (602.2) -> 559.2 (603.2) MB, 5.1 / 0.0 ms  (average mu = 1.000, current mu = 0.932) task
[53919:0x4e54590] 284950162 ms: Scavenge 570.2 (603.2) -> 560.9 (605.2) MB, 4.9 / 0.0 ms  (average mu = 1.000, current mu = 0.932) task
[53919:0x4e54590] 284950209 ms: Scavenge 571.9 (605.2) -> 562.6 (607.0) MB, 5.0 / 0.0 ms  (average mu = 1.000, current mu = 0.932) task
[53919:0x4e54590] 284950256 ms: Scavenge 573.6 (607.0) -> 564.2 (608.2) MB, 4.9 / 0.0 ms  (average mu = 1.000, current mu = 0.932) task
[53919:0x4e54590] 284950303 ms: Scavenge 575.3 (608.2) -> 566.0 (610.0) MB, 5.6 / 0.0 ms  (average mu = 1.000, current mu = 0.932) task
[53919:0x4e54590] 284950351 ms: Scavenge 577.0 (610.0) -> 567.6 (611.5) MB, 4.9 / 0.0 ms  (average mu = 1.000, current mu = 0.932) task
[53919:0x4e54590] 284950398 ms: Scavenge 578.8 (611.5) -> 569.4 (613.2) MB, 4.8 / 0.0 ms  (average mu = 1.000, current mu = 0.932) task
[53919:0x4e54590] 284950445 ms: Scavenge 580.4 (613.2) -> 571.1 (614.7) MB, 5.2 / 0.0 ms  (average mu = 1.000, current mu = 0.932) task
[53919:0x4e54590] 284950492 ms: Scavenge 582.1 (614.7) -> 572.8 (617.0) MB, 5.2 / 0.0 ms  (average mu = 1.000, current mu = 0.932) task
[53919:0x4e54590] 284950539 ms: Scavenge 584.0 (617.0) -> 574.7 (618.7) MB, 4.8 / 0.0 ms  (average mu = 1.000, current mu = 0.932) task
[53919:0x4e54590] 284950589 ms: Scavenge 585.8 (618.7) -> 576.4 (620.2) MB, 5.4 / 0.0 ms  (average mu = 1.000, current mu = 0.932) task
[53919:0x4e54590] 284950636 ms: Scavenge 587.4 (620.2) -> 578.0 (621.5) MB, 4.6 / 0.0 ms  (average mu = 1.000, current mu = 0.932) task
[53919:0x4e54590] 284950683 ms: Scavenge 589.0 (621.5) -> 579.7 (623.5) MB, 5.3 / 0.0 ms  (average mu = 1.000, current mu = 0.932) task
[53919:0x4e54590] 284950730 ms: Scavenge 590.7 (623.5) -> 581.3 (624.7) MB, 5.4 / 0.0 ms  (average mu = 1.000, current mu = 0.932) task
[53919:0x4e54590] 284950786 ms: Scavenge 599.7 (632.0) -> 590.3 (633.5) MB, 4.9 / 0.0 ms  (average mu = 1.000, current mu = 0.932) task
[53919:0x4e54590] 284950833 ms: Scavenge 601.4 (633.5) -> 592.1 (635.5) MB, 4.9 / 0.0 ms  (average mu = 1.000, current mu = 0.932) task
[53919:0x4e54590] 284950882 ms: Scavenge 603.1 (635.5) -> 593.7 (637.0) MB, 4.9 / 0.0 ms  (average mu = 1.000, current mu = 0.932) task
[53919:0x4e54590] 284950931 ms: Scavenge 604.7 (637.0) -> 595.4 (638.8) MB, 5.8 / 0.0 ms  (average mu = 1.000, current mu = 0.932) task
[53919:0x4e54590] 284950980 ms: Scavenge 606.7 (638.8) -> 597.3 (640.5) MB, 5.2 / 0.0 ms  (average mu = 1.000, current mu = 0.932) task
[53919:0x4e54590] 284951030 ms: Scavenge 608.3 (640.5) -> 599.0 (642.3) MB, 5.5 / 0.0 ms  (average mu = 1.000, current mu = 0.932) task
[53919:0x4e54590] 284951079 ms: Scavenge 610.0 (642.3) -> 600.6 (643.8) MB, 5.3 / 0.0 ms  (average mu = 1.000, current mu = 0.932) task
[53919:0x4e54590] 284951129 ms: Scavenge 611.6 (643.8) -> 602.3 (645.8) MB, 6.2 / 0.0 ms  (average mu = 1.000, current mu = 0.932) task
[53919:0x4e54590] 284951177 ms: Scavenge 613.3 (645.8) -> 603.9 (647.3) MB, 4.7 / 0.0 ms  (average mu = 1.000, current mu = 0.932) task
[53919:0x4e54590] 284951224 ms: Scavenge 615.0 (647.3) -> 605.7 (648.8) MB, 5.4 / 0.0 ms  (average mu = 1.000, current mu = 0.932) task
[53919:0x4e54590] 284951272 ms: Scavenge 616.7 (648.8) -> 607.4 (650.5) MB, 5.1 / 0.0 ms  (average mu = 1.000, current mu = 0.932) task
[53919:0x4e54590] 284951322 ms: Scavenge 618.6 (650.5) -> 609.3 (652.3) MB, 5.9 / 0.0 ms  (average mu = 1.000, current mu = 0.932) task
[53919:0x4e54590] 284951370 ms: Scavenge 620.4 (652.3) -> 611.0 (653.8) MB, 4.9 / 0.0 ms  (average mu = 1.000, current mu = 0.932) task
[53919:0x4e54590] 284951418 ms: Scavenge 622.0 (653.8) -> 612.6 (655.5) MB, 5.0 / 0.0 ms  (average mu = 1.000, current mu = 0.932) task
[53919:0x4e54590] 284951467 ms: Scavenge 623.7 (655.5) -> 614.3 (657.0) MB, 5.1 / 0.0 ms  (average mu = 1.000, current mu = 0.932) task
[53919:0x4e54590] 284951515 ms: Scavenge 625.3 (657.0) -> 615.9 (658.8) MB, 4.9 / 0.0 ms  (average mu = 1.000, current mu = 0.932) task
[53919:0x4e54590] 284951566 ms: Scavenge 627.1 (658.8) -> 617.7 (660.8) MB, 6.0 / 0.0 ms  (average mu = 1.000, current mu = 0.932) task
[53919:0x4e54590] 284951614 ms: Scavenge 628.7 (660.8) -> 619.3 (662.3) MB, 5.6 / 0.0 ms  (average mu = 1.000, current mu = 0.932) task
[53919:0x4e54590] 284951661 ms: Scavenge 630.8 (662.5) -> 621.5 (664.8) MB, 5.3 / 0.0 ms  (average mu = 1.000, current mu = 0.932) task
[53919:0x4e54590] 284951708 ms: Scavenge 632.5 (664.8) -> 623.1 (666.0) MB, 4.9 / 0.0 ms  (average mu = 1.000, current mu = 0.932) task
[53919:0x4e54590] 284951757 ms: Scavenge 634.2 (666.0) -> 624.8 (667.8) MB, 4.6 / 0.0 ms  (average mu = 1.000, current mu = 0.932) task
[53919:0x4e54590] 284951804 ms: Scavenge 635.8 (667.8) -> 626.5 (669.5) MB, 4.3 / 0.0 ms  (average mu = 1.000, current mu = 0.932) task
[53919:0x4e54590] 284951852 ms: Scavenge 637.6 (669.5) -> 628.2 (671.3) MB, 4.2 / 0.0 ms  (average mu = 1.000, current mu = 0.932) task
[53919:0x4e54590] 284951899 ms: Scavenge 639.3 (671.3) -> 629.9 (673.0) MB, 5.7 / 0.0 ms  (average mu = 1.000, current mu = 0.932) task
[53919:0x4e54590] 284951948 ms: Scavenge 641.0 (673.0) -> 631.6 (674.8) MB, 5.3 / 0.0 ms  (average mu = 1.000, current mu = 0.932) task
[53919:0x4e54590] 284951995 ms: Scavenge 642.7 (674.8) -> 633.3 (676.5) MB, 4.9 / 0.0 ms  (average mu = 1.000, current mu = 0.932) task
[53919:0x4e54590] 284952042 ms: Scavenge 644.4 (676.5) -> 635.1 (678.3) MB, 4.4 / 0.0 ms  (average mu = 1.000, current mu = 0.932) task
[53919:0x4e54590] 284952091 ms: Scavenge 646.1 (678.3) -> 636.7 (680.0) MB, 4.8 / 0.0 ms  (average mu = 1.000, current mu = 0.932) task
[53919:0x4e54590] 284952140 ms: Scavenge 648.0 (680.0) -> 638.6 (682.0) MB, 5.5 / 0.0 ms  (average mu = 1.000, current mu = 0.932) task
[53919:0x4e54590] 284952187 ms: Scavenge 649.6 (682.0) -> 640.3 (683.8) MB, 5.3 / 0.0 ms  (average mu = 1.000, current mu = 0.932) task
[53919:0x4e54590] 284952234 ms: Scavenge 651.3 (683.8) -> 641.9 (685.3) MB, 4.5 / 0.0 ms  (average mu = 1.000, current mu = 0.932) task
[53919:0x4e54590] 284952281 ms: Scavenge 652.9 (685.3) -> 643.6 (687.0) MB, 4.3 / 0.0 ms  (average mu = 1.000, current mu = 0.932) task
[53919:0x4e54590] 284952329 ms: Scavenge 654.9 (687.0) -> 645.5 (689.0) MB, 4.9 / 0.0 ms  (average mu = 1.000, current mu = 0.932) task
[53919:0x4e54590] 284952377 ms: Scavenge 656.5 (689.0) -> 647.1 (690.8) MB, 4.8 / 0.0 ms  (average mu = 1.000, current mu = 0.932) task
[53919:0x4e54590] 284952425 ms: Scavenge 658.2 (690.8) -> 648.8 (692.0) MB, 5.3 / 0.0 ms  (average mu = 1.000, current mu = 0.932) task
[53919:0x4e54590] 284952472 ms: Scavenge 659.8 (692.0) -> 650.5 (693.8) MB, 5.0 / 0.0 ms  (average mu = 1.000, current mu = 0.932) task
[53919:0x4e54590] 284952521 ms: Scavenge 661.7 (694.0) -> 652.4 (695.8) MB, 5.1 / 0.0 ms  (average mu = 1.000, current mu = 0.932) task
[53919:0x4e54590] 284952569 ms: Scavenge 663.4 (695.8) -> 654.1 (698.0) MB, 5.4 / 0.0 ms  (average mu = 1.000, current mu = 0.932) task
[53919:0x4e54590] 284952617 ms: Scavenge 665.3 (698.0) -> 655.9 (699.3) MB, 4.7 / 0.0 ms  (average mu = 1.000, current mu = 0.932) task
[53919:0x4e54590] 284952665 ms: Scavenge 666.9 (699.3) -> 657.6 (701.3) MB, 5.4 / 0.0 ms  (average mu = 1.000, current mu = 0.932) task
[53919:0x4e54590] 284952713 ms: Scavenge 668.6 (701.3) -> 659.2 (702.8) MB, 5.2 / 0.0 ms  (average mu = 1.000, current mu = 0.932) task
[53919:0x4e54590] 284952763 ms: Scavenge 670.3 (702.8) -> 661.0 (704.8) MB, 5.5 / 0.0 ms  (average mu = 1.000, current mu = 0.932) task
[53919:0x4e54590] 284952810 ms: Scavenge 672.1 (704.8) -> 662.6 (706.3) MB, 5.2 / 0.0 ms  (average mu = 1.000, current mu = 0.932) task
[53919:0x4e54590] 284952858 ms: Scavenge 673.8 (706.3) -> 664.6 (708.3) MB, 5.0 / 0.0 ms  (average mu = 1.000, current mu = 0.932) task
[53919:0x4e54590] 284952907 ms: Scavenge 675.6 (708.3) -> 666.2 (710.0) MB, 5.6 / 0.0 ms  (average mu = 1.000, current mu = 0.932) task
[53919:0x4e54590] 284952955 ms: Scavenge 677.2 (710.0) -> 667.8 (711.5) MB, 5.0 / 0.0 ms  (average mu = 1.000, current mu = 0.932) task
[53919:0x4e54590] 284953004 ms: Scavenge 678.9 (711.5) -> 669.5 (713.0) MB, 5.6 / 0.0 ms  (average mu = 1.000, current mu = 0.932) task
[53919:0x4e54590] 284953052 ms: Scavenge 680.5 (713.0) -> 671.2 (715.0) MB, 5.4 / 0.0 ms  (average mu = 1.000, current mu = 0.932) task
[53919:0x4e54590] 284953099 ms: Scavenge 682.4 (715.0) -> 673.0 (716.8) MB, 4.9 / 0.0 ms  (average mu = 1.000, current mu = 0.932) task
[53919:0x4e54590] 284953146 ms: Scavenge 684.0 (716.8) -> 674.7 (718.5) MB, 5.3 / 0.0 ms  (average mu = 1.000, current mu = 0.932) task
[53919:0x4e54590] 284953193 ms: Scavenge 685.7 (718.5) -> 676.4 (720.3) MB, 4.8 / 0.0 ms  (average mu = 1.000, current mu = 0.932) task
[53919:0x4e54590] 284953240 ms: Scavenge 687.4 (720.3) -> 678.0 (721.8) MB, 4.8 / 0.0 ms  (average mu = 1.000, current mu = 0.932) task
[53919:0x4e54590] 284953288 ms: Scavenge 689.1 (721.8) -> 679.7 (723.5) MB, 5.1 / 0.0 ms  (average mu = 1.000, current mu = 0.932) task
[53919:0x4e54590] 284953337 ms: Scavenge 690.8 (723.5) -> 681.5 (725.8) MB, 5.8 / 0.0 ms  (average mu = 1.000, current mu = 0.932) task
[53919:0x4e54590] 284953388 ms: Scavenge 693.7 (726.9) -> 684.3 (728.1) MB, 5.5 / 0.0 ms  (average mu = 1.000, current mu = 0.932) task
[53919:0x4e54590] 284953436 ms: Scavenge 695.4 (728.1) -> 686.0 (730.1) MB, 5.8 / 0.0 ms  (average mu = 1.000, current mu = 0.932) task
[53919:0x4e54590] 284953484 ms: Scavenge 697.1 (730.1) -> 687.7 (731.9) MB, 5.9 / 0.0 ms  (average mu = 1.000, current mu = 0.932) task
[53919:0x4e54590] 284953532 ms: Scavenge 698.7 (731.9) -> 689.4 (733.4) MB, 4.9 / 0.0 ms  (average mu = 1.000, current mu = 0.932) task
[53919:0x4e54590] 284953580 ms: Scavenge 700.5 (733.4) -> 691.2 (735.4) MB, 5.7 / 0.0 ms  (average mu = 1.000, current mu = 0.932) task
[53919:0x4e54590] 284953632 ms: Scavenge 702.2 (735.4) -> 692.8 (736.9) MB, 5.1 / 0.0 ms  (average mu = 1.000, current mu = 0.932) task
[53919:0x4e54590] 284953682 ms: Scavenge 704.0 (736.9) -> 694.7 (739.1) MB, 5.8 / 0.0 ms  (average mu = 1.000, current mu = 0.932) task
[53919:0x4e54590] 284953734 ms: Scavenge 705.7 (739.1) -> 696.3 (740.4) MB, 5.1 / 0.0 ms  (average mu = 1.000, current mu = 0.932) task
[53919:0x4e54590] 284953781 ms: Scavenge 707.4 (740.4) -> 697.9 (742.1) MB, 4.9 / 0.0 ms  (average mu = 1.000, current mu = 0.932) task
[53919:0x4e54590] 284953829 ms: Scavenge 709.0 (742.1) -> 699.7 (743.9) MB, 5.4 / 0.0 ms  (average mu = 1.000, current mu = 0.932) task
[53919:0x4e54590] 284953876 ms: Scavenge 710.8 (743.9) -> 701.4 (745.6) MB, 4.5 / 0.0 ms  (average mu = 1.000, current mu = 0.932) task
[53919:0x4e54590] 284953926 ms: Scavenge 712.4 (745.6) -> 703.1 (747.6) MB, 5.3 / 0.0 ms  (average mu = 1.000, current mu = 0.932) task
[53919:0x4e54590] 284953975 ms: Scavenge 714.2 (747.6) -> 704.8 (749.1) MB, 5.0 / 0.0 ms  (average mu = 1.000, current mu = 0.932) task
[53919:0x4e54590] 284954029 ms: Scavenge 716.0 (749.1) -> 706.7 (751.4) MB, 6.9 / 0.0 ms  (average mu = 1.000, current mu = 0.932) task
[53919:0x4e54590] 284954080 ms: Scavenge 717.8 (751.4) -> 708.3 (752.9) MB, 5.5 / 0.0 ms  (average mu = 1.000, current mu = 0.932) task
[53919:0x4e54590] 284954128 ms: Scavenge 719.3 (752.9) -> 710.0 (754.4) MB, 6.0 / 0.0 ms  (average mu = 1.000, current mu = 0.932) task
[53919:0x4e54590] 284954178 ms: Scavenge 721.1 (754.4) -> 711.7 (755.9) MB, 6.0 / 0.0 ms  (average mu = 1.000, current mu = 0.932) task
[53919:0x4e54590] 284954231 ms: Scavenge 723.1 (755.9) -> 713.6 (757.6) MB, 6.2 / 0.0 ms  (average mu = 1.000, current mu = 0.932) task
[53919:0x4e54590] 284954284 ms: Scavenge 725.0 (757.9) -> 715.6 (759.6) MB, 7.1 / 0.0 ms  (average mu = 1.000, current mu = 0.932) task
[53919:0x4e54590] 284954334 ms: Scavenge 726.6 (759.6) -> 717.3 (761.9) MB, 6.7 / 0.0 ms  (average mu = 1.000, current mu = 0.932) task
[53919:0x4e54590] 284954386 ms: Scavenge 728.5 (761.9) -> 719.1 (763.4) MB, 6.8 / 0.0 ms  (average mu = 1.000, current mu = 0.932) task
[53919:0x4e54590] 284954437 ms: Scavenge 730.1 (763.4) -> 720.8 (765.1) MB, 6.9 / 0.0 ms  (average mu = 1.000, current mu = 0.932) task
[53919:0x4e54590] 284954496 ms: Scavenge 731.8 (765.1) -> 722.5 (766.6) MB, 6.8 / 0.0 ms  (average mu = 1.000, current mu = 0.932) task
[53919:0x4e54590] 284954546 ms: Scavenge 733.4 (766.6) -> 724.1 (768.6) MB, 6.6 / 0.0 ms  (average mu = 1.000, current mu = 0.932) task
[53919:0x4e54590] 284954596 ms: Scavenge 735.3 (768.6) -> 726.0 (770.4) MB, 6.5 / 0.0 ms  (average mu = 1.000, current mu = 0.932) task
[53919:0x4e54590] 284954645 ms: Scavenge 737.0 (770.4) -> 727.6 (771.9) MB, 6.4 / 0.0 ms  (average mu = 1.000, current mu = 0.932) task
[53919:0x4e54590] 284954693 ms: Scavenge 738.6 (771.9) -> 729.3 (773.9) MB, 5.7 / 0.0 ms  (average mu = 1.000, current mu = 0.932) task
[53919:0x4e54590] 284954745 ms: Scavenge 740.5 (773.9) -> 731.1 (775.6) MB, 5.6 / 0.0 ms  (average mu = 1.000, current mu = 0.932) task
[53919:0x4e54590] 284954793 ms: Scavenge 742.2 (775.6) -> 732.8 (777.1) MB, 5.2 / 0.0 ms  (average mu = 1.000, current mu = 0.932) task
[53919:0x4e54590] 284954843 ms: Scavenge 743.8 (777.1) -> 734.5 (779.1) MB, 5.9 / 0.0 ms  (average mu = 1.000, current mu = 0.932) task
[53919:0x4e54590] 284954893 ms: Scavenge 745.5 (779.1) -> 736.1 (780.6) MB, 5.5 / 0.0 ms  (average mu = 1.000, current mu = 0.932) task
[53919:0x4e54590] 284954942 ms: Scavenge 747.1 (780.6) -> 737.8 (782.4) MB, 6.1 / 0.0 ms  (average mu = 1.000, current mu = 0.932) task
[53919:0x4e54590] 284954994 ms: Scavenge 749.0 (782.4) -> 739.5 (784.4) MB, 6.9 / 0.0 ms  (average mu = 1.000, current mu = 0.932) task
[53919:0x4e54590] 284955045 ms: Scavenge 750.5 (784.4) -> 741.2 (786.4) MB, 6.9 / 0.0 ms  (average mu = 1.000, current mu = 0.932) task
[53919:0x4e54590] 284955093 ms: Scavenge 752.5 (786.4) -> 743.1 (787.9) MB, 5.6 / 0.0 ms  (average mu = 1.000, current mu = 0.932) task
[53919:0x4e54590] 284955141 ms: Scavenge 754.1 (787.9) -> 744.8 (789.4) MB, 5.8 / 0.0 ms  (average mu = 1.000, current mu = 0.932) task
[53919:0x4e54590] 284955188 ms: Scavenge 756.1 (789.6) -> 746.7 (791.1) MB, 5.4 / 0.0 ms  (average mu = 1.000, current mu = 0.932) task
[53919:0x4e54590] 284955236 ms: Scavenge 757.7 (791.1) -> 748.4 (793.9) MB, 6.3 / 0.0 ms  (average mu = 1.000, current mu = 0.932) task
[53919:0x4e54590] 284955284 ms: Scavenge 759.4 (793.9) -> 750.0 (794.6) MB, 5.9 / 0.0 ms  (average mu = 1.000, current mu = 0.932) task
[53919:0x4e54590] 284955333 ms: Scavenge 761.1 (794.6) -> 751.8 (796.6) MB, 6.7 / 0.0 ms  (average mu = 1.000, current mu = 0.932) task
[53919:0x4e54590] 284955381 ms: Scavenge 762.9 (796.6) -> 753.5 (798.4) MB, 5.6 / 0.0 ms  (average mu = 1.000, current mu = 0.932) task
[53919:0x4e54590] 284955429 ms: Scavenge 764.5 (798.4) -> 755.1 (800.1) MB, 5.6 / 0.0 ms  (average mu = 1.000, current mu = 0.932) task
[53919:0x4e54590] 284955477 ms: Scavenge 766.3 (800.1) -> 756.9 (801.9) MB, 6.1 / 0.0 ms  (average mu = 1.000, current mu = 0.932) task
[53919:0x4e54590] 284955525 ms: Scavenge 767.9 (801.9) -> 758.6 (803.4) MB, 5.7 / 0.0 ms  (average mu = 1.000, current mu = 0.932) task
[53919:0x4e54590] 284955572 ms: Scavenge 769.7 (803.4) -> 760.3 (805.4) MB, 5.4 / 0.0 ms  (average mu = 1.000, current mu = 0.932) task
[53919:0x4e54590] 284955623 ms: Scavenge 771.3 (805.4) -> 762.0 (806.9) MB, 5.6 / 0.0 ms  (average mu = 1.000, current mu = 0.932) task
[53919:0x4e54590] 284955673 ms: Scavenge 773.1 (806.9) -> 763.8 (809.1) MB, 6.4 / 0.0 ms  (average mu = 1.000, current mu = 0.932) task
[53919:0x4e54590] 284955724 ms: Scavenge 774.8 (809.1) -> 765.4 (810.4) MB, 5.8 / 0.0 ms  (average mu = 1.000, current mu = 0.932) task
[53919:0x4e54590] 284955777 ms: Scavenge 776.6 (810.4) -> 767.2 (812.4) MB, 7.6 / 0.0 ms  (average mu = 1.000, current mu = 0.932) task
[53919:0x4e54590] 284955831 ms: Scavenge 778.2 (812.4) -> 768.9 (814.1) MB, 6.7 / 0.0 ms  (average mu = 1.000, current mu = 0.932) task
[53919:0x4e54590] 284955880 ms: Scavenge 780.2 (814.1) -> 770.8 (815.9) MB, 5.8 / 0.0 ms  (average mu = 1.000, current mu = 0.932) task
[53919:0x4e54590] 284955929 ms: Scavenge 781.8 (815.9) -> 772.4 (817.6) MB, 6.0 / 0.0 ms  (average mu = 1.000, current mu = 0.932) task
[53919:0x4e54590] 284955977 ms: Scavenge 783.5 (817.6) -> 774.1 (819.4) MB, 5.8 / 0.0 ms  (average mu = 1.000, current mu = 0.932) task
[53919:0x4e54590] 284956027 ms: Scavenge 785.3 (819.6) -> 776.0 (821.1) MB, 6.2 / 0.0 ms  (average mu = 1.000, current mu = 0.932) task
[53919:0x4e54590] 284956077 ms: Scavenge 787.2 (821.1) -> 777.9 (823.6) MB, 6.8 / 0.0 ms  (average mu = 1.000, current mu = 0.932) task
[53919:0x4e54590] 284956126 ms: Scavenge 788.9 (823.6) -> 779.5 (824.9) MB, 5.5 / 0.0 ms  (average mu = 1.000, current mu = 0.932) task
[53919:0x4e54590] 284956176 ms: Scavenge 790.6 (824.9) -> 781.1 (826.4) MB, 6.5 / 0.0 ms  (average mu = 1.000, current mu = 0.932) task
[53919:0x4e54590] 284956229 ms: Scavenge 792.3 (826.4) -> 783.1 (828.6) MB, 7.0 / 0.0 ms  (average mu = 1.000, current mu = 0.932) task
[53919:0x4e54590] 284956277 ms: Scavenge 794.2 (828.6) -> 784.7 (829.9) MB, 5.5 / 0.0 ms  (average mu = 1.000, current mu = 0.932) task
[53919:0x4e54590] 284956324 ms: Scavenge 795.7 (829.9) -> 786.4 (831.9) MB, 6.1 / 0.0 ms  (average mu = 1.000, current mu = 0.932) task
[53919:0x4e54590] 284956371 ms: Scavenge 797.5 (831.9) -> 788.1 (833.4) MB, 6.1 / 0.0 ms  (average mu = 1.000, current mu = 0.932) task
[53919:0x4e54590] 284956418 ms: Scavenge 799.2 (833.4) -> 789.9 (835.6) MB, 6.3 / 0.0 ms  (average mu = 1.000, current mu = 0.932) task
[53919:0x4e54590] 284956465 ms: Scavenge 800.9 (835.6) -> 791.5 (836.9) MB, 6.5 / 0.0 ms  (average mu = 1.000, current mu = 0.932) task
[53919:0x4e54590] 284956514 ms: Scavenge 802.6 (836.9) -> 793.3 (838.9) MB, 6.9 / 0.0 ms  (average mu = 1.000, current mu = 0.932) task
[53919:0x4e54590] 284956562 ms: Scavenge 804.4 (838.9) -> 795.1 (841.1) MB, 6.3 / 0.0 ms  (average mu = 1.000, current mu = 0.932) task
[53919:0x4e54590] 284956609 ms: Scavenge 806.2 (841.1) -> 796.8 (842.1) MB, 6.3 / 0.0 ms  (average mu = 1.000, current mu = 0.932) task
[53919:0x4e54590] 284956656 ms: Scavenge 807.8 (842.1) -> 798.5 (843.9) MB, 5.9 / 0.0 ms  (average mu = 1.000, current mu = 0.932) task
[53919:0x4e54590] 284956704 ms: Scavenge 809.5 (843.9) -> 800.2 (845.9) MB, 6.8 / 0.0 ms  (average mu = 1.000, current mu = 0.932) task
[53919:0x4e54590] 284956755 ms: Scavenge 811.3 (845.9) -> 802.0 (847.6) MB, 5.9 / 0.0 ms  (average mu = 1.000, current mu = 0.932) task
[53919:0x4e54590] 284956802 ms: Scavenge 812.9 (847.6) -> 803.6 (849.1) MB, 6.0 / 0.0 ms  (average mu = 1.000, current mu = 0.932) task
[53919:0x4e54590] 284956850 ms: Scavenge 814.9 (849.1) -> 805.4 (850.9) MB, 5.8 / 0.0 ms  (average mu = 1.000, current mu = 0.932) task
[53919:0x4e54590] 284956897 ms: Scavenge 816.6 (851.1) -> 807.3 (853.1) MB, 6.4 / 0.0 ms  (average mu = 1.000, current mu = 0.932) task
[53919:0x4e54590] 284956945 ms: Scavenge 818.5 (853.1) -> 809.1 (854.9) MB, 6.2 / 0.0 ms  (average mu = 1.000, current mu = 0.932) task
[53919:0x4e54590] 284956992 ms: Scavenge 820.1 (854.9) -> 810.8 (856.6) MB, 6.6 / 0.0 ms  (average mu = 1.000, current mu = 0.932) task
[53919:0x4e54590] 284957038 ms: Scavenge 821.9 (856.6) -> 812.5 (858.4) MB, 5.6 / 0.0 ms  (average mu = 1.000, current mu = 0.932) task
[53919:0x4e54590] 284957085 ms: Scavenge 823.5 (858.4) -> 814.2 (860.1) MB, 6.1 / 0.0 ms  (average mu = 1.000, current mu = 0.932) task
[53919:0x4e54590] 284957132 ms: Scavenge 825.2 (860.1) -> 815.9 (861.6) MB, 6.3 / 0.0 ms  (average mu = 1.000, current mu = 0.932) task
[53919:0x4e54590] 284957178 ms: Scavenge 827.0 (861.6) -> 817.6 (863.6) MB, 6.6 / 0.0 ms  (average mu = 1.000, current mu = 0.932) task
[53919:0x4e54590] 284957224 ms: Scavenge 828.8 (863.6) -> 819.5 (865.4) MB, 6.4 / 0.0 ms  (average mu = 1.000, current mu = 0.932) task
[53919:0x4e54590] 284957271 ms: Scavenge 830.6 (865.4) -> 821.1 (867.1) MB, 5.7 / 0.0 ms  (average mu = 1.000, current mu = 0.932) task
[53919:0x4e54590] 284957316 ms: Scavenge 832.1 (867.1) -> 822.8 (868.6) MB, 5.8 / 0.0 ms  (average mu = 1.000, current mu = 0.932) task
[53919:0x4e54590] 284957362 ms: Scavenge 833.8 (868.6) -> 824.5 (870.4) MB, 5.7 / 0.0 ms  (average mu = 1.000, current mu = 0.932) task
[53919:0x4e54590] 284957409 ms: Scavenge 835.7 (870.4) -> 826.3 (872.6) MB, 6.7 / 0.0 ms  (average mu = 1.000, current mu = 0.932) task
[53919:0x4e54590] 284957455 ms: Scavenge 837.3 (872.6) -> 828.0 (874.1) MB, 6.5 / 0.0 ms  (average mu = 1.000, current mu = 0.932) task
[53919:0x4e54590] 284957501 ms: Scavenge 839.1 (874.1) -> 829.7 (875.6) MB, 5.9 / 0.0 ms  (average mu = 1.000, current mu = 0.932) task
[53919:0x4e54590] 284957547 ms: Scavenge 840.7 (875.6) -> 831.5 (877.9) MB, 6.7 / 0.0 ms  (average mu = 1.000, current mu = 0.932) task
[53919:0x4e54590] 284957593 ms: Scavenge 842.4 (877.9) -> 833.1 (879.4) MB, 6.7 / 0.0 ms  (average mu = 1.000, current mu = 0.932) task
[53919:0x4e54590] 284957640 ms: Scavenge 844.2 (879.4) -> 834.8 (880.9) MB, 5.7 / 0.0 ms  (average mu = 1.000, current mu = 0.932) task
[53919:0x4e54590] 284957687 ms: Scavenge 845.9 (880.9) -> 836.6 (883.1) MB, 6.2 / 0.0 ms  (average mu = 1.000, current mu = 0.932) task
[53919:0x4e54590] 284957736 ms: Scavenge 847.9 (883.4) -> 838.5 (884.6) MB, 5.9 / 0.0 ms  (average mu = 1.000, current mu = 0.932) task
[53919:0x4e54590] 284957783 ms: Scavenge 849.5 (884.6) -> 840.3 (886.6) MB, 6.7 / 0.0 ms  (average mu = 1.000, current mu = 0.932) task
[53919:0x4e54590] 284957830 ms: Scavenge 851.4 (886.6) -> 842.0 (888.4) MB, 5.7 / 0.0 ms  (average mu = 1.000, current mu = 0.932) task
[53919:0x4e54590] 284957877 ms: Scavenge 853.1 (888.4) -> 843.7 (889.9) MB, 6.2 / 0.0 ms  (average mu = 1.000, current mu = 0.932) task
[53919:0x4e54590] 284957925 ms: Scavenge 854.7 (889.9) -> 845.4 (891.9) MB, 6.0 / 0.0 ms  (average mu = 1.000, current mu = 0.932) task
[53919:0x4e54590] 284957971 ms: Scavenge 856.5 (891.9) -> 847.1 (893.4) MB, 6.0 / 0.0 ms  (average mu = 1.000, current mu = 0.932) task
[53919:0x4e54590] 284958018 ms: Scavenge 858.2 (893.4) -> 848.9 (895.6) MB, 6.7 / 0.0 ms  (average mu = 1.000, current mu = 0.932) task
[53919:0x4e54590] 284958065 ms: Scavenge 860.0 (895.6) -> 850.5 (896.9) MB, 5.9 / 0.0 ms  (average mu = 1.000, current mu = 0.932) task
[53919:0x4e54590] 284958111 ms: Scavenge 861.6 (896.9) -> 852.4 (898.6) MB, 6.6 / 0.0 ms  (average mu = 1.000, current mu = 0.932) task
[53919:0x4e54590] 284958159 ms: Scavenge 863.3 (898.6) -> 854.0 (900.6) MB, 7.7 / 0.0 ms  (average mu = 1.000, current mu = 0.932) task
[53919:0x4e54590] 284958207 ms: Scavenge 865.2 (900.6) -> 855.8 (902.4) MB, 5.8 / 0.0 ms  (average mu = 1.000, current mu = 0.932) task
[53919:0x4e54590] 284958254 ms: Scavenge 866.8 (902.4) -> 857.4 (903.9) MB, 5.7 / 0.0 ms  (average mu = 1.000, current mu = 0.932) task
[53919:0x4e54590] 284958299 ms: Scavenge 868.5 (903.9) -> 859.1 (905.6) MB, 5.3 / 0.0 ms  (average mu = 1.000, current mu = 0.932) task
[53919:0x4e54590] 284958347 ms: Scavenge 870.3 (905.6) -> 861.0 (907.9) MB, 7.4 / 0.0 ms  (average mu = 1.000, current mu = 0.932) task
[53919:0x4e54590] 284958391 ms: Scavenge 872.0 (907.9) -> 862.7 (909.4) MB, 4.9 / 0.0 ms  (average mu = 1.000, current mu = 0.932) task
[53919:0x4e54590] 284958438 ms: Scavenge 873.7 (909.4) -> 864.3 (911.4) MB, 6.6 / 0.0 ms  (average mu = 1.000, current mu = 0.932) task
[53919:0x4e54590] 284958484 ms: Scavenge 875.3 (911.4) -> 866.0 (912.9) MB, 6.6 / 0.0 ms  (average mu = 1.000, current mu = 0.932) task
[53919:0x4e54590] 284958530 ms: Scavenge 877.3 (912.9) -> 867.9 (914.6) MB, 5.6 / 0.0 ms  (average mu = 1.000, current mu = 0.932) task
[53919:0x4e54590] 284958575 ms: Scavenge 879.1 (914.9) -> 869.8 (916.4) MB, 5.3 / 0.0 ms  (average mu = 1.000, current mu = 0.932) task
[53919:0x4e54590] 284958619 ms: Scavenge 880.7 (916.4) -> 871.4 (918.4) MB, 5.5 / 0.0 ms  (average mu = 1.000, current mu = 0.932) task
[53919:0x4e54590] 284958664 ms: Scavenge 882.7 (918.4) -> 873.3 (920.1) MB, 4.8 / 0.0 ms  (average mu = 1.000, current mu = 0.932) task
[53919:0x4e54590] 284958708 ms: Scavenge 884.3 (920.1) -> 874.9 (921.9) MB, 4.6 / 0.0 ms  (average mu = 1.000, current mu = 0.932) task
[53919:0x4e54590] 284958753 ms: Scavenge 886.0 (921.9) -> 876.7 (923.6) MB, 5.9 / 0.0 ms  (average mu = 1.000, current mu = 0.932) task
[53919:0x4e54590] 284958798 ms: Scavenge 887.6 (923.6) -> 878.3 (925.1) MB, 5.3 / 0.0 ms  (average mu = 1.000, current mu = 0.932) task
[53919:0x4e54590] 284958844 ms: Scavenge 889.3 (925.1) -> 880.1 (927.4) MB, 6.5 / 0.0 ms  (average mu = 1.000, current mu = 0.932) task
[53919:0x4e54590] 284958894 ms: Scavenge 891.2 (927.4) -> 881.8 (928.6) MB, 5.8 / 0.0 ms  (average mu = 1.000, current mu = 0.932) task
[53919:0x4e54590] 284958941 ms: Scavenge 892.8 (928.6) -> 883.5 (931.1) MB, 6.4 / 0.0 ms  (average mu = 1.000, current mu = 0.932) task
[53919:0x4e54590] 284958988 ms: Scavenge 894.6 (931.1) -> 885.2 (932.1) MB, 5.7 / 0.0 ms  (average mu = 1.000, current mu = 0.932) task
[53919:0x4e54590] 284959036 ms: Scavenge 896.2 (932.1) -> 887.0 (934.1) MB, 5.9 / 0.0 ms  (average mu = 1.000, current mu = 0.932) task
[53919:0x4e54590] 284959082 ms: Scavenge 898.0 (934.1) -> 888.6 (935.6) MB, 5.1 / 0.0 ms  (average mu = 1.000, current mu = 0.932) task
[53919:0x4e54590] 284959128 ms: Scavenge 899.9 (935.6) -> 890.5 (937.9) MB, 4.9 / 0.0 ms  (average mu = 1.000, current mu = 0.932) task
[53919:0x4e54590] 284959175 ms: Scavenge 901.5 (937.9) -> 892.1 (939.4) MB, 5.1 / 0.0 ms  (average mu = 1.000, current mu = 0.932) task
[53919:0x4e54590] 284959222 ms: Scavenge 903.2 (939.4) -> 893.8 (941.1) MB, 5.0 / 0.0 ms  (average mu = 1.000, current mu = 0.932) task
[53919:0x4e54590] 284959267 ms: Scavenge 904.8 (941.1) -> 895.5 (942.9) MB, 4.7 / 0.0 ms  (average mu = 1.000, current mu = 0.932) task
[53919:0x4e54590] 284959314 ms: Scavenge 906.6 (942.9) -> 897.2 (944.4) MB, 5.7 / 0.0 ms  (average mu = 1.000, current mu = 0.932) task
[53919:0x4e54590] 284959361 ms: Scavenge 908.4 (944.4) -> 899.2 (946.6) MB, 5.8 / 0.0 ms  (average mu = 1.000, current mu = 0.932) task
[53919:0x4e54590] 284959406 ms: Scavenge 910.4 (946.9) -> 901.0 (948.1) MB, 5.2 / 0.0 ms  (average mu = 1.000, current mu = 0.932) task
[53919:0x4e54590] 284959453 ms: Scavenge 912.1 (948.1) -> 902.8 (950.1) MB, 6.2 / 0.0 ms  (average mu = 1.000, current mu = 0.932) task
[53919:0x4e54590] 284959499 ms: Scavenge 913.7 (950.1) -> 904.4 (951.9) MB, 6.0 / 0.0 ms  (average mu = 1.000, current mu = 0.932) task
[53919:0x4e54590] 284959545 ms: Scavenge 915.6 (951.9) -> 906.2 (953.4) MB, 5.4 / 0.0 ms  (average mu = 1.000, current mu = 0.932) task
[53919:0x4e54590] 284959591 ms: Scavenge 917.2 (953.4) -> 907.9 (955.4) MB, 6.0 / 0.0 ms  (average mu = 1.000, current mu = 0.932) task
[53919:0x4e54590] 284959639 ms: Scavenge 918.9 (955.4) -> 909.5 (956.9) MB, 9.1 / 0.0 ms  (average mu = 1.000, current mu = 0.932) task
[53919:0x4e54590] 284959684 ms: Scavenge 920.7 (956.9) -> 911.3 (958.9) MB, 5.0 / 0.0 ms  (average mu = 1.000, current mu = 0.932) task
[53919:0x4e54590] 284959729 ms: Scavenge 922.3 (958.9) -> 913.0 (960.4) MB, 5.6 / 0.0 ms  (average mu = 1.000, current mu = 0.932) task
[53919:0x4e54590] 284959775 ms: Scavenge 924.1 (960.4) -> 914.7 (962.4) MB, 5.6 / 0.0 ms  (average mu = 1.000, current mu = 0.932) task
[53919:0x4e54590] 284959820 ms: Scavenge 925.7 (962.4) -> 916.4 (963.9) MB, 5.6 / 0.0 ms  (average mu = 1.000, current mu = 0.932) task
[53919:0x4e54590] 284959865 ms: Scavenge 927.4 (963.9) -> 918.1 (965.6) MB, 5.0 / 0.0 ms  (average mu = 1.000, current mu = 0.932) task
[53919:0x4e54590] 284959912 ms: Scavenge 929.2 (965.6) -> 919.8 (967.6) MB, 5.4 / 0.0 ms  (average mu = 1.000, current mu = 0.932) task
[53919:0x4e54590] 284959957 ms: Scavenge 931.0 (967.6) -> 921.7 (969.1) MB, 5.4 / 0.0 ms  (average mu = 1.000, current mu = 0.932) task
[53919:0x4e54590] 284960003 ms: Scavenge 932.7 (969.1) -> 923.4 (970.9) MB, 5.3 / 0.0 ms  (average mu = 1.000, current mu = 0.932) task
[53919:0x4e54590] 284960048 ms: Scavenge 934.3 (970.9) -> 925.0 (972.6) MB, 5.0 / 0.0 ms  (average mu = 1.000, current mu = 0.932) task
[53919:0x4e54590] 284960094 ms: Scavenge 936.0 (972.6) -> 926.7 (974.4) MB, 4.9 / 0.0 ms  (average mu = 1.000, current mu = 0.932) task
[53919:0x4e54590] 284960141 ms: Scavenge 938.0 (974.4) -> 928.7 (976.4) MB, 6.8 / 0.0 ms  (average mu = 1.000, current mu = 0.932) task
[53919:0x4e54590] 284960189 ms: Scavenge 939.6 (976.4) -> 930.3 (977.9) MB, 5.8 / 0.0 ms  (average mu = 1.000, current mu = 0.932) task
[53919:0x4e54590] 284960236 ms: Scavenge 941.6 (978.1) -> 932.2 (979.9) MB, 5.2 / 0.0 ms  (average mu = 1.000, current mu = 0.932) task
[53919:0x4e54590] 284960282 ms: Scavenge 943.2 (979.9) -> 933.9 (981.6) MB, 6.4 / 0.0 ms  (average mu = 1.000, current mu = 0.932) task
[53919:0x4e54590] 284960329 ms: Scavenge 944.9 (981.6) -> 935.5 (983.4) MB, 5.7 / 0.0 ms  (average mu = 1.000, current mu = 0.932) task
[53919:0x4e54590] 284960375 ms: Scavenge 946.7 (983.4) -> 937.4 (985.4) MB, 5.6 / 0.0 ms  (average mu = 1.000, current mu = 0.932) task
[53919:0x4e54590] 284960421 ms: Scavenge 948.3 (985.4) -> 939.0 (986.9) MB, 5.4 / 0.0 ms  (average mu = 1.000, current mu = 0.932) task
[53919:0x4e54590] 284960467 ms: Scavenge 950.2 (986.9) -> 940.9 (988.9) MB, 6.6 / 0.0 ms  (average mu = 1.000, current mu = 0.932) task
[53919:0x4e54590] 284960513 ms: Scavenge 951.9 (988.9) -> 942.5 (990.4) MB, 6.0 / 0.0 ms  (average mu = 1.000, current mu = 0.932) task
[53919:0x4e54590] 284960563 ms: Scavenge 953.5 (990.4) -> 944.2 (992.1) MB, 5.6 / 0.0 ms  (average mu = 1.000, current mu = 0.932) task
[53919:0x4e54590] 284960610 ms: Scavenge 955.3 (992.1) -> 945.9 (993.9) MB, 5.9 / 0.0 ms  (average mu = 1.000, current mu = 0.932) task
[53919:0x4e54590] 284960657 ms: Scavenge 957.0 (993.9) -> 947.7 (995.9) MB, 6.1 / 0.0 ms  (average mu = 1.000, current mu = 0.932) task
[53919:0x4e54590] 284960703 ms: Scavenge 958.8 (995.9) -> 949.4 (997.6) MB, 4.9 / 0.0 ms  (average mu = 1.000, current mu = 0.932) task
[53919:0x4e54590] 284960752 ms: Scavenge 960.4 (997.6) -> 951.1 (999.1) MB, 5.5 / 0.0 ms  (average mu = 1.000, current mu = 0.932) task
[53919:0x4e54590] 284960798 ms: Scavenge 962.1 (999.1) -> 952.7 (1000.9) MB, 5.2 / 0.0 ms  (average mu = 1.000, current mu = 0.932) task
[53919:0x4e54590] 284960845 ms: Scavenge 963.9 (1000.9) -> 954.6 (1002.6) MB, 6.4 / 0.0 ms  (average mu = 1.000, current mu = 0.932) task
[53919:0x4e54590] 284960894 ms: Scavenge 965.5 (1002.6) -> 956.3 (1004.9) MB, 6.6 / 0.0 ms  (average mu = 1.000, current mu = 0.932) task
[53919:0x4e54590] 284960943 ms: Scavenge 967.4 (1004.9) -> 957.9 (1005.9) MB, 6.1 / 0.0 ms  (average mu = 1.000, current mu = 0.932) task
[53919:0x4e54590] 284960990 ms: Scavenge 968.9 (1005.9) -> 959.6 (1007.6) MB, 6.3 / 0.0 ms  (average mu = 1.000, current mu = 0.932) task
[53919:0x4e54590] 284961038 ms: Scavenge 971.0 (1007.9) -> 961.6 (1009.6) MB, 6.3 / 0.0 ms  (average mu = 1.000, current mu = 0.932) task
[53919:0x4e54590] 284961085 ms: Scavenge 972.7 (1009.6) -> 963.4 (1011.9) MB, 5.9 / 0.0 ms  (average mu = 1.000, current mu = 0.932) task
[53919:0x4e54590] 284961131 ms: Scavenge 974.4 (1011.9) -> 965.1 (1013.4) MB, 5.7 / 0.0 ms  (average mu = 1.000, current mu = 0.932) task
[53919:0x4e54590] 284961177 ms: Scavenge 976.1 (1013.4) -> 966.7 (1014.9) MB, 5.1 / 0.0 ms  (average mu = 1.000, current mu = 0.932) task
[53919:0x4e54590] 284961224 ms: Scavenge 977.8 (1014.9) -> 968.5 (1016.9) MB, 5.7 / 0.0 ms  (average mu = 1.000, current mu = 0.932) task
[53919:0x4e54590] 284961274 ms: Scavenge 979.6 (1016.9) -> 970.2 (1018.6) MB, 6.1 / 0.0 ms  (average mu = 1.000, current mu = 0.932) task
[53919:0x4e54590] 284961322 ms: Scavenge 981.3 (1018.6) -> 972.0 (1020.4) MB, 5.8 / 0.0 ms  (average mu = 1.000, current mu = 0.932) task
[53919:0x4e54590] 284961370 ms: Scavenge 983.0 (1020.4) -> 973.6 (1022.1) MB, 5.7 / 0.0 ms  (average mu = 1.000, current mu = 0.932) task
[53919:0x4e54590] 284961417 ms: Scavenge 984.9 (1022.1) -> 975.5 (1024.1) MB, 6.2 / 0.0 ms  (average mu = 1.000, current mu = 0.932) task
[53919:0x4e54590] 284961463 ms: Scavenge 986.5 (1024.1) -> 977.2 (1025.9) MB, 6.2 / 0.0 ms  (average mu = 1.000, current mu = 0.932) task
[53919:0x4e54590] 284961510 ms: Scavenge 988.3 (1025.9) -> 978.8 (1027.4) MB, 5.9 / 0.0 ms  (average mu = 1.000, current mu = 0.932) task
[53919:0x4e54590] 284961557 ms: Scavenge 989.8 (1027.4) -> 980.5 (1029.4) MB, 6.4 / 0.0 ms  (average mu = 1.000, current mu = 0.932) task
[53919:0x4e54590] 284961602 ms: Scavenge 991.5 (1029.4) -> 982.2 (1030.9) MB, 5.8 / 0.0 ms  (average mu = 1.000, current mu = 0.932) task
[53919:0x4e54590] 284961648 ms: Scavenge 993.4 (1030.9) -> 984.0 (1032.4) MB, 5.6 / 0.0 ms  (average mu = 1.000, current mu = 0.932) task
[53919:0x4e54590] 284961693 ms: Scavenge 995.0 (1032.4) -> 985.7 (1034.6) MB, 5.5 / 0.0 ms  (average mu = 1.000, current mu = 0.932) task
[53919:0x4e54590] 284961739 ms: Scavenge 996.9 (1034.6) -> 987.4 (1036.1) MB, 5.4 / 0.0 ms  (average mu = 1.000, current mu = 0.932) task
[53919:0x4e54590] 284961787 ms: Scavenge 998.4 (1036.1) -> 989.1 (1037.9) MB, 6.3 / 0.0 ms  (average mu = 1.000, current mu = 0.932) task
[53919:0x4e54590] 284961833 ms: Scavenge 1000.1 (1037.9) -> 990.8 (1039.6) MB, 6.0 / 0.0 ms  (average mu = 1.000, current mu = 0.932) task
[53919:0x4e54590] 284961880 ms: Scavenge 1002.2 (1039.9) -> 992.8 (1041.4) MB, 5.8 / 0.0 ms  (average mu = 1.000, current mu = 0.932) task
[53919:0x4e54590] 284961927 ms: Scavenge 1003.8 (1041.4) -> 994.5 (1043.6) MB, 6.2 / 0.0 ms  (average mu = 1.000, current mu = 0.932) task
[53919:0x4e54590] 284961975 ms: Scavenge 1005.7 (1043.6) -> 996.3 (1045.1) MB, 6.9 / 0.0 ms  (average mu = 1.000, current mu = 0.932) task
[53919:0x4e54590] 284962020 ms: Scavenge 1007.4 (1045.1) -> 998.1 (1047.1) MB, 5.7 / 0.0 ms  (average mu = 1.000, current mu = 0.932) task
[53919:0x4e54590] 284962066 ms: Scavenge 1009.2 (1047.1) -> 999.8 (1048.6) MB, 5.8 / 0.0 ms  (average mu = 1.000, current mu = 0.932) task
[53919:0x4e54590] 284962112 ms: Scavenge 1010.7 (1048.6) -> 1001.4 (1050.4) MB, 5.5 / 0.0 ms  (average mu = 1.000, current mu = 0.932) task
[53919:0x4e54590] 284962158 ms: Scavenge 1012.4 (1050.4) -> 1003.1 (1051.9) MB, 5.8 / 0.0 ms  (average mu = 1.000, current mu = 0.932) task
[53919:0x4e54590] 284962206 ms: Scavenge 1014.2 (1051.9) -> 1004.9 (1054.1) MB, 6.1 / 0.0 ms  (average mu = 1.000, current mu = 0.932) task
[53919:0x4e54590] 284962251 ms: Scavenge 1015.9 (1054.1) -> 1006.5 (1055.4) MB, 5.4 / 0.0 ms  (average mu = 1.000, current mu = 0.932) task
[53919:0x4e54590] 284962298 ms: Scavenge 1017.7 (1055.4) -> 1008.3 (1057.6) MB, 5.5 / 0.0 ms  (average mu = 1.000, current mu = 0.932) task
[53919:0x4e54590] 284962343 ms: Scavenge 1019.3 (1057.6) -> 1010.0 (1059.1) MB, 5.4 / 0.0 ms  (average mu = 1.000, current mu = 0.932) task
[53919:0x4e54590] 284962390 ms: Scavenge 1021.2 (1059.1) -> 1011.9 (1061.1) MB, 6.4 / 0.0 ms  (average mu = 1.000, current mu = 0.932) task
[53919:0x4e54590] 284962437 ms: Scavenge 1024.3 (1062.4) -> 1014.9 (1063.9) MB, 5.5 / 0.0 ms  (average mu = 1.000, current mu = 0.932) task
[53919:0x4e54590] 284962485 ms: Scavenge 1025.8 (1063.9) -> 1016.6 (1065.9) MB, 6.6 / 0.0 ms  (average mu = 1.000, current mu = 0.932) task
[53919:0x4e54590] 284962533 ms: Scavenge 1027.6 (1065.9) -> 1018.2 (1067.4) MB, 5.6 / 0.0 ms  (average mu = 1.000, current mu = 0.932) task
[53919:0x4e54590] 284962579 ms: Scavenge 1029.2 (1067.4) -> 1019.9 (1068.9) MB, 5.7 / 0.0 ms  (average mu = 1.000, current mu = 0.932) task
[53919:0x4e54590] 284962626 ms: Scavenge 1031.0 (1068.9) -> 1021.8 (1071.2) MB, 6.2 / 0.0 ms  (average mu = 1.000, current mu = 0.932) task
[53919:0x4e54590] 284962674 ms: Scavenge 1032.8 (1071.2) -> 1023.4 (1072.7) MB, 5.9 / 0.0 ms  (average mu = 1.000, current mu = 0.932) task
[53919:0x4e54590] 284962721 ms: Scavenge 1034.6 (1072.9) -> 1025.3 (1074.7) MB, 6.6 / 0.0 ms  (average mu = 1.000, current mu = 0.932) task
[53919:0x4e54590] 284962774 ms: Scavenge 1036.4 (1074.7) -> 1027.0 (1076.4) MB, 6.3 / 0.0 ms  (average mu = 1.000, current mu = 0.932) task
[53919:0x4e54590] 284962820 ms: Scavenge 1038.2 (1076.4) -> 1029.0 (1078.7) MB, 6.6 / 0.0 ms  (average mu = 1.000, current mu = 0.932) task
[53919:0x4e54590] 284962866 ms: Scavenge 1039.9 (1078.7) -> 1030.6 (1079.9) MB, 5.3 / 0.0 ms  (average mu = 1.000, current mu = 0.932) task
[53919:0x4e54590] 284962913 ms: Scavenge 1041.7 (1079.9) -> 1032.2 (1081.4) MB, 5.7 / 0.0 ms  (average mu = 1.000, current mu = 0.932) task
[53919:0x4e54590] 284962961 ms: Scavenge 1043.2 (1081.4) -> 1033.9 (1083.4) MB, 6.9 / 0.0 ms  (average mu = 1.000, current mu = 0.932) task
[53919:0x4e54590] 284963008 ms: Scavenge 1045.0 (1083.4) -> 1035.6 (1085.2) MB, 5.9 / 0.0 ms  (average mu = 1.000, current mu = 0.932) task
[53919:0x4e54590] 284963055 ms: Scavenge 1046.6 (1085.2) -> 1037.3 (1086.9) MB, 6.2 / 0.0 ms  (average mu = 1.000, current mu = 0.932) task
[53919:0x4e54590] 284963101 ms: Scavenge 1048.4 (1086.9) -> 1039.1 (1088.4) MB, 5.5 / 0.0 ms  (average mu = 1.000, current mu = 0.932) task
[53919:0x4e54590] 284963147 ms: Scavenge 1050.2 (1088.4) -> 1040.8 (1090.7) MB, 6.0 / 0.0 ms  (average mu = 1.000, current mu = 0.932) task
[53919:0x4e54590] 284963191 ms: Scavenge 1051.8 (1090.7) -> 1042.5 (1091.9) MB, 4.8 / 0.0 ms  (average mu = 1.000, current mu = 0.932) task
[53919:0x4e54590] 284963236 ms: Scavenge 1053.7 (1091.9) -> 1044.3 (1093.9) MB, 4.9 / 0.0 ms  (average mu = 1.000, current mu = 0.932) task
[53919:0x4e54590] 284963281 ms: Scavenge 1055.3 (1093.9) -> 1045.9 (1095.4) MB, 5.3 / 0.0 ms  (average mu = 1.000, current mu = 0.932) task
[53919:0x4e54590] 284963327 ms: Scavenge 1057.0 (1095.4) -> 1047.7 (1097.2) MB, 5.8 / 0.0 ms  (average mu = 1.000, current mu = 0.932) task
[53919:0x4e54590] 284963373 ms: Scavenge 1058.8 (1097.2) -> 1049.4 (1099.2) MB, 5.0 / 0.0 ms  (average mu = 1.000, current mu = 0.932) task
[53919:0x4e54590] 284963419 ms: Scavenge 1060.5 (1099.2) -> 1051.2 (1100.9) MB, 5.7 / 0.0 ms  (average mu = 1.000, current mu = 0.932) task
[53919:0x4e54590] 284963466 ms: Scavenge 1062.3 (1100.9) -> 1052.9 (1102.9) MB, 5.9 / 0.0 ms  (average mu = 1.000, current mu = 0.932) task
[53919:0x4e54590] 284963513 ms: Scavenge 1063.9 (1102.9) -> 1054.6 (1104.2) MB, 5.5 / 0.0 ms  (average mu = 1.000, current mu = 0.932) task
[53919:0x4e54590] 284963561 ms: Scavenge 1065.9 (1104.4) -> 1056.5 (1106.2) MB, 5.4 / 0.0 ms  (average mu = 1.000, current mu = 0.932) task
[53919:0x4e54590] 284963607 ms: Scavenge 1067.7 (1106.2) -> 1058.4 (1108.7) MB, 6.1 / 0.0 ms  (average mu = 1.000, current mu = 0.932) task
[53919:0x4e54590] 284963656 ms: Scavenge 1069.4 (1108.7) -> 1060.1 (1109.9) MB, 5.4 / 0.0 ms  (average mu = 1.000, current mu = 0.932) task
[53919:0x4e54590] 284963704 ms: Scavenge 1071.1 (1109.9) -> 1061.7 (1111.4) MB, 5.4 / 0.0 ms  (average mu = 1.000, current mu = 0.932) task
[53919:0x4e54590] 284963756 ms: Scavenge 1072.7 (1111.4) -> 1063.5 (1113.4) MB, 5.9 / 0.0 ms  (average mu = 1.000, current mu = 0.932) task
[53919:0x4e54590] 284963804 ms: Scavenge 1074.6 (1113.4) -> 1065.1 (1114.9) MB, 5.6 / 0.0 ms  (average mu = 1.000, current mu = 0.932) task
[53919:0x4e54590] 284963851 ms: Scavenge 1076.2 (1114.9) -> 1066.9 (1116.9) MB, 5.2 / 0.0 ms  (average mu = 1.000, current mu = 0.932) task
[53919:0x4e54590] 284963899 ms: Scavenge 1077.9 (1116.9) -> 1068.5 (1118.4) MB, 5.2 / 0.0 ms  (average mu = 1.000, current mu = 0.932) task
[53919:0x4e54590] 284963945 ms: Scavenge 1079.6 (1118.4) -> 1070.2 (1120.2) MB, 5.0 / 0.0 ms  (average mu = 1.000, current mu = 0.932) task
[53919:0x4e54590] 284963995 ms: Scavenge 1081.3 (1120.2) -> 1072.1 (1122.4) MB, 6.8 / 0.0 ms  (average mu = 1.000, current mu = 0.932) task
[53919:0x4e54590] 284964043 ms: Scavenge 1083.1 (1122.4) -> 1073.7 (1123.9) MB, 6.5 / 0.0 ms  (average mu = 1.000, current mu = 0.932) task
[53919:0x4e54590] 284964090 ms: Scavenge 1084.9 (1123.9) -> 1075.6 (1125.7) MB, 5.8 / 0.0 ms  (average mu = 1.000, current mu = 0.932) task
[53919:0x4e54590] 284964136 ms: Scavenge 1086.6 (1125.7) -> 1077.2 (1127.4) MB, 5.4 / 0.0 ms  (average mu = 1.000, current mu = 0.932) task
[53919:0x4e54590] 284964183 ms: Scavenge 1088.3 (1127.4) -> 1078.9 (1129.2) MB, 6.3 / 0.0 ms  (average mu = 1.000, current mu = 0.932) task
[53919:0x4e54590] 284964230 ms: Scavenge 1089.9 (1129.2) -> 1080.6 (1130.7) MB, 5.4 / 0.0 ms  (average mu = 1.000, current mu = 0.932) task
[53919:0x4e54590] 284964278 ms: Scavenge 1091.7 (1130.7) -> 1082.4 (1132.9) MB, 7.4 / 0.0 ms  (average mu = 1.000, current mu = 0.932) task
[53919:0x4e54590] 284964325 ms: Scavenge 1093.4 (1132.9) -> 1084.0 (1134.2) MB, 5.4 / 0.0 ms  (average mu = 1.000, current mu = 0.932) task
[53919:0x4e54590] 284964372 ms: Scavenge 1095.1 (1134.2) -> 1085.9 (1136.2) MB, 6.1 / 0.0 ms  (average mu = 1.000, current mu = 0.932) task
[53919:0x4e54590] 284964419 ms: Scavenge 1097.2 (1136.4) -> 1087.8 (1138.2) MB, 6.7 / 0.0 ms  (average mu = 1.000, current mu = 0.932) task
[53919:0x4e54590] 284964468 ms: Scavenge 1098.7 (1138.2) -> 1089.4 (1139.7) MB, 6.8 / 0.0 ms  (average mu = 1.000, current mu = 0.932) task
[53919:0x4e54590] 284964516 ms: Scavenge 1100.7 (1139.7) -> 1091.3 (1141.9) MB, 7.0 / 0.0 ms  (average mu = 1.000, current mu = 0.932) task
[53919:0x4e54590] 284964563 ms: Scavenge 1102.3 (1141.9) -> 1093.0 (1143.4) MB, 6.3 / 0.0 ms  (average mu = 1.000, current mu = 0.932) task
[53919:0x4e54590] 284964608 ms: Scavenge 1103.9 (1143.4) -> 1094.6 (1144.9) MB, 5.5 / 0.0 ms  (average mu = 1.000, current mu = 0.932) task
[53919:0x4e54590] 284964655 ms: Scavenge 1105.7 (1144.9) -> 1096.3 (1146.7) MB, 5.3 / 0.0 ms  (average mu = 1.000, current mu = 0.932) task
[53919:0x4e54590] 284964701 ms: Scavenge 1107.4 (1146.7) -> 1098.2 (1148.9) MB, 4.9 / 0.0 ms  (average mu = 1.000, current mu = 0.932) task
[53919:0x4e54590] 284964748 ms: Scavenge 1109.2 (1148.9) -> 1099.8 (1150.2) MB, 5.8 / 0.0 ms  (average mu = 1.000, current mu = 0.932) task
[53919:0x4e54590] 284964794 ms: Scavenge 1110.8 (1150.2) -> 1101.5 (1152.4) MB, 6.0 / 0.0 ms  (average mu = 1.000, current mu = 0.932) task
[53919:0x4e54590] 284964841 ms: Scavenge 1112.8 (1152.4) -> 1103.3 (1153.7) MB, 5.8 / 0.0 ms  (average mu = 1.000, current mu = 0.932) task
[53919:0x4e54590] 284964888 ms: Scavenge 1114.3 (1153.7) -> 1105.0 (1155.4) MB, 5.9 / 0.0 ms  (average mu = 1.000, current mu = 0.932) task
[53919:0x4e54590] 284964933 ms: Scavenge 1116.0 (1155.4) -> 1106.7 (1157.4) MB, 6.1 / 0.0 ms  (average mu = 1.000, current mu = 0.932) task
[53919:0x4e54590] 284964981 ms: Scavenge 1117.7 (1157.4) -> 1108.4 (1158.9) MB, 6.0 / 0.0 ms  (average mu = 1.000, current mu = 0.932) task
[53919:0x4e54590] 284965030 ms: Scavenge 1119.4 (1158.9) -> 1110.1 (1161.2) MB, 6.9 / 0.0 ms  (average mu = 1.000, current mu = 0.932) task
[53919:0x4e54590] 284965077 ms: Scavenge 1121.2 (1161.2) -> 1111.8 (1162.4) MB, 5.7 / 0.0 ms  (average mu = 1.000, current mu = 0.932) task
[53919:0x4e54590] 284965123 ms: Scavenge 1122.9 (1162.4) -> 1113.7 (1164.7) MB, 5.9 / 0.0 ms  (average mu = 1.000, current mu = 0.932) task
[53919:0x4e54590] 284965167 ms: Scavenge 1124.7 (1164.7) -> 1115.2 (1165.9) MB, 5.2 / 0.0 ms  (average mu = 1.000, current mu = 0.932) task
[53919:0x4e54590] 284965214 ms: Scavenge 1126.3 (1165.9) -> 1117.0 (1168.2) MB, 6.4 / 0.0 ms  (average mu = 1.000, current mu = 0.932) task
[53919:0x4e54590] 284965258 ms: Scavenge 1128.3 (1168.4) -> 1119.0 (1169.7) MB, 4.6 / 0.0 ms  (average mu = 1.000, current mu = 0.932) task
[53919:0x4e54590] 284965311 ms: Scavenge 1130.0 (1169.7) -> 1120.7 (1171.7) MB, 6.9 / 0.0 ms  (average mu = 1.000, current mu = 0.932) task
[53919:0x4e54590] 284965357 ms: Scavenge 1131.7 (1171.7) -> 1122.3 (1173.2) MB, 5.8 / 0.0 ms  (average mu = 1.000, current mu = 0.932) task
[53919:0x4e54590] 284965404 ms: Scavenge 1133.5 (1173.2) -> 1124.2 (1175.7) MB, 6.5 / 0.0 ms  (average mu = 1.000, current mu = 0.932) task
[53919:0x4e54590] 284965450 ms: Scavenge 1135.3 (1175.7) -> 1125.9 (1176.7) MB, 5.5 / 0.0 ms  (average mu = 1.000, current mu = 0.932) task
[53919:0x4e54590] 284965496 ms: Scavenge 1136.9 (1176.7) -> 1127.6 (1178.7) MB, 6.1 / 0.0 ms  (average mu = 1.000, current mu = 0.932) task
[53919:0x4e54590] 284965545 ms: Scavenge 1138.7 (1178.7) -> 1129.3 (1180.4) MB, 6.2 / 0.0 ms  (average mu = 1.000, current mu = 0.932) task
[53919:0x4e54590] 284965594 ms: Scavenge 1140.2 (1180.4) -> 1130.9 (1181.7) MB, 6.8 / 0.0 ms  (average mu = 1.000, current mu = 0.932) task
[53919:0x4e54590] 284965643 ms: Scavenge 1142.0 (1181.7) -> 1132.7 (1183.9) MB, 7.2 / 0.0 ms  (average mu = 1.000, current mu = 0.932) task
[53919:0x4e54590] 284965690 ms: Scavenge 1144.0 (1183.9) -> 1134.5 (1185.4) MB, 5.8 / 0.0 ms  (average mu = 1.000, current mu = 0.932) task
[53919:0x4e54590] 284965737 ms: Scavenge 1145.5 (1185.4) -> 1136.2 (1187.2) MB, 6.2 / 0.0 ms  (average mu = 1.000, current mu = 0.932) task
[53919:0x4e54590] 284965784 ms: Scavenge 1147.3 (1187.2) -> 1137.9 (1189.2) MB, 5.7 / 0.0 ms  (average mu = 1.000, current mu = 0.932) task
[53919:0x4e54590] 284965831 ms: Scavenge 1148.9 (1189.2) -> 1139.6 (1190.7) MB, 5.9 / 0.0 ms  (average mu = 1.000, current mu = 0.932) task
[53919:0x4e54590] 284965879 ms: Scavenge 1150.6 (1190.7) -> 1141.3 (1192.7) MB, 6.5 / 0.0 ms  (average mu = 1.000, current mu = 0.932) task
[53919:0x4e54590] 284965926 ms: Scavenge 1152.4 (1192.7) -> 1143.0 (1194.2) MB, 5.5 / 0.0 ms  (average mu = 1.000, current mu = 0.932) task
[53919:0x4e54590] 284965973 ms: Scavenge 1154.1 (1194.2) -> 1144.8 (1196.2) MB, 7.0 / 0.0 ms  (average mu = 1.000, current mu = 0.932) task
[53919:0x4e54590] 284966020 ms: Scavenge 1155.9 (1196.2) -> 1146.4 (1197.7) MB, 5.7 / 0.0 ms  (average mu = 1.000, current mu = 0.932) task
[53919:0x4e54590] 284966067 ms: Scavenge 1157.7 (1197.9) -> 1148.4 (1199.7) MB, 7.4 / 0.0 ms  (average mu = 1.000, current mu = 0.932) task
[53919:0x4e54590] 284966115 ms: Scavenge 1159.4 (1199.7) -> 1150.1 (1201.2) MB, 5.7 / 0.0 ms  (average mu = 1.000, current mu = 0.932) task
[53919:0x4e54590] 284966164 ms: Scavenge 1161.3 (1201.2) -> 1151.9 (1203.7) MB, 6.9 / 0.0 ms  (average mu = 1.000, current mu = 0.932) task
[53919:0x4e54590] 284966211 ms: Scavenge 1162.9 (1203.7) -> 1153.6 (1205.2) MB, 6.3 / 0.0 ms  (average mu = 1.000, current mu = 0.932) task
[53919:0x4e54590] 284966258 ms: Scavenge 1164.7 (1205.2) -> 1155.3 (1206.9) MB, 5.5 / 0.0 ms  (average mu = 1.000, current mu = 0.932) task
[53919:0x4e54590] 284966305 ms: Scavenge 1166.3 (1206.9) -> 1157.0 (1208.4) MB, 6.1 / 0.0 ms  (average mu = 1.000, current mu = 0.932) task
[53919:0x4e54590] 284966372 ms: Scavenge 1182.1 (1222.5) -> 1172.7 (1224.2) MB, 5.8 / 0.0 ms  (average mu = 1.000, current mu = 0.932) task
[53919:0x4e54590] 284966418 ms: Scavenge 1183.7 (1224.2) -> 1174.4 (1226.0) MB, 6.0 / 0.0 ms  (average mu = 1.000, current mu = 0.932) task
[53919:0x4e54590] 284966464 ms: Scavenge 1185.4 (1226.0) -> 1176.2 (1227.7) MB, 5.3 / 0.0 ms  (average mu = 1.000, current mu = 0.932) task
[53919:0x4e54590] 284966512 ms: Scavenge 1187.4 (1227.7) -> 1178.0 (1229.5) MB, 6.3 / 0.0 ms  (average mu = 1.000, current mu = 0.932) task
[53919:0x4e54590] 284966559 ms: Scavenge 1189.0 (1229.5) -> 1179.7 (1231.5) MB, 6.1 / 0.0 ms  (average mu = 1.000, current mu = 0.932) task
[53919:0x4e54590] 284966608 ms: Scavenge 1190.7 (1231.5) -> 1181.3 (1233.0) MB, 6.4 / 0.0 ms  (average mu = 1.000, current mu = 0.932) task
[53919:0x4e54590] 284966659 ms: Scavenge 1192.3 (1233.0) -> 1183.0 (1234.7) MB, 10.0 / 0.0 ms  (average mu = 1.000, current mu = 0.932) task
[53919:0x4e54590] 284966706 ms: Scavenge 1194.1 (1234.7) -> 1184.7 (1236.2) MB, 6.0 / 0.0 ms  (average mu = 1.000, current mu = 0.932) task
[53919:0x4e54590] 284966755 ms: Scavenge 1195.8 (1236.2) -> 1186.5 (1238.5) MB, 6.6 / 0.0 ms  (average mu = 1.000, current mu = 0.932) task
[53919:0x4e54590] 284966803 ms: Scavenge 1197.6 (1238.5) -> 1188.3 (1240.5) MB, 7.3 / 0.0 ms  (average mu = 1.000, current mu = 0.932) task
[53919:0x4e54590] 284966852 ms: Scavenge 1199.4 (1240.5) -> 1189.9 (1242.0) MB, 5.7 / 0.0 ms  (average mu = 1.000, current mu = 0.932) task
[53919:0x4e54590] 284966903 ms: Scavenge 1201.1 (1242.0) -> 1191.8 (1243.7) MB, 6.3 / 0.0 ms  (average mu = 1.000, current mu = 0.932) task
[53919:0x4e54590] 284966950 ms: Scavenge 1203.0 (1244.0) -> 1193.7 (1245.5) MB, 5.5 / 0.0 ms  (average mu = 1.000, current mu = 0.932) task
[53919:0x4e54590] 284966997 ms: Scavenge 1204.8 (1245.5) -> 1195.4 (1247.2) MB, 6.3 / 0.0 ms  (average mu = 1.000, current mu = 0.932) task
[53919:0x4e54590] 284967044 ms: Scavenge 1206.4 (1247.2) -> 1197.0 (1249.0) MB, 6.2 / 0.0 ms  (average mu = 1.000, current mu = 0.932) task
[53919:0x4e54590] 284967092 ms: Scavenge 1208.2 (1249.0) -> 1198.8 (1250.7) MB, 6.4 / 0.0 ms  (average mu = 1.000, current mu = 0.932) task
[53919:0x4e54590] 284967139 ms: Scavenge 1209.7 (1250.7) -> 1200.5 (1252.5) MB, 5.8 / 0.0 ms  (average mu = 1.000, current mu = 0.932) task
[53919:0x4e54590] 284967188 ms: Scavenge 1211.7 (1252.5) -> 1202.4 (1254.7) MB, 6.9 / 0.0 ms  (average mu = 1.000, current mu = 0.932) task
[53919:0x4e54590] 284967234 ms: Scavenge 1213.5 (1254.7) -> 1204.0 (1256.0) MB, 5.6 / 0.0 ms  (average mu = 1.000, current mu = 0.932) task
[53919:0x4e54590] 284967279 ms: Scavenge 1215.0 (1256.0) -> 1205.7 (1257.7) MB, 4.7 / 0.0 ms  (average mu = 1.000, current mu = 0.932) task
[53919:0x4e54590] 284967324 ms: Scavenge 1216.8 (1257.7) -> 1207.4 (1259.2) MB, 5.3 / 0.0 ms  (average mu = 1.000, current mu = 0.932) task
[53919:0x4e54590] 284967371 ms: Scavenge 1218.4 (1259.2) -> 1209.1 (1261.7) MB, 5.6 / 0.0 ms  (average mu = 1.000, current mu = 0.932) task
[53919:0x4e54590] 284967417 ms: Scavenge 1220.3 (1261.7) -> 1210.9 (1263.2) MB, 6.2 / 0.0 ms  (average mu = 1.000, current mu = 0.932) task
[53919:0x4e54590] 284967463 ms: Scavenge 1222.0 (1263.2) -> 1212.6 (1264.7) MB, 6.2 / 0.0 ms  (average mu = 1.000, current mu = 0.932) task
[53919:0x4e54590] 284967511 ms: Scavenge 1223.6 (1264.7) -> 1214.3 (1266.2) MB, 6.1 / 0.0 ms  (average mu = 1.000, current mu = 0.932) task
[53919:0x4e54590] 284967557 ms: Scavenge 1225.4 (1266.2) -> 1216.0 (1268.2) MB, 6.1 / 0.0 ms  (average mu = 1.000, current mu = 0.932) task
[53919:0x4e54590] 284967604 ms: Scavenge 1227.0 (1268.2) -> 1217.7 (1269.7) MB, 5.6 / 0.0 ms  (average mu = 1.000, current mu = 0.932) task
[53919:0x4e54590] 284967651 ms: Scavenge 1228.9 (1269.7) -> 1219.5 (1272.0) MB, 5.9 / 0.0 ms  (average mu = 1.000, current mu = 0.932) task
[53919:0x4e54590] 284967698 ms: Scavenge 1230.5 (1272.0) -> 1221.1 (1273.5) MB, 5.4 / 0.0 ms  (average mu = 1.000, current mu = 0.932) task
[53919:0x4e54590] 284967744 ms: Scavenge 1232.1 (1273.5) -> 1222.9 (1275.0) MB, 5.7 / 0.0 ms  (average mu = 1.000, current mu = 0.932) task
[53919:0x4e54590] 284967795 ms: Scavenge 1234.3 (1275.2) -> 1224.8 (1277.5) MB, 6.5 / 0.0 ms  (average mu = 1.000, current mu = 0.932) task
[53919:0x4e54590] 284967843 ms: Scavenge 1235.8 (1277.5) -> 1226.5 (1279.0) MB, 5.5 / 0.0 ms  (average mu = 1.000, current mu = 0.932) task
[53919:0x4e54590] 284967891 ms: Scavenge 1237.7 (1279.0) -> 1228.3 (1280.7) MB, 5.6 / 0.0 ms  (average mu = 1.000, current mu = 0.932) task
[53919:0x4e54590] 284967939 ms: Scavenge 1239.3 (1280.7) -> 1230.0 (1282.5) MB, 6.9 / 0.0 ms  (average mu = 1.000, current mu = 0.932) task
[53919:0x4e54590] 284967988 ms: Scavenge 1240.9 (1282.5) -> 1231.6 (1284.0) MB, 6.7 / 0.0 ms  (average mu = 1.000, current mu = 0.932) task
[53919:0x4e54590] 284968038 ms: Scavenge 1242.8 (1284.0) -> 1233.4 (1286.0) MB, 7.4 / 0.0 ms  (average mu = 1.000, current mu = 0.932) task
[53919:0x4e54590] 284968086 ms: Scavenge 1244.4 (1286.0) -> 1235.1 (1287.5) MB, 6.4 / 0.0 ms  (average mu = 1.000, current mu = 0.932) task
[53919:0x4e54590] 284968134 ms: Scavenge 1246.2 (1287.5) -> 1236.9 (1289.7) MB, 7.0 / 0.0 ms  (average mu = 1.000, current mu = 0.932) task
[53919:0x4e54590] 284968182 ms: Scavenge 1247.9 (1289.7) -> 1238.6 (1291.5) MB, 6.1 / 0.0 ms  (average mu = 1.000, current mu = 0.932) task
[53919:0x4e54590] 284968227 ms: Scavenge 1249.7 (1291.5) -> 1240.2 (1293.0) MB, 5.9 / 0.0 ms  (average mu = 1.000, current mu = 0.932) task
[53919:0x4e54590] 284968272 ms: Scavenge 1251.4 (1293.0) -> 1242.0 (1294.7) MB, 5.5 / 0.0 ms  (average mu = 1.000, current mu = 0.932) task
[53919:0x4e54590] 284968317 ms: Scavenge 1253.0 (1294.7) -> 1243.8 (1296.5) MB, 5.6 / 0.0 ms  (average mu = 1.000, current mu = 0.932) task
[53919:0x4e54590] 284968364 ms: Scavenge 1254.9 (1296.5) -> 1245.4 (1298.2) MB, 5.7 / 0.0 ms  (average mu = 1.000, current mu = 0.932) task
[53919:0x4e54590] 284968412 ms: Scavenge 1256.6 (1298.2) -> 1247.3 (1300.2) MB, 7.7 / 0.0 ms  (average mu = 1.000, current mu = 0.932) task
[53919:0x4e54590] 284968458 ms: Scavenge 1258.3 (1300.2) -> 1248.9 (1301.7) MB, 6.2 / 0.0 ms  (average mu = 1.000, current mu = 0.932) task
[53919:0x4e54590] 284968504 ms: Scavenge 1260.0 (1301.7) -> 1250.6 (1303.2) MB, 6.5 / 0.0 ms  (average mu = 1.000, current mu = 0.932) task
[53919:0x4e54590] 284970089 ms: Mark-sweep 1253.1 (1303.2) -> 1223.0 (1294.0) MB, 1429.9 / 0.0 ms  (+ 121.7 ms in 47 steps since start of marking, biggest step 20.0 ms, walltime since start of marking 1584 ms) (average mu = 1.000, current mu = 0.930) finalize incremental marking via task GC in old space requested
[53919:0x4e54590] 284970224 ms: Scavenge 1236.3 (1294.0) -> 1225.3 (1294.0) MB, 4.8 / 0.0 ms  (average mu = 1.000, current mu = 0.930) task
[53919:0x4e54590] 284970278 ms: Scavenge 1236.4 (1294.0) -> 1227.0 (1294.5) MB, 12.4 / 0.0 ms  (average mu = 1.000, current mu = 0.930) task
[53919:0x4e54590] 284970401 ms: Scavenge 1238.4 (1294.7) -> 1229.0 (1295.2) MB, 8.3 / 0.0 ms  (average mu = 1.000, current mu = 0.930) task
[53919:0x4e54590] 284970448 ms: Scavenge 1240.0 (1295.2) -> 1230.7 (1297.5) MB, 6.9 / 0.0 ms  (average mu = 1.000, current mu = 0.930) task
[53919:0x4e54590] 284970495 ms: Scavenge 1241.8 (1297.5) -> 1232.5 (1298.7) MB, 6.2 / 0.0 ms  (average mu = 1.000, current mu = 0.930) task
[53919:0x4e54590] 284970542 ms: Scavenge 1243.5 (1298.7) -> 1234.1 (1300.5) MB, 6.2 / 0.0 ms  (average mu = 1.000, current mu = 0.930) task
[53919:0x4e54590] 284970589 ms: Scavenge 1245.3 (1300.5) -> 1236.1 (1302.5) MB, 6.9 / 0.0 ms  (average mu = 1.000, current mu = 0.930) task
[53919:0x4e54590] 284970634 ms: Scavenge 1247.2 (1302.5) -> 1237.7 (1304.0) MB, 6.1 / 0.0 ms  (average mu = 1.000, current mu = 0.930) task
[53919:0x4e54590] 284970681 ms: Scavenge 1248.7 (1304.0) -> 1239.4 (1305.7) MB, 6.1 / 0.0 ms  (average mu = 1.000, current mu = 0.930) task
[53919:0x4e54590] 284970729 ms: Scavenge 1250.3 (1305.7) -> 1241.0 (1307.2) MB, 6.4 / 0.0 ms  (average mu = 1.000, current mu = 0.930) task
[53919:0x4e54590] 284970775 ms: Scavenge 1252.1 (1307.2) -> 1242.7 (1308.7) MB, 5.4 / 0.0 ms  (average mu = 1.000, current mu = 0.930) task
[53919:0x4e54590] 284970821 ms: Scavenge 1253.8 (1308.7) -> 1244.5 (1310.5) MB, 6.8 / 0.0 ms  (average mu = 1.000, current mu = 0.930) task
[53919:0x4e54590] 284970872 ms: Scavenge 1255.6 (1310.5) -> 1246.2 (1312.0) MB, 6.7 / 0.0 ms  (average mu = 1.000, current mu = 0.930) task
[53919:0x4e54590] 284970921 ms: Scavenge 1257.2 (1312.0) -> 1247.9 (1314.0) MB, 7.4 / 0.0 ms  (average mu = 1.000, current mu = 0.930) task
[53919:0x4e54590] 284970970 ms: Scavenge 1259.1 (1314.0) -> 1249.7 (1315.5) MB, 6.7 / 0.0 ms  (average mu = 1.000, current mu = 0.930) task
[53919:0x4e54590] 284971018 ms: Scavenge 1260.6 (1315.5) -> 1251.3 (1317.0) MB, 6.6 / 0.0 ms  (average mu = 1.000, current mu = 0.930) task
[53919:0x4e54590] 284971065 ms: Scavenge 1262.4 (1317.0) -> 1253.1 (1318.7) MB, 6.6 / 0.0 ms  (average mu = 1.000, current mu = 0.930) task
[53919:0x4e54590] 284971111 ms: Scavenge 1264.2 (1318.7) -> 1254.8 (1321.0) MB, 5.7 / 0.0 ms  (average mu = 1.000, current mu = 0.930) task
[53919:0x4e54590] 284971159 ms: Scavenge 1265.8 (1321.0) -> 1256.5 (1322.2) MB, 6.2 / 0.0 ms  (average mu = 1.000, current mu = 0.930) task
[53919:0x4e54590] 284971205 ms: Scavenge 1267.7 (1322.2) -> 1258.3 (1324.0) MB, 6.1 / 0.0 ms  (average mu = 1.000, current mu = 0.930) task
[53919:0x4e54590] 284971251 ms: Scavenge 1269.6 (1324.2) -> 1260.3 (1325.7) MB, 5.3 / 0.0 ms  (average mu = 1.000, current mu = 0.930) task
[53919:0x4e54590] 284971298 ms: Scavenge 1271.2 (1325.7) -> 1261.9 (1327.7) MB, 6.3 / 0.0 ms  (average mu = 1.000, current mu = 0.930) task
[53919:0x4e54590] 284971347 ms: Scavenge 1273.0 (1327.7) -> 1263.6 (1329.0) MB, 7.1 / 0.0 ms  (average mu = 1.000, current mu = 0.930) task
[53919:0x4e54590] 284971394 ms: Scavenge 1274.7 (1329.0) -> 1265.4 (1330.7) MB, 6.4 / 0.0 ms  (average mu = 1.000, current mu = 0.930) task
[53919:0x4e54590] 284971440 ms: Scavenge 1276.5 (1330.7) -> 1267.1 (1332.5) MB, 6.1 / 0.0 ms  (average mu = 1.000, current mu = 0.930) task
[53919:0x4e54590] 284971486 ms: Scavenge 1278.1 (1332.5) -> 1268.8 (1334.2) MB, 6.5 / 0.0 ms  (average mu = 1.000, current mu = 0.930) task
[53919:0x4e54590] 284971532 ms: Scavenge 1280.0 (1334.2) -> 1270.6 (1336.0) MB, 5.3 / 0.0 ms  (average mu = 1.000, current mu = 0.930) task
[53919:0x4e54590] 284971578 ms: Scavenge 1281.7 (1336.0) -> 1272.3 (1337.5) MB, 6.3 / 0.0 ms  (average mu = 1.000, current mu = 0.930) task
[53919:0x4e54590] 284971625 ms: Scavenge 1283.3 (1337.5) -> 1274.0 (1339.5) MB, 6.6 / 0.0 ms  (average mu = 1.000, current mu = 0.930) task
[53919:0x4e54590] 284971671 ms: Scavenge 1285.1 (1339.5) -> 1275.7 (1340.7) MB, 5.9 / 0.0 ms  (average mu = 1.000, current mu = 0.930) task
[53919:0x4e54590] 284971719 ms: Scavenge 1286.7 (1340.7) -> 1277.4 (1342.7) MB, 7.0 / 0.0 ms  (average mu = 1.000, current mu = 0.930) task
[53919:0x4e54590] 284971766 ms: Scavenge 1288.6 (1342.7) -> 1279.3 (1344.2) MB, 6.2 / 0.0 ms  (average mu = 1.000, current mu = 0.930) task
[53919:0x4e54590] 284971813 ms: Scavenge 1290.3 (1344.2) -> 1280.9 (1346.0) MB, 6.1 / 0.0 ms  (average mu = 1.000, current mu = 0.930) task
[53919:0x4e54590] 284971861 ms: Scavenge 1291.9 (1346.0) -> 1282.6 (1347.5) MB, 6.0 / 0.0 ms  (average mu = 1.000, current mu = 0.930) task
[53919:0x4e54590] 284971910 ms: Scavenge 1293.7 (1347.5) -> 1284.3 (1349.0) MB, 6.3 / 0.0 ms  (average mu = 1.000, current mu = 0.930) task
[53919:0x4e54590] 284971956 ms: Scavenge 1295.3 (1349.0) -> 1286.0 (1351.0) MB, 5.7 / 0.0 ms  (average mu = 1.000, current mu = 0.930) task
[53919:0x4e54590] 284972003 ms: Scavenge 1297.0 (1351.0) -> 1287.7 (1353.0) MB, 6.3 / 0.0 ms  (average mu = 1.000, current mu = 0.930) task
[53919:0x4e54590] 284972049 ms: Scavenge 1298.8 (1353.0) -> 1289.4 (1354.0) MB, 5.4 / 0.0 ms  (average mu = 1.000, current mu = 0.930) task
[53919:0x4e54590] 284972095 ms: Scavenge 1300.7 (1354.2) -> 1291.4 (1356.0) MB, 5.7 / 0.0 ms  (average mu = 1.000, current mu = 0.930) task
[53919:0x4e54590] 284972143 ms: Scavenge 1302.5 (1356.0) -> 1293.1 (1357.7) MB, 6.3 / 0.0 ms  (average mu = 1.000, current mu = 0.930) task
[53919:0x4e54590] 284972189 ms: Scavenge 1304.1 (1357.7) -> 1294.8 (1359.5) MB, 6.1 / 0.0 ms  (average mu = 1.000, current mu = 0.930) task
[53919:0x4e54590] 284972239 ms: Scavenge 1305.9 (1359.5) -> 1296.5 (1361.2) MB, 6.2 / 0.0 ms  (average mu = 1.000, current mu = 0.930) task
[53919:0x4e54590] 284972285 ms: Scavenge 1307.7 (1361.2) -> 1298.3 (1363.0) MB, 5.1 / 0.0 ms  (average mu = 1.000, current mu = 0.930) task
[53919:0x4e54590] 284972332 ms: Scavenge 1309.3 (1363.0) -> 1300.1 (1364.7) MB, 6.2 / 0.0 ms  (average mu = 1.000, current mu = 0.930) task
[53919:0x4e54590] 284972377 ms: Scavenge 1311.1 (1364.7) -> 1301.7 (1366.2) MB, 5.1 / 0.0 ms  (average mu = 1.000, current mu = 0.930) task
[53919:0x4e54590] 284972423 ms: Scavenge 1312.9 (1366.2) -> 1303.6 (1368.0) MB, 6.3 / 0.0 ms  (average mu = 1.000, current mu = 0.930) task
[53919:0x4e54590] 284972469 ms: Scavenge 1314.6 (1368.0) -> 1305.2 (1369.5) MB, 6.1 / 0.0 ms  (average mu = 1.000, current mu = 0.930) task
[53919:0x4e54590] 284972515 ms: Scavenge 1316.2 (1369.5) -> 1306.9 (1371.2) MB, 6.4 / 0.0 ms  (average mu = 1.000, current mu = 0.930) task
[53919:0x4e54590] 284972562 ms: Scavenge 1317.9 (1371.2) -> 1308.6 (1372.7) MB, 6.2 / 0.0 ms  (average mu = 1.000, current mu = 0.930) task
[53919:0x4e54590] 284972610 ms: Scavenge 1319.7 (1372.7) -> 1310.3 (1374.5) MB, 7.2 / 0.0 ms  (average mu = 1.000, current mu = 0.930) task
[53919:0x4e54590] 284972659 ms: Scavenge 1321.4 (1374.5) -> 1312.1 (1376.2) MB, 6.1 / 0.0 ms  (average mu = 1.000, current mu = 0.930) task
[53919:0x4e54590] 284972706 ms: Scavenge 1323.2 (1376.2) -> 1313.8 (1378.0) MB, 5.4 / 0.0 ms  (average mu = 1.000, current mu = 0.930) task
[53919:0x4e54590] 284972753 ms: Scavenge 1325.0 (1378.0) -> 1315.7 (1379.7) MB, 5.9 / 0.0 ms  (average mu = 1.000, current mu = 0.930) task
[53919:0x4e54590] 284972800 ms: Scavenge 1326.6 (1379.7) -> 1317.3 (1381.2) MB, 6.0 / 0.0 ms  (average mu = 1.000, current mu = 0.930) task
[53919:0x4e54590] 284972846 ms: Scavenge 1328.4 (1381.2) -> 1319.0 (1383.0) MB, 5.8 / 0.0 ms  (average mu = 1.000, current mu = 0.930) task
[53919:0x4e54590] 284972892 ms: Scavenge 1330.0 (1383.0) -> 1320.7 (1384.5) MB, 5.9 / 0.0 ms  (average mu = 1.000, current mu = 0.930) task
[53919:0x4e54590] 284972939 ms: Scavenge 1332.0 (1384.7) -> 1322.6 (1386.5) MB, 6.2 / 0.0 ms  (average mu = 1.000, current mu = 0.930) task
[53919:0x4e54590] 284972985 ms: Scavenge 1333.7 (1386.5) -> 1324.4 (1388.5) MB, 6.7 / 0.0 ms  (average mu = 1.000, current mu = 0.930) task
[53919:0x4e54590] 284973033 ms: Scavenge 1335.3 (1388.5) -> 1326.0 (1389.7) MB, 5.9 / 0.0 ms  (average mu = 1.000, current mu = 0.930) task
[53919:0x4e54590] 284973082 ms: Scavenge 1337.2 (1389.7) -> 1327.7 (1392.0) MB, 7.2 / 0.0 ms  (average mu = 1.000, current mu = 0.930) task
[53919:0x4e54590] 284973132 ms: Scavenge 1338.9 (1392.0) -> 1329.6 (1393.5) MB, 7.2 / 0.0 ms  (average mu = 1.000, current mu = 0.930) task
[53919:0x4e54590] 284973180 ms: Scavenge 1340.7 (1393.5) -> 1331.3 (1395.0) MB, 6.0 / 0.0 ms  (average mu = 1.000, current mu = 0.930) task
[53919:0x4e54590] 284973227 ms: Scavenge 1342.2 (1395.0) -> 1333.0 (1396.5) MB, 6.2 / 0.0 ms  (average mu = 1.000, current mu = 0.930) task
[53919:0x4e54590] 284973273 ms: Scavenge 1343.9 (1396.5) -> 1334.6 (1398.5) MB, 5.3 / 0.0 ms  (average mu = 1.000, current mu = 0.930) task
[53919:0x4e54590] 284973320 ms: Scavenge 1345.9 (1398.5) -> 1336.5 (1400.2) MB, 5.7 / 0.0 ms  (average mu = 1.000, current mu = 0.930) task
[53919:0x4e54590] 284973366 ms: Scavenge 1347.5 (1400.2) -> 1338.2 (1401.7) MB, 5.8 / 0.0 ms  (average mu = 1.000, current mu = 0.930) task
[53919:0x4e54590] 284973415 ms: Scavenge 1349.2 (1401.7) -> 1339.9 (1403.2) MB, 7.8 / 0.0 ms  (average mu = 1.000, current mu = 0.930) task
[53919:0x4e54590] 284973462 ms: Scavenge 1350.9 (1403.2) -> 1341.5 (1405.2) MB, 6.8 / 0.0 ms  (average mu = 1.000, current mu = 0.930) task
[53919:0x4e54590] 284973509 ms: Scavenge 1352.5 (1405.2) -> 1343.2 (1406.5) MB, 6.7 / 0.0 ms  (average mu = 1.000, current mu = 0.930) task
[53919:0x4e54590] 284973558 ms: Scavenge 1354.3 (1406.5) -> 1344.9 (1408.2) MB, 7.8 / 0.0 ms  (average mu = 1.000, current mu = 0.930) task
[53919:0x4e54590] 284973605 ms: Scavenge 1356.0 (1408.2) -> 1346.7 (1410.0) MB, 6.4 / 0.0 ms  (average mu = 1.000, current mu = 0.930) task
[53919:0x4e54590] 284973652 ms: Scavenge 1357.8 (1410.0) -> 1348.4 (1411.5) MB, 6.1 / 0.0 ms  (average mu = 1.000, current mu = 0.930) task
[53919:0x4e54590] 284973699 ms: Scavenge 1359.4 (1411.5) -> 1350.1 (1413.2) MB, 5.9 / 0.0 ms  (average mu = 1.000, current mu = 0.930) task
[53919:0x4e54590] 284973748 ms: Scavenge 1361.5 (1413.5) -> 1352.1 (1415.0) MB, 6.2 / 0.0 ms  (average mu = 1.000, current mu = 0.930) task
[53919:0x4e54590] 284973798 ms: Scavenge 1363.1 (1415.0) -> 1353.8 (1416.7) MB, 6.1 / 0.0 ms  (average mu = 1.000, current mu = 0.930) task
[53919:0x4e54590] 284973846 ms: Scavenge 1364.9 (1416.7) -> 1355.5 (1418.5) MB, 6.2 / 0.0 ms  (average mu = 1.000, current mu = 0.930) task
[53919:0x4e54590] 284973894 ms: Scavenge 1366.6 (1418.5) -> 1357.2 (1420.0) MB, 6.5 / 0.0 ms  (average mu = 1.000, current mu = 0.930) task
[53919:0x4e54590] 284973942 ms: Scavenge 1368.2 (1420.0) -> 1358.9 (1422.0) MB, 6.0 / 0.0 ms  (average mu = 1.000, current mu = 0.930) task
[53919:0x4e54590] 284973989 ms: Scavenge 1370.2 (1422.0) -> 1360.8 (1423.7) MB, 6.4 / 0.0 ms  (average mu = 1.000, current mu = 0.930) task
[53919:0x4e54590] 284974036 ms: Scavenge 1371.8 (1423.7) -> 1362.5 (1425.2) MB, 5.8 / 0.0 ms  (average mu = 1.000, current mu = 0.930) task
[53919:0x4e54590] 284974082 ms: Scavenge 1373.5 (1425.2) -> 1364.2 (1426.7) MB, 6.4 / 0.0 ms  (average mu = 1.000, current mu = 0.930) task
[53919:0x4e54590] 284974131 ms: Scavenge 1375.2 (1426.7) -> 1365.8 (1428.7) MB, 6.2 / 0.0 ms  (average mu = 1.000, current mu = 0.930) task
[53919:0x4e54590] 284974177 ms: Scavenge 1376.9 (1428.7) -> 1367.6 (1430.2) MB, 6.4 / 0.0 ms  (average mu = 1.000, current mu = 0.930) task
[53919:0x4e54590] 284974225 ms: Scavenge 1378.7 (1430.2) -> 1369.3 (1431.7) MB, 6.0 / 0.0 ms  (average mu = 1.000, current mu = 0.930) task
[53919:0x4e54590] 284974270 ms: Scavenge 1380.3 (1431.7) -> 1371.0 (1433.5) MB, 5.8 / 0.0 ms  (average mu = 1.000, current mu = 0.930) task
[53919:0x4e54590] 284974317 ms: Scavenge 1382.0 (1433.5) -> 1372.7 (1435.5) MB, 6.4 / 0.0 ms  (average mu = 1.000, current mu = 0.930) task
[53919:0x4e54590] 284974362 ms: Scavenge 1383.8 (1435.5) -> 1374.4 (1436.7) MB, 5.1 / 0.0 ms  (average mu = 1.000, current mu = 0.930) task
[53919:0x4e54590] 284974407 ms: Scavenge 1385.6 (1436.7) -> 1376.3 (1438.7) MB, 5.4 / 0.0 ms  (average mu = 1.000, current mu = 0.930) task
[53919:0x4e54590] 284974453 ms: Scavenge 1387.3 (1438.7) -> 1377.9 (1440.2) MB, 6.5 / 0.0 ms  (average mu = 1.000, current mu = 0.930) task
[53919:0x4e54590] 284974500 ms: Scavenge 1388.9 (1440.2) -> 1379.6 (1442.0) MB, 7.2 / 0.0 ms  (average mu = 1.000, current mu = 0.930) task
[53919:0x4e54590] 284974547 ms: Scavenge 1390.6 (1442.0) -> 1381.3 (1443.5) MB, 6.1 / 0.0 ms  (average mu = 1.000, current mu = 0.930) task
[53919:0x4e54590] 284974595 ms: Scavenge 1392.7 (1443.7) -> 1383.2 (1445.5) MB, 6.6 / 0.0 ms  (average mu = 1.000, current mu = 0.930) task
[53919:0x4e54590] 284974641 ms: Scavenge 1394.4 (1445.5) -> 1385.2 (1447.5) MB, 6.5 / 0.0 ms  (average mu = 1.000, current mu = 0.930) task
[53919:0x4e54590] 284974688 ms: Scavenge 1396.2 (1447.5) -> 1386.8 (1448.7) MB, 5.7 / 0.0 ms  (average mu = 1.000, current mu = 0.930) task
[53919:0x4e54590] 284974737 ms: Scavenge 1397.8 (1448.7) -> 1388.5 (1450.7) MB, 7.4 / 0.0 ms  (average mu = 1.000, current mu = 0.930) task
[53919:0x4e54590] 284974783 ms: Scavenge 1399.5 (1450.7) -> 1390.2 (1452.0) MB, 5.5 / 0.0 ms  (average mu = 1.000, current mu = 0.930) task
[53919:0x4e54590] 284974830 ms: Scavenge 1401.4 (1452.0) -> 1392.0 (1454.2) MB, 6.0 / 0.0 ms  (average mu = 1.000, current mu = 0.930) task
[53919:0x4e54590] 284974877 ms: Scavenge 1402.9 (1454.2) -> 1393.6 (1455.2) MB, 5.6 / 0.0 ms  (average mu = 1.000, current mu = 0.930) task
[53919:0x4e54590] 284974926 ms: Scavenge 1404.7 (1455.2) -> 1395.3 (1457.0) MB, 6.2 / 0.0 ms  (average mu = 1.000, current mu = 0.930) task
[53919:0x4e54590] 284974973 ms: Scavenge 1406.4 (1457.0) -> 1397.1 (1459.0) MB, 5.7 / 0.0 ms  (average mu = 1.000, current mu = 0.930) task
[53919:0x4e54590] 284975022 ms: Scavenge 1408.1 (1459.0) -> 1398.8 (1460.5) MB, 6.0 / 0.0 ms  (average mu = 1.000, current mu = 0.930) task
[53919:0x4e54590] 284975070 ms: Scavenge 1409.9 (1460.5) -> 1400.5 (1462.2) MB, 6.0 / 0.0 ms  (average mu = 1.000, current mu = 0.930) task
[53919:0x4e54590] 284975117 ms: Scavenge 1411.6 (1462.2) -> 1402.3 (1464.0) MB, 5.5 / 0.0 ms  (average mu = 1.000, current mu = 0.930) task
[53919:0x4e54590] 284975164 ms: Scavenge 1413.3 (1464.0) -> 1403.9 (1465.5) MB, 6.2 / 0.0 ms  (average mu = 1.000, current mu = 0.930) task
[53919:0x4e54590] 284975211 ms: Scavenge 1414.9 (1465.5) -> 1405.6 (1467.2) MB, 6.1 / 0.0 ms  (average mu = 1.000, current mu = 0.930) task
[53919:0x4e54590] 284975259 ms: Scavenge 1416.9 (1467.2) -> 1407.5 (1469.2) MB, 5.4 / 0.0 ms  (average mu = 1.000, current mu = 0.930) task
[53919:0x4e54590] 284975305 ms: Scavenge 1418.5 (1469.2) -> 1409.2 (1470.5) MB, 6.0 / 0.0 ms  (average mu = 1.000, current mu = 0.930) task
[53919:0x4e54590] 284975352 ms: Scavenge 1420.2 (1470.5) -> 1410.9 (1472.0) MB, 6.1 / 0.0 ms  (average mu = 1.000, current mu = 0.930) task
[53919:0x4e54590] 284975401 ms: Scavenge 1421.9 (1472.0) -> 1412.5 (1474.0) MB, 6.0 / 0.0 ms  (average mu = 1.000, current mu = 0.930) task
[53919:0x4e54590] 284975449 ms: Scavenge 1423.8 (1474.2) -> 1414.5 (1475.7) MB, 7.4 / 0.0 ms  (average mu = 1.000, current mu = 0.930) task
[53919:0x4e54590] 284975499 ms: Scavenge 1425.7 (1475.7) -> 1416.3 (1477.5) MB, 7.4 / 0.0 ms  (average mu = 1.000, current mu = 0.930) task
[53919:0x4e54590] 284975548 ms: Scavenge 1427.3 (1477.5) -> 1418.0 (1479.2) MB, 6.2 / 0.0 ms  (average mu = 1.000, current mu = 0.930) task
[53919:0x4e54590] 284975597 ms: Scavenge 1428.9 (1479.2) -> 1419.7 (1480.7) MB, 6.1 / 0.0 ms  (average mu = 1.000, current mu = 0.930) task
[53919:0x4e54590] 284975644 ms: Scavenge 1430.8 (1480.7) -> 1421.4 (1482.2) MB, 6.4 / 0.0 ms  (average mu = 1.000, current mu = 0.930) task
[53919:0x4e54590] 284975691 ms: Scavenge 1432.4 (1482.2) -> 1423.1 (1484.2) MB, 6.4 / 0.0 ms  (average mu = 1.000, current mu = 0.930) task
[53919:0x4e54590] 284975737 ms: Scavenge 1434.2 (1484.2) -> 1424.8 (1485.7) MB, 6.1 / 0.0 ms  (average mu = 1.000, current mu = 0.930) task
[53919:0x4e54590] 284975783 ms: Scavenge 1436.0 (1485.7) -> 1426.6 (1487.5) MB, 5.4 / 0.0 ms  (average mu = 1.000, current mu = 0.930) task
[53919:0x4e54590] 284975828 ms: Scavenge 1437.6 (1487.5) -> 1428.3 (1489.5) MB, 5.8 / 0.0 ms  (average mu = 1.000, current mu = 0.930) task
[53919:0x4e54590] 284975874 ms: Scavenge 1439.4 (1489.5) -> 1430.0 (1490.7) MB, 6.0 / 0.0 ms  (average mu = 1.000, current mu = 0.930) task
[53919:0x4e54590] 284975921 ms: Scavenge 1440.9 (1490.7) -> 1431.7 (1492.5) MB, 6.4 / 0.0 ms  (average mu = 1.000, current mu = 0.930) task
[53919:0x4e54590] 284975968 ms: Scavenge 1442.8 (1492.5) -> 1433.4 (1494.0) MB, 5.9 / 0.0 ms  (average mu = 1.000, current mu = 0.930) task
[53919:0x4e54590] 284976014 ms: Scavenge 1444.4 (1494.0) -> 1435.2 (1495.7) MB, 6.1 / 0.0 ms  (average mu = 1.000, current mu = 0.930) task
[53919:0x4e54590] 284976060 ms: Scavenge 1446.2 (1495.7) -> 1436.8 (1497.2) MB, 6.7 / 0.0 ms  (average mu = 1.000, current mu = 0.930) task
[53919:0x4e54590] 284976108 ms: Scavenge 1448.0 (1497.2) -> 1438.6 (1499.0) MB, 6.6 / 0.0 ms  (average mu = 1.000, current mu = 0.930) task
[53919:0x4e54590] 284976154 ms: Scavenge 1449.6 (1499.0) -> 1440.3 (1501.2) MB, 6.4 / 0.0 ms  (average mu = 1.000, current mu = 0.930) task
[53919:0x4e54590] 284976200 ms: Scavenge 1451.5 (1501.2) -> 1442.1 (1502.5) MB, 6.2 / 0.0 ms  (average mu = 1.000, current mu = 0.930) task
[53919:0x4e54590] 284976246 ms: Scavenge 1453.1 (1502.5) -> 1443.8 (1504.0) MB, 5.6 / 0.0 ms  (average mu = 1.000, current mu = 0.930) task
[53919:0x4e54590] 284976292 ms: Scavenge 1455.0 (1504.2) -> 1445.7 (1506.2) MB, 6.5 / 0.0 ms  (average mu = 1.000, current mu = 0.930) task
[53919:0x4e54590] 284976340 ms: Scavenge 1456.8 (1506.2) -> 1447.4 (1507.5) MB, 5.8 / 0.0 ms  (average mu = 1.000, current mu = 0.930) task
[53919:0x4e54590] 284976389 ms: Scavenge 1458.4 (1507.5) -> 1449.1 (1509.2) MB, 6.3 / 0.0 ms  (average mu = 1.000, current mu = 0.930) task
[53919:0x4e54590] 284976435 ms: Scavenge 1460.2 (1509.2) -> 1450.8 (1511.2) MB, 6.3 / 0.0 ms  (average mu = 1.000, current mu = 0.930) task
[53919:0x4e54590] 284976483 ms: Scavenge 1461.9 (1511.2) -> 1452.6 (1512.7) MB, 7.7 / 0.0 ms  (average mu = 1.000, current mu = 0.930) task
[53919:0x4e54590] 284976533 ms: Scavenge 1463.8 (1512.7) -> 1454.4 (1514.7) MB, 7.5 / 0.0 ms  (average mu = 1.000, current mu = 0.930) task
[53919:0x4e54590] 284976582 ms: Scavenge 1465.3 (1514.7) -> 1456.0 (1516.0) MB, 7.2 / 0.0 ms  (average mu = 1.000, current mu = 0.930) task
[53919:0x4e54590] 284976630 ms: Scavenge 1467.0 (1516.0) -> 1457.7 (1517.7) MB, 6.9 / 0.0 ms  (average mu = 1.000, current mu = 0.930) task
[53919:0x4e54590] 284976679 ms: Scavenge 1469.0 (1517.7) -> 1459.6 (1519.5) MB, 6.6 / 0.0 ms  (average mu = 1.000, current mu = 0.930) task
[53919:0x4e54590] 284976726 ms: Scavenge 1470.6 (1519.5) -> 1461.3 (1521.0) MB, 6.7 / 0.0 ms  (average mu = 1.000, current mu = 0.930) task
[53919:0x4e54590] 284976772 ms: Scavenge 1472.4 (1521.0) -> 1462.9 (1523.0) MB, 6.2 / 0.0 ms  (average mu = 1.000, current mu = 0.930) task
[53919:0x4e54590] 284976818 ms: Scavenge 1473.9 (1523.0) -> 1464.6 (1524.5) MB, 6.2 / 0.0 ms  (average mu = 1.000, current mu = 0.930) task
[53919:0x4e54590] 284976865 ms: Scavenge 1475.6 (1524.5) -> 1466.3 (1526.0) MB, 6.0 / 0.0 ms  (average mu = 1.000, current mu = 0.930) task
[53919:0x4e54590] 284976914 ms: Scavenge 1477.5 (1526.0) -> 1468.1 (1528.5) MB, 7.0 / 0.0 ms  (average mu = 1.000, current mu = 0.930) task
[53919:0x4e54590] 284976960 ms: Scavenge 1479.1 (1528.5) -> 1469.7 (1529.7) MB, 6.6 / 0.0 ms  (average mu = 1.000, current mu = 0.930) task
[53919:0x4e54590] 284977005 ms: Scavenge 1480.9 (1529.7) -> 1471.5 (1531.5) MB, 5.8 / 0.0 ms  (average mu = 1.000, current mu = 0.930) task
[53919:0x4e54590] 284977052 ms: Scavenge 1482.6 (1531.5) -> 1473.4 (1533.7) MB, 7.1 / 0.0 ms  (average mu = 1.000, current mu = 0.930) task
[53919:0x4e54590] 284977104 ms: Scavenge 1484.3 (1533.7) -> 1475.0 (1535.0) MB, 5.9 / 0.0 ms  (average mu = 1.000, current mu = 0.930) task
[53919:0x4e54590] 284977151 ms: Scavenge 1486.3 (1535.2) -> 1476.9 (1537.2) MB, 6.2 / 0.0 ms  (average mu = 1.000, current mu = 0.930) task
[53919:0x4e54590] 284977198 ms: Scavenge 1487.9 (1537.2) -> 1478.6 (1538.5) MB, 6.2 / 0.0 ms  (average mu = 1.000, current mu = 0.930) task
[53919:0x4e54590] 284977244 ms: Scavenge 1489.8 (1538.5) -> 1480.4 (1541.0) MB, 6.1 / 0.0 ms  (average mu = 1.000, current mu = 0.930) task
[53919:0x4e54590] 284977289 ms: Scavenge 1491.4 (1541.0) -> 1482.0 (1542.0) MB, 5.3 / 0.0 ms  (average mu = 1.000, current mu = 0.930) task
[53919:0x4e54590] 284977334 ms: Scavenge 1493.2 (1542.0) -> 1483.9 (1544.5) MB, 6.1 / 0.0 ms  (average mu = 1.000, current mu = 0.930) task
[53919:0x4e54590] 284977380 ms: Scavenge 1495.0 (1544.5) -> 1485.6 (1545.7) MB, 5.9 / 0.0 ms  (average mu = 1.000, current mu = 0.930) task
[53919:0x4e54590] 284977426 ms: Scavenge 1496.5 (1545.7) -> 1487.2 (1547.2) MB, 6.3 / 0.0 ms  (average mu = 1.000, current mu = 0.930) task
[53919:0x4e54590] 284977473 ms: Scavenge 1498.3 (1547.2) -> 1488.9 (1549.0) MB, 6.3 / 0.0 ms  (average mu = 1.000, current mu = 0.930) task
[53919:0x4e54590] 284977519 ms: Scavenge 1500.0 (1549.0) -> 1490.7 (1551.2) MB, 6.8 / 0.0 ms  (average mu = 1.000, current mu = 0.930) task
[53919:0x4e54590] 284977565 ms: Scavenge 1501.6 (1551.2) -> 1492.3 (1552.5) MB, 6.0 / 0.0 ms  (average mu = 1.000, current mu = 0.930) task
[53919:0x4e54590] 284977611 ms: Scavenge 1503.6 (1552.5) -> 1494.3 (1554.7) MB, 7.0 / 0.0 ms  (average mu = 1.000, current mu = 0.930) task
[53919:0x4e54590] 284977663 ms: Scavenge 1507.3 (1556.7) -> 1497.9 (1558.7) MB, 6.5 / 0.0 ms  (average mu = 1.000, current mu = 0.930) task
[53919:0x4e54590] 284977709 ms: Scavenge 1509.0 (1558.7) -> 1499.6 (1559.7) MB, 5.7 / 0.0 ms  (average mu = 1.000, current mu = 0.930) task
[53919:0x4e54590] 284977755 ms: Scavenge 1510.5 (1559.7) -> 1501.2 (1561.4) MB, 5.9 / 0.0 ms  (average mu = 1.000, current mu = 0.930) task
[53919:0x4e54590] 284977800 ms: Scavenge 1512.2 (1561.4) -> 1502.9 (1563.4) MB, 6.2 / 0.0 ms  (average mu = 1.000, current mu = 0.930) task
[53919:0x4e54590] 284977849 ms: Scavenge 1514.0 (1563.4) -> 1504.7 (1564.9) MB, 6.7 / 0.0 ms  (average mu = 1.000, current mu = 0.930) task
[53919:0x4e54590] 284977897 ms: Scavenge 1515.7 (1564.9) -> 1506.4 (1567.4) MB, 6.9 / 0.0 ms  (average mu = 1.000, current mu = 0.930) task
[53919:0x4e54590] 284977944 ms: Scavenge 1517.9 (1567.7) -> 1508.5 (1568.7) MB, 6.5 / 0.0 ms  (average mu = 1.000, current mu = 0.930) task
[53919:0x4e54590] 284977990 ms: Scavenge 1519.4 (1568.7) -> 1510.1 (1570.4) MB, 6.4 / 0.0 ms  (average mu = 1.000, current mu = 0.930) task
[53919:0x4e54590] 284978038 ms: Scavenge 1521.2 (1570.4) -> 1511.9 (1572.7) MB, 7.7 / 0.0 ms  (average mu = 1.000, current mu = 0.930) task
[53919:0x4e54590] 284978084 ms: Scavenge 1522.9 (1572.7) -> 1513.5 (1573.9) MB, 6.4 / 0.0 ms  (average mu = 1.000, current mu = 0.930) task
[53919:0x4e54590] 284978132 ms: Scavenge 1524.5 (1573.9) -> 1515.3 (1575.9) MB, 7.2 / 0.0 ms  (average mu = 1.000, current mu = 0.930) task
[53919:0x4e54590] 284978178 ms: Scavenge 1526.4 (1575.9) -> 1516.9 (1577.4) MB, 6.8 / 0.0 ms  (average mu = 1.000, current mu = 0.930) task
[53919:0x4e54590] 284978224 ms: Scavenge 1528.1 (1577.4) -> 1518.8 (1579.7) MB, 6.6 / 0.0 ms  (average mu = 1.000, current mu = 0.930) task
[53919:0x4e54590] 284978273 ms: Scavenge 1529.9 (1579.7) -> 1520.5 (1581.2) MB, 6.5 / 0.0 ms  (average mu = 1.000, current mu = 0.930) task
[53919:0x4e54590] 284978325 ms: Scavenge 1531.4 (1581.2) -> 1522.1 (1583.2) MB, 7.7 / 0.0 ms  (average mu = 1.000, current mu = 0.930) task
[53919:0x4e54590] 284978373 ms: Scavenge 1533.1 (1583.2) -> 1523.8 (1584.7) MB, 6.1 / 0.0 ms  (average mu = 1.000, current mu = 0.930) task
[53919:0x4e54590] 284978422 ms: Scavenge 1535.1 (1584.7) -> 1525.7 (1586.4) MB, 7.0 / 0.0 ms  (average mu = 1.000, current mu = 0.930) task
[53919:0x4e54590] 284978470 ms: Scavenge 1536.7 (1586.4) -> 1527.4 (1588.2) MB, 7.0 / 0.0 ms  (average mu = 1.000, current mu = 0.930) task
[53919:0x4e54590] 284978518 ms: Scavenge 1538.5 (1588.2) -> 1529.1 (1589.7) MB, 6.8 / 0.0 ms  (average mu = 1.000, current mu = 0.930) task
[53919:0x4e54590] 284978566 ms: Scavenge 1540.0 (1589.7) -> 1530.8 (1591.7) MB, 6.8 / 0.0 ms  (average mu = 1.000, current mu = 0.930) task
[53919:0x4e54590] 284978613 ms: Scavenge 1541.7 (1591.7) -> 1532.4 (1593.2) MB, 6.8 / 0.0 ms  (average mu = 1.000, current mu = 0.930) task
[53919:0x4e54590] 284978661 ms: Scavenge 1543.6 (1593.2) -> 1534.3 (1595.2) MB, 6.4 / 0.0 ms  (average mu = 1.000, current mu = 0.930) task
[53919:0x4e54590] 284978708 ms: Scavenge 1545.2 (1595.2) -> 1535.8 (1596.7) MB, 6.3 / 0.0 ms  (average mu = 1.000, current mu = 0.930) task
[53919:0x4e54590] 284978755 ms: Scavenge 1547.1 (1596.7) -> 1537.8 (1598.9) MB, 6.4 / 0.0 ms  (average mu = 1.000, current mu = 0.930) task
[53919:0x4e54590] 284978801 ms: Scavenge 1549.1 (1599.2) -> 1539.7 (1600.4) MB, 6.0 / 0.0 ms  (average mu = 1.000, current mu = 0.930) task
[53919:0x4e54590] 284978849 ms: Scavenge 1550.6 (1600.4) -> 1541.3 (1602.2) MB, 7.6 / 0.0 ms  (average mu = 1.000, current mu = 0.930) task
[53919:0x4e54590] 284978898 ms: Scavenge 1552.4 (1602.2) -> 1543.0 (1604.2) MB, 7.6 / 0.0 ms  (average mu = 1.000, current mu = 0.930) task
[53919:0x4e54590] 284978947 ms: Scavenge 1554.0 (1604.2) -> 1544.7 (1605.9) MB, 7.9 / 0.0 ms  (average mu = 1.000, current mu = 0.930) task
[53919:0x4e54590] 284978996 ms: Scavenge 1555.8 (1605.9) -> 1546.4 (1607.4) MB, 6.9 / 0.0 ms  (average mu = 1.000, current mu = 0.930) task
[53919:0x4e54590] 284979043 ms: Scavenge 1557.5 (1607.4) -> 1548.2 (1609.2) MB, 5.9 / 0.0 ms  (average mu = 1.000, current mu = 0.930) task
[53919:0x4e54590] 284979090 ms: Scavenge 1559.2 (1609.2) -> 1549.8 (1611.2) MB, 6.0 / 0.0 ms  (average mu = 1.000, current mu = 0.930) task
[53919:0x4e54590] 284979138 ms: Scavenge 1561.0 (1611.2) -> 1551.6 (1612.7) MB, 7.2 / 0.0 ms  (average mu = 1.000, current mu = 0.930) task
[53919:0x4e54590] 284979184 ms: Scavenge 1562.6 (1612.7) -> 1553.2 (1614.4) MB, 5.9 / 0.0 ms  (average mu = 1.000, current mu = 0.930) task
[53919:0x4e54590] 284979232 ms: Scavenge 1564.5 (1614.4) -> 1555.2 (1616.2) MB, 6.6 / 0.0 ms  (average mu = 1.000, current mu = 0.930) task
[53919:0x4e54590] 284979279 ms: Scavenge 1566.1 (1616.2) -> 1556.7 (1617.9) MB, 6.2 / 0.0 ms  (average mu = 1.000, current mu = 0.930) task
[53919:0x4e54590] 284979328 ms: Scavenge 1567.8 (1617.9) -> 1558.5 (1619.9) MB, 7.1 / 0.0 ms  (average mu = 1.000, current mu = 0.930) task
[53919:0x4e54590] 284979376 ms: Scavenge 1569.5 (1619.9) -> 1560.2 (1621.4) MB, 6.0 / 0.0 ms  (average mu = 1.000, current mu = 0.930) task
[53919:0x4e54590] 284979425 ms: Scavenge 1571.4 (1621.4) -> 1562.1 (1623.2) MB, 6.7 / 0.0 ms  (average mu = 1.000, current mu = 0.930) task
[53919:0x4e54590] 284979474 ms: Scavenge 1573.1 (1623.2) -> 1563.8 (1625.4) MB, 7.4 / 0.0 ms  (average mu = 1.000, current mu = 0.930) task
[53919:0x4e54590] 284979522 ms: Scavenge 1574.7 (1625.4) -> 1565.4 (1626.7) MB, 6.6 / 0.0 ms  (average mu = 1.000, current mu = 0.930) task
[53919:0x4e54590] 284979570 ms: Scavenge 1576.5 (1626.7) -> 1567.1 (1628.4) MB, 6.8 / 0.0 ms  (average mu = 1.000, current mu = 0.930) task
[53919:0x4e54590] 284979618 ms: Scavenge 1578.1 (1628.4) -> 1568.8 (1630.2) MB, 6.9 / 0.0 ms  (average mu = 1.000, current mu = 0.930) task
[53919:0x4e54590] 284979667 ms: Scavenge 1580.1 (1630.4) -> 1570.8 (1632.2) MB, 6.8 / 0.0 ms  (average mu = 1.000, current mu = 0.930) task
[53919:0x4e54590] 284979714 ms: Scavenge 1581.9 (1632.2) -> 1572.5 (1633.9) MB, 5.5 / 0.0 ms  (average mu = 1.000, current mu = 0.930) task
[53919:0x4e54590] 284979760 ms: Scavenge 1583.5 (1633.9) -> 1574.2 (1635.9) MB, 6.5 / 0.0 ms  (average mu = 1.000, current mu = 0.930) task
[53919:0x4e54590] 284979807 ms: Scavenge 1585.3 (1635.9) -> 1575.9 (1637.4) MB, 6.5 / 0.0 ms  (average mu = 1.000, current mu = 0.930) task
[53919:0x4e54590] 284979854 ms: Scavenge 1586.9 (1637.4) -> 1577.6 (1638.9) MB, 6.5 / 0.0 ms  (average mu = 1.000, current mu = 0.930) task
[53919:0x4e54590] 284979901 ms: Scavenge 1588.6 (1638.9) -> 1579.4 (1641.2) MB, 6.5 / 0.0 ms  (average mu = 1.000, current mu = 0.930) task
[53919:0x4e54590] 284979948 ms: Scavenge 1590.5 (1641.2) -> 1581.0 (1642.7) MB, 6.5 / 0.0 ms  (average mu = 1.000, current mu = 0.930) task
[53919:0x4e54590] 284979995 ms: Scavenge 1592.1 (1642.7) -> 1582.8 (1644.7) MB, 6.2 / 0.0 ms  (average mu = 1.000, current mu = 0.930) task
[53919:0x4e54590] 284980042 ms: Scavenge 1593.9 (1644.7) -> 1584.5 (1646.2) MB, 5.5 / 0.0 ms  (average mu = 1.000, current mu = 0.930) task
[53919:0x4e54590] 284980088 ms: Scavenge 1595.5 (1646.2) -> 1586.2 (1647.7) MB, 5.6 / 0.0 ms  (average mu = 1.000, current mu = 0.930) task
[53919:0x4e54590] 284980135 ms: Scavenge 1597.3 (1647.7) -> 1588.0 (1649.4) MB, 6.5 / 0.0 ms  (average mu = 1.000, current mu = 0.930) task
[53919:0x4e54590] 284980183 ms: Scavenge 1599.1 (1649.4) -> 1589.7 (1651.9) MB, 7.7 / 0.0 ms  (average mu = 1.000, current mu = 0.930) task
[53919:0x4e54590] 284980231 ms: Scavenge 1600.7 (1651.9) -> 1591.3 (1653.2) MB, 6.9 / 0.0 ms  (average mu = 1.000, current mu = 0.930) task
[53919:0x4e54590] 284980279 ms: Scavenge 1602.7 (1653.2) -> 1593.3 (1655.4) MB, 6.0 / 0.0 ms  (average mu = 1.000, current mu = 0.930) task
[53919:0x4e54590] 284980326 ms: Scavenge 1604.3 (1655.4) -> 1595.0 (1656.7) MB, 6.7 / 0.0 ms  (average mu = 1.000, current mu = 0.930) task
[53919:0x4e54590] 284980373 ms: Scavenge 1605.9 (1656.7) -> 1596.7 (1658.7) MB, 6.0 / 0.0 ms  (average mu = 1.000, current mu = 0.930) task
[53919:0x4e54590] 284980421 ms: Scavenge 1607.7 (1658.7) -> 1598.3 (1660.2) MB, 6.8 / 0.0 ms  (average mu = 1.000, current mu = 0.930) task
[53919:0x4e54590] 284980468 ms: Scavenge 1609.3 (1660.2) -> 1600.0 (1661.9) MB, 6.1 / 0.0 ms  (average mu = 1.000, current mu = 0.930) task
[53919:0x4e54590] 284980516 ms: Scavenge 1611.5 (1662.2) -> 1602.1 (1663.9) MB, 6.9 / 0.0 ms  (average mu = 1.000, current mu = 0.930) task
[53919:0x4e54590] 284980569 ms: Scavenge 1613.0 (1663.9) -> 1603.8 (1665.7) MB, 7.5 / 0.0 ms  (average mu = 1.000, current mu = 0.930) task
[53919:0x4e54590] 284980615 ms: Scavenge 1614.7 (1665.7) -> 1605.4 (1667.2) MB, 6.5 / 0.0 ms  (average mu = 1.000, current mu = 0.930) task
[53919:0x4e54590] 284980664 ms: Scavenge 1616.5 (1667.2) -> 1607.1 (1668.9) MB, 7.9 / 0.0 ms  (average mu = 1.000, current mu = 0.930) task
[53919:0x4e54590] 284980710 ms: Scavenge 1618.2 (1668.9) -> 1608.9 (1671.2) MB, 6.0 / 0.0 ms  (average mu = 1.000, current mu = 0.930) task
[53919:0x4e54590] 284980757 ms: Scavenge 1620.0 (1671.2) -> 1610.5 (1672.4) MB, 6.8 / 0.0 ms  (average mu = 1.000, current mu = 0.930) task
[53919:0x4e54590] 284980804 ms: Scavenge 1621.5 (1672.4) -> 1612.3 (1674.7) MB, 7.0 / 0.0 ms  (average mu = 1.000, current mu = 0.930) task
[53919:0x4e54590] 284980851 ms: Scavenge 1623.4 (1674.7) -> 1614.0 (1676.2) MB, 6.0 / 0.0 ms  (average mu = 1.000, current mu = 0.930) task
[53919:0x4e54590] 284980898 ms: Scavenge 1625.2 (1676.2) -> 1615.9 (1678.7) MB, 7.1 / 0.0 ms  (average mu = 1.000, current mu = 0.930) task
[53919:0x4e54590] 284980948 ms: Scavenge 1626.9 (1678.7) -> 1617.5 (1679.7) MB, 7.7 / 0.0 ms  (average mu = 1.000, current mu = 0.930) task
[53919:0x4e54590] 284980996 ms: Scavenge 1628.6 (1679.7) -> 1619.2 (1681.4) MB, 7.2 / 0.0 ms  (average mu = 1.000, current mu = 0.930) task
[53919:0x4e54590] 284981046 ms: Scavenge 1630.2 (1681.4) -> 1620.9 (1683.2) MB, 7.1 / 0.0 ms  (average mu = 1.000, current mu = 0.930) task
[53919:0x4e54590] 284981095 ms: Scavenge 1632.1 (1683.2) -> 1622.8 (1685.2) MB, 6.4 / 0.0 ms  (average mu = 1.000, current mu = 0.930) task
[53919:0x4e54590] 284983082 ms: Mark-sweep 1626.0 (1685.2) -> 1613.7 (1686.6) MB, 1796.3 / 0.0 ms  (+ 170.8 ms in 60 steps since start of marking, biggest step 25.4 ms, walltime since start of marking 1986 ms) (average mu = 0.999, current mu = 0.849) finalize incremental marking via task GC in old space requested
[53919:0x4e54590] 284983137 ms: Scavenge 1626.7 (1686.6) -> 1616.0 (1686.6) MB, 6.8 / 0.0 ms  (average mu = 0.999, current mu = 0.849) task
[53919:0x4e54590] 284983263 ms: Scavenge 1627.0 (1686.6) -> 1617.8 (1687.4) MB, 12.7 / 0.0 ms  (average mu = 0.999, current mu = 0.849) task
[53919:0x4e54590] 284983313 ms: Scavenge 1628.9 (1687.4) -> 1619.5 (1689.4) MB, 9.4 / 0.0 ms  (average mu = 0.999, current mu = 0.849) task
[53919:0x4e54590] 284983362 ms: Scavenge 1630.5 (1689.4) -> 1621.2 (1690.6) MB, 9.6 / 0.0 ms  (average mu = 0.999, current mu = 0.849) task
[53919:0x4e54590] 284983477 ms: Scavenge 1632.6 (1690.9) -> 1623.2 (1692.6) MB, 11.4 / 0.0 ms  (average mu = 0.999, current mu = 0.849) task
[53919:0x4e54590] 284983527 ms: Scavenge 1634.2 (1692.6) -> 1624.9 (1694.1) MB, 9.9 / 0.0 ms  (average mu = 0.999, current mu = 0.849) task
[53919:0x4e54590] 284983596 ms: Scavenge 1636.0 (1694.1) -> 1626.6 (1695.9) MB, 7.1 / 0.0 ms  (average mu = 0.999, current mu = 0.849) task
[53919:0x4e54590] 284983644 ms: Scavenge 1637.7 (1695.9) -> 1628.3 (1697.4) MB, 6.5 / 0.0 ms  (average mu = 0.999, current mu = 0.849) task
[53919:0x4e54590] 284983692 ms: Scavenge 1639.3 (1697.4) -> 1630.0 (1698.9) MB, 6.6 / 0.0 ms  (average mu = 0.999, current mu = 0.849) task
[53919:0x4e54590] 284983740 ms: Scavenge 1641.1 (1698.9) -> 1631.8 (1700.9) MB, 6.7 / 0.0 ms  (average mu = 0.999, current mu = 0.849) task
[53919:0x4e54590] 284983787 ms: Scavenge 1642.9 (1700.9) -> 1633.6 (1702.6) MB, 5.6 / 0.0 ms  (average mu = 0.999, current mu = 0.849) task
[53919:0x4e54590] 284983834 ms: Scavenge 1644.5 (1702.6) -> 1635.2 (1704.4) MB, 6.8 / 0.0 ms  (average mu = 0.999, current mu = 0.849) task
[53919:0x4e54590] 284983880 ms: Scavenge 1646.3 (1704.4) -> 1636.9 (1706.1) MB, 6.2 / 0.0 ms  (average mu = 0.999, current mu = 0.849) task
[53919:0x4e54590] 284983926 ms: Scavenge 1648.0 (1706.1) -> 1638.7 (1707.6) MB, 6.0 / 0.0 ms  (average mu = 0.999, current mu = 0.849) task
[53919:0x4e54590] 284983972 ms: Scavenge 1649.7 (1707.6) -> 1640.4 (1709.1) MB, 6.5 / 0.0 ms  (average mu = 0.999, current mu = 0.849) task
[53919:0x4e54590] 284984018 ms: Scavenge 1651.4 (1709.1) -> 1642.1 (1710.9) MB, 6.8 / 0.0 ms  (average mu = 0.999, current mu = 0.849) task
[53919:0x4e54590] 284984069 ms: Scavenge 1653.1 (1710.9) -> 1643.7 (1712.4) MB, 9.1 / 0.0 ms  (average mu = 0.999, current mu = 0.849) task
[53919:0x4e54590] 284984117 ms: Scavenge 1654.9 (1712.4) -> 1645.5 (1714.1) MB, 7.1 / 0.0 ms  (average mu = 0.999, current mu = 0.849) task
[53919:0x4e54590] 284984170 ms: Scavenge 1656.5 (1714.1) -> 1647.2 (1715.9) MB, 8.9 / 0.0 ms  (average mu = 0.999, current mu = 0.849) task
[53919:0x4e54590] 284984220 ms: Scavenge 1658.4 (1715.9) -> 1649.0 (1717.4) MB, 7.9 / 0.0 ms  (average mu = 0.999, current mu = 0.849) task
[53919:0x4e54590] 284984269 ms: Scavenge 1659.9 (1717.4) -> 1650.6 (1718.9) MB, 8.0 / 0.0 ms  (average mu = 0.999, current mu = 0.849) task
[53919:0x4e54590] 284984318 ms: Scavenge 1661.6 (1718.9) -> 1652.3 (1720.9) MB, 7.7 / 0.0 ms  (average mu = 0.999, current mu = 0.849) task
[53919:0x4e54590] 284984368 ms: Scavenge 1663.9 (1721.1) -> 1654.5 (1722.6) MB, 8.0 / 0.0 ms  (average mu = 0.999, current mu = 0.849) task
[53919:0x4e54590] 284984418 ms: Scavenge 1665.5 (1722.6) -> 1656.2 (1724.4) MB, 8.9 / 0.0 ms  (average mu = 0.999, current mu = 0.849) task
[53919:0x4e54590] 284984470 ms: Scavenge 1667.3 (1724.4) -> 1657.9 (1725.9) MB, 8.1 / 0.0 ms  (average mu = 0.999, current mu = 0.849) task
[53919:0x4e54590] 284984525 ms: Scavenge 1668.8 (1725.9) -> 1659.5 (1727.6) MB, 13.1 / 0.0 ms  (average mu = 0.999, current mu = 0.849) task
[53919:0x4e54590] 284984575 ms: Scavenge 1670.5 (1727.6) -> 1661.2 (1729.4) MB, 8.4 / 0.0 ms  (average mu = 0.999, current mu = 0.849) task
[53919:0x4e54590] 284984627 ms: Scavenge 1672.4 (1729.4) -> 1663.0 (1730.9) MB, 7.5 / 0.0 ms  (average mu = 0.999, current mu = 0.849) task
[53919:0x4e54590] 284984675 ms: Scavenge 1673.9 (1730.9) -> 1664.6 (1732.4) MB, 7.4 / 0.0 ms  (average mu = 0.999, current mu = 0.849) task
[53919:0x4e54590] 284984727 ms: Scavenge 1675.8 (1732.4) -> 1666.4 (1734.9) MB, 10.4 / 0.0 ms  (average mu = 0.999, current mu = 0.849) task
[53919:0x4e54590] 284984775 ms: Scavenge 1677.4 (1734.9) -> 1668.1 (1735.6) MB, 7.3 / 0.0 ms  (average mu = 0.999, current mu = 0.849) task
[53919:0x4e54590] 284984823 ms: Scavenge 1679.2 (1735.6) -> 1669.8 (1737.6) MB, 7.2 / 0.0 ms  (average mu = 0.999, current mu = 0.849) task
[53919:0x4e54590] 284984869 ms: Scavenge 1681.0 (1737.6) -> 1671.7 (1739.6) MB, 7.4 / 0.0 ms  (average mu = 0.999, current mu = 0.849) task
[53919:0x4e54590] 284984917 ms: Scavenge 1682.6 (1739.6) -> 1673.3 (1740.9) MB, 7.3 / 0.0 ms  (average mu = 0.999, current mu = 0.849) task
[53919:0x4e54590] 284984964 ms: Scavenge 1684.4 (1740.9) -> 1675.0 (1742.6) MB, 7.2 / 0.0 ms  (average mu = 0.999, current mu = 0.849) task
[53919:0x4e54590] 284985012 ms: Scavenge 1686.2 (1742.6) -> 1676.9 (1744.4) MB, 7.5 / 0.0 ms  (average mu = 0.999, current mu = 0.849) task
[53919:0x4e54590] 284985060 ms: Scavenge 1688.0 (1744.4) -> 1678.6 (1746.1) MB, 7.9 / 0.0 ms  (average mu = 0.999, current mu = 0.849) task
[53919:0x4e54590] 284985108 ms: Scavenge 1689.6 (1746.1) -> 1680.2 (1747.6) MB, 7.5 / 0.0 ms  (average mu = 0.999, current mu = 0.849) task
[53919:0x4e54590] 284985156 ms: Scavenge 1691.2 (1747.6) -> 1681.9 (1749.6) MB, 7.9 / 0.0 ms  (average mu = 0.999, current mu = 0.849) task
[53919:0x4e54590] 284985204 ms: Scavenge 1693.0 (1749.6) -> 1683.6 (1751.1) MB, 8.5 / 0.0 ms  (average mu = 0.999, current mu = 0.849) task
[53919:0x4e54590] 284985253 ms: Scavenge 1694.9 (1751.4) -> 1685.5 (1752.6) MB, 7.9 / 0.0 ms  (average mu = 0.999, current mu = 0.849) task
[53919:0x4e54590] 284985303 ms: Scavenge 1696.6 (1752.6) -> 1687.2 (1754.4) MB, 9.3 / 0.0 ms  (average mu = 0.999, current mu = 0.849) task
[53919:0x4e54590] 284985352 ms: Scavenge 1698.3 (1754.4) -> 1689.0 (1756.4) MB, 8.3 / 0.0 ms  (average mu = 0.999, current mu = 0.849) task
[53919:0x4e54590] 284985402 ms: Scavenge 1700.0 (1756.4) -> 1690.7 (1757.6) MB, 7.3 / 0.0 ms  (average mu = 0.999, current mu = 0.849) task
[53919:0x4e54590] 284985452 ms: Scavenge 1701.9 (1757.6) -> 1692.5 (1759.1) MB, 7.6 / 0.0 ms  (average mu = 0.999, current mu = 0.849) task
[53919:0x4e54590] 284985502 ms: Scavenge 1703.5 (1759.1) -> 1694.1 (1761.1) MB, 7.8 / 0.0 ms  (average mu = 0.999, current mu = 0.849) task
[53919:0x4e54590] 284985554 ms: Scavenge 1705.2 (1761.1) -> 1695.9 (1762.9) MB, 11.3 / 0.0 ms  (average mu = 0.999, current mu = 0.849) task
[53919:0x4e54590] 284985602 ms: Scavenge 1706.9 (1762.9) -> 1697.6 (1764.1) MB, 7.7 / 0.0 ms  (average mu = 0.999, current mu = 0.849) task
[53919:0x4e54590] 284985650 ms: Scavenge 1708.6 (1764.1) -> 1699.3 (1765.9) MB, 7.3 / 0.0 ms  (average mu = 0.999, current mu = 0.849) task
[53919:0x4e54590] 284985698 ms: Scavenge 1710.5 (1765.9) -> 1701.0 (1767.6) MB, 7.5 / 0.0 ms  (average mu = 0.999, current mu = 0.849) task
[53919:0x4e54590] 284985751 ms: Scavenge 1712.0 (1767.6) -> 1702.7 (1769.6) MB, 9.9 / 0.0 ms  (average mu = 0.999, current mu = 0.849) task
[53919:0x4e54590] 284985800 ms: Scavenge 1714.0 (1769.6) -> 1704.6 (1770.9) MB, 7.6 / 0.0 ms  (average mu = 0.999, current mu = 0.849) task
[53919:0x4e54590] 284985849 ms: Scavenge 1715.6 (1770.9) -> 1706.2 (1772.9) MB, 7.9 / 0.0 ms  (average mu = 0.999, current mu = 0.849) task
[53919:0x4e54590] 284985897 ms: Scavenge 1717.2 (1772.9) -> 1707.9 (1774.1) MB, 7.4 / 0.0 ms  (average mu = 0.999, current mu = 0.849) task
[53919:0x4e54590] 284985948 ms: Scavenge 1719.0 (1774.1) -> 1709.6 (1775.6) MB, 7.4 / 0.0 ms  (average mu = 0.999, current mu = 0.849) task
[53919:0x4e54590] 284985997 ms: Scavenge 1720.7 (1775.6) -> 1711.4 (1777.6) MB, 7.8 / 0.0 ms  (average mu = 0.999, current mu = 0.849) task
[53919:0x4e54590] 284986045 ms: Scavenge 1722.4 (1777.6) -> 1713.1 (1779.1) MB, 7.1 / 0.0 ms  (average mu = 0.999, current mu = 0.849) task
[53919:0x4e54590] 284986093 ms: Scavenge 1724.1 (1779.1) -> 1714.8 (1780.6) MB, 7.2 / 0.0 ms  (average mu = 0.999, current mu = 0.849) task
[53919:0x4e54590] 284986140 ms: Scavenge 1726.0 (1780.9) -> 1716.7 (1782.6) MB, 7.3 / 0.0 ms  (average mu = 0.999, current mu = 0.849) task
[53919:0x4e54590] 284986188 ms: Scavenge 1727.9 (1782.6) -> 1718.5 (1784.4) MB, 7.7 / 0.0 ms  (average mu = 0.999, current mu = 0.849) task
[53919:0x4e54590] 284986236 ms: Scavenge 1729.5 (1784.4) -> 1720.1 (1786.1) MB, 7.2 / 0.0 ms  (average mu = 0.999, current mu = 0.849) task
[53919:0x4e54590] 284986285 ms: Scavenge 1731.3 (1786.1) -> 1721.9 (1787.9) MB, 7.3 / 0.0 ms  (average mu = 0.999, current mu = 0.849) task
[53919:0x4e54590] 284986333 ms: Scavenge 1733.1 (1787.9) -> 1723.8 (1789.9) MB, 8.2 / 0.0 ms  (average mu = 0.999, current mu = 0.849) task
[53919:0x4e54590] 284986382 ms: Scavenge 1734.9 (1789.9) -> 1725.4 (1791.4) MB, 8.2 / 0.0 ms  (average mu = 0.999, current mu = 0.849) task
[53919:0x4e54590] 284986431 ms: Scavenge 1736.4 (1791.4) -> 1727.1 (1793.1) MB, 7.7 / 0.0 ms  (average mu = 0.999, current mu = 0.849) task
[53919:0x4e54590] 284986479 ms: Scavenge 1738.1 (1793.1) -> 1728.8 (1794.9) MB, 7.8 / 0.0 ms  (average mu = 0.999, current mu = 0.849) task
[53919:0x4e54590] 284986528 ms: Scavenge 1740.1 (1794.9) -> 1730.7 (1796.9) MB, 8.6 / 0.0 ms  (average mu = 0.999, current mu = 0.849) task
[53919:0x4e54590] 284986579 ms: Scavenge 1741.7 (1796.9) -> 1732.3 (1798.4) MB, 8.0 / 0.0 ms  (average mu = 0.999, current mu = 0.849) task
[53919:0x4e54590] 284986628 ms: Scavenge 1743.4 (1798.4) -> 1734.0 (1799.9) MB, 7.8 / 0.0 ms  (average mu = 0.999, current mu = 0.849) task
[53919:0x4e54590] 284986677 ms: Scavenge 1745.0 (1799.9) -> 1735.7 (1802.1) MB, 8.3 / 0.0 ms  (average mu = 0.999, current mu = 0.849) task
[53919:0x4e54590] 284986728 ms: Scavenge 1746.7 (1802.1) -> 1737.4 (1803.6) MB, 7.7 / 0.0 ms  (average mu = 0.999, current mu = 0.849) task
[53919:0x4e54590] 284986777 ms: Scavenge 1748.7 (1803.6) -> 1739.4 (1805.9) MB, 8.3 / 0.0 ms  (average mu = 0.999, current mu = 0.849) task
[53919:0x4e54590] 284986825 ms: Scavenge 1750.3 (1805.9) -> 1740.9 (1807.4) MB, 7.4 / 0.0 ms  (average mu = 0.999, current mu = 0.849) task
[53919:0x4e54590] 284986873 ms: Scavenge 1752.0 (1807.4) -> 1742.6 (1809.1) MB, 7.3 / 0.0 ms  (average mu = 0.999, current mu = 0.849) task
[53919:0x4e54590] 284986921 ms: Scavenge 1753.6 (1809.1) -> 1744.3 (1810.4) MB, 7.3 / 0.0 ms  (average mu = 0.999, current mu = 0.849) task
[53919:0x4e54590] 284986972 ms: Scavenge 1755.2 (1810.4) -> 1746.0 (1812.6) MB, 8.3 / 0.0 ms  (average mu = 0.999, current mu = 0.849) task
[53919:0x4e54590] 284987024 ms: Scavenge 1757.4 (1812.9) -> 1747.9 (1814.4) MB, 7.4 / 0.0 ms  (average mu = 0.999, current mu = 0.849) task
[53919:0x4e54590] 284987074 ms: Scavenge 1759.1 (1814.4) -> 1749.8 (1816.6) MB, 8.7 / 0.0 ms  (average mu = 0.999, current mu = 0.849) task
[53919:0x4e54590] 284987124 ms: Scavenge 1760.9 (1816.6) -> 1751.5 (1817.9) MB, 8.1 / 0.0 ms  (average mu = 0.999, current mu = 0.849) task
[53919:0x4e54590] 284987176 ms: Scavenge 1762.5 (1817.9) -> 1753.2 (1819.9) MB, 8.4 / 0.0 ms  (average mu = 0.999, current mu = 0.849) task
[53919:0x4e54590] 284987229 ms: Scavenge 1764.2 (1819.9) -> 1754.8 (1821.4) MB, 8.2 / 0.0 ms  (average mu = 0.999, current mu = 0.849) task
[53919:0x4e54590] 284987281 ms: Scavenge 1766.1 (1821.4) -> 1756.8 (1823.4) MB, 9.4 / 0.0 ms  (average mu = 0.999, current mu = 0.849) task
[53919:0x4e54590] 284987330 ms: Scavenge 1767.7 (1823.4) -> 1758.4 (1824.9) MB, 7.5 / 0.0 ms  (average mu = 0.999, current mu = 0.849) task
[53919:0x4e54590] 284987380 ms: Scavenge 1769.5 (1824.9) -> 1760.1 (1826.6) MB, 7.5 / 0.0 ms  (average mu = 0.999, current mu = 0.849) task
[53919:0x4e54590] 284987429 ms: Scavenge 1771.0 (1826.6) -> 1761.7 (1828.4) MB, 7.5 / 0.0 ms  (average mu = 0.999, current mu = 0.849) task
[53919:0x4e54590] 284987479 ms: Scavenge 1772.7 (1828.4) -> 1763.4 (1829.9) MB, 8.4 / 0.0 ms  (average mu = 0.999, current mu = 0.849) task
[53919:0x4e54590] 284987528 ms: Scavenge 1774.7 (1829.9) -> 1765.3 (1832.4) MB, 8.2 / 0.0 ms  (average mu = 0.999, current mu = 0.849) task
[53919:0x4e54590] 284987578 ms: Scavenge 1776.3 (1832.4) -> 1767.0 (1833.6) MB, 8.5 / 0.0 ms  (average mu = 0.999, current mu = 0.849) task
[53919:0x4e54590] 284987626 ms: Scavenge 1778.0 (1833.6) -> 1768.6 (1835.1) MB, 7.6 / 0.0 ms  (average mu = 0.999, current mu = 0.849) task
[53919:0x4e54590] 284987675 ms: Scavenge 1779.6 (1835.1) -> 1770.3 (1837.4) MB, 8.0 / 0.0 ms  (average mu = 0.999, current mu = 0.849) task
[53919:0x4e54590] 284987724 ms: Scavenge 1781.6 (1837.4) -> 1772.2 (1839.1) MB, 8.6 / 0.0 ms  (average mu = 0.999, current mu = 0.849) task
[53919:0x4e54590] 284987771 ms: Scavenge 1783.1 (1839.1) -> 1773.8 (1840.6) MB, 7.3 / 0.0 ms  (average mu = 0.999, current mu = 0.849) task
[53919:0x4e54590] 284987818 ms: Scavenge 1784.8 (1840.6) -> 1775.5 (1842.4) MB, 7.4 / 0.0 ms  (average mu = 0.999, current mu = 0.849) task
[53919:0x4e54590] 284987867 ms: Scavenge 1786.8 (1842.6) -> 1777.4 (1844.4) MB, 7.3 / 0.0 ms  (average mu = 0.999, current mu = 0.849) task
[53919:0x4e54590] 284987916 ms: Scavenge 1788.5 (1844.4) -> 1779.2 (1846.4) MB, 7.3 / 0.0 ms  (average mu = 0.999, current mu = 0.849) task
[53919:0x4e54590] 284987965 ms: Scavenge 1790.3 (1846.4) -> 1780.9 (1847.9) MB, 7.6 / 0.0 ms  (average mu = 0.999, current mu = 0.849) task
[53919:0x4e54590] 284988017 ms: Scavenge 1791.9 (1847.9) -> 1782.7 (1849.9) MB, 7.9 / 0.0 ms  (average mu = 0.999, current mu = 0.849) task
[53919:0x4e54590] 284988064 ms: Scavenge 1793.6 (1849.9) -> 1784.3 (1851.1) MB, 7.4 / 0.0 ms  (average mu = 0.999, current mu = 0.849) task
[53919:0x4e54590] 284988115 ms: Scavenge 1795.4 (1851.1) -> 1786.1 (1853.4) MB, 8.9 / 0.0 ms  (average mu = 0.999, current mu = 0.849) task
[53919:0x4e54590] 284988162 ms: Scavenge 1797.2 (1853.4) -> 1787.9 (1854.9) MB, 7.5 / 0.0 ms  (average mu = 0.999, current mu = 0.849) task
[53919:0x4e54590] 284988216 ms: Scavenge 1799.0 (1854.9) -> 1789.6 (1856.9) MB, 9.9 / 0.0 ms  (average mu = 0.999, current mu = 0.849) task
[53919:0x4e54590] 284988266 ms: Scavenge 1800.6 (1856.9) -> 1791.2 (1858.1) MB, 7.4 / 0.0 ms  (average mu = 0.999, current mu = 0.849) task
[53919:0x4e54590] 284988316 ms: Scavenge 1802.2 (1858.1) -> 1793.0 (1860.4) MB, 8.5 / 0.0 ms  (average mu = 0.999, current mu = 0.849) task
[53919:0x4e54590] 284988366 ms: Scavenge 1804.3 (1860.4) -> 1794.8 (1861.6) MB, 7.2 / 0.0 ms  (average mu = 0.999, current mu = 0.849) task
[53919:0x4e54590] 284988416 ms: Scavenge 1805.7 (1861.6) -> 1796.5 (1863.9) MB, 8.9 / 0.0 ms  (average mu = 0.999, current mu = 0.849) task
[53919:0x4e54590] 284988466 ms: Scavenge 1807.6 (1863.9) -> 1798.2 (1865.6) MB, 8.4 / 0.0 ms  (average mu = 0.999, current mu = 0.849) task
[53919:0x4e54590] 284988515 ms: Scavenge 1809.1 (1865.6) -> 1799.8 (1866.9) MB, 7.9 / 0.0 ms  (average mu = 0.999, current mu = 0.849) task
[53919:0x4e54590] 284988563 ms: Scavenge 1810.8 (1866.9) -> 1801.7 (1868.9) MB, 8.0 / 0.0 ms  (average mu = 0.999, current mu = 0.849) task
[53919:0x4e54590] 284988615 ms: Scavenge 1812.7 (1868.9) -> 1803.2 (1870.4) MB, 7.5 / 0.0 ms  (average mu = 0.999, current mu = 0.849) task
[53919:0x4e54590] 284988663 ms: Scavenge 1814.3 (1870.4) -> 1805.1 (1872.4) MB, 7.5 / 0.0 ms  (average mu = 0.999, current mu = 0.849) task
[53919:0x4e54590] 284988711 ms: Scavenge 1816.1 (1872.4) -> 1806.7 (1873.9) MB, 7.2 / 0.0 ms  (average mu = 0.999, current mu = 0.849) task
[53919:0x4e54590] 284988759 ms: Scavenge 1817.9 (1874.1) -> 1808.6 (1875.9) MB, 7.1 / 0.0 ms  (average mu = 0.999, current mu = 0.849) task
[53919:0x4e54590] 284988809 ms: Scavenge 1819.8 (1875.9) -> 1810.5 (1878.4) MB, 9.0 / 0.0 ms  (average mu = 0.999, current mu = 0.849) task
[53919:0x4e54590] 284988858 ms: Scavenge 1821.6 (1878.4) -> 1812.2 (1879.4) MB, 8.0 / 0.0 ms  (average mu = 0.999, current mu = 0.849) task
[53919:0x4e54590] 284988908 ms: Scavenge 1823.2 (1879.4) -> 1813.8 (1881.1) MB, 7.4 / 0.0 ms  (average mu = 0.999, current mu = 0.849) task
[53919:0x4e54590] 284988956 ms: Scavenge 1824.9 (1881.1) -> 1815.5 (1882.9) MB, 7.5 / 0.0 ms  (average mu = 0.999, current mu = 0.849) task
[53919:0x4e54590] 284989005 ms: Scavenge 1826.7 (1882.9) -> 1817.4 (1884.9) MB, 8.4 / 0.0 ms  (average mu = 0.999, current mu = 0.849) task
[53919:0x4e54590] 284991182 ms: Mark-sweep (reduce) 1819.8 (1884.9) -> 1813.0 (1855.6) MB, 1964.2 / 0.0 ms  (+ 186.1 ms in 47 steps since start of marking, biggest step 28.1 ms, walltime since start of marking 2177 ms) (average mu = 0.998, current mu = 0.735) finalize incremental marking via task GC in old space requested
[53919:0x4e54590] 284991190 ms: Scavenge 1814.2 (1855.6) -> 1813.3 (1858.6) MB, 2.2 / 0.0 ms  (average mu = 0.998, current mu = 0.735) allocation failure
[53919:0x4e54590] 284991213 ms: Scavenge 1815.2 (1858.6) -> 1813.7 (1858.6) MB, 3.2 / 0.0 ms  (average mu = 0.998, current mu = 0.735) allocation failure
[53919:0x4e54590] 284991231 ms: Scavenge 1815.3 (1858.6) -> 1813.9 (1858.6) MB, 3.7 / 0.0 ms  (average mu = 0.998, current mu = 0.735) allocation failure
[53919:0x4e54590] 284991244 ms: Scavenge 1815.6 (1858.6) -> 1814.2 (1858.6) MB, 4.5 / 0.0 ms  (average mu = 0.998, current mu = 0.735) allocation failure
[53919:0x4e54590] 284991298 ms: Scavenge 1816.1 (1858.6) -> 1814.7 (1859.1) MB, 5.7 / 0.0 ms  (average mu = 0.998, current mu = 0.735) allocation failure
[53919:0x4e54590] 284991322 ms: Scavenge 1816.6 (1859.1) -> 1815.2 (1863.6) MB, 17.0 / 0.0 ms  (average mu = 0.998, current mu = 0.735) allocation failure
[53919:0x4e54590] 284991362 ms: Scavenge 1818.7 (1863.6) -> 1815.7 (1863.9) MB, 5.7 / 0.0 ms  (average mu = 0.998, current mu = 0.735) task
[53919:0x4e54590] 284991392 ms: Scavenge 1818.9 (1863.9) -> 1816.2 (1864.1) MB, 5.3 / 0.0 ms  (average mu = 0.998, current mu = 0.735) task
[53919:0x4e54590] 284991408 ms: Scavenge 1819.3 (1864.1) -> 1816.7 (1864.9) MB, 4.8 / 0.0 ms  (average mu = 0.998, current mu = 0.735) task
[53919:0x4e54590] 284991472 ms: Scavenge 1819.9 (1864.9) -> 1817.2 (1865.1) MB, 6.8 / 0.0 ms  (average mu = 0.998, current mu = 0.735) task
[53919:0x4e54590] 284991508 ms: Scavenge 1820.3 (1865.1) -> 1817.7 (1873.6) MB, 6.1 / 0.0 ms  (average mu = 0.998, current mu = 0.735) task
[53919:0x4e54590] 284991542 ms: Scavenge 1824.1 (1873.6) -> 1818.7 (1873.9) MB, 6.4 / 0.0 ms  (average mu = 0.998, current mu = 0.735) task
[53919:0x4e54590] 284991635 ms: Scavenge 1824.2 (1873.9) -> 1819.5 (1875.1) MB, 11.5 / 0.0 ms  (average mu = 0.998, current mu = 0.735) task
[53919:0x4e54590] 284991679 ms: Scavenge 1825.0 (1875.1) -> 1820.3 (1875.9) MB, 7.4 / 0.0 ms  (average mu = 0.998, current mu = 0.735) task
[53919:0x4e54590] 284991717 ms: Scavenge 1825.8 (1875.9) -> 1821.2 (1876.6) MB, 6.6 / 0.0 ms  (average mu = 0.998, current mu = 0.735) task
[53919:0x4e54590] 284991746 ms: Scavenge 1826.7 (1876.6) -> 1821.9 (1877.1) MB, 6.0 / 0.0 ms  (average mu = 0.998, current mu = 0.735) task
[53919:0x4e54590] 284991773 ms: Scavenge 1827.4 (1877.1) -> 1822.8 (1893.9) MB, 5.6 / 0.0 ms  (average mu = 0.998, current mu = 0.735) task
[53919:0x4e54590] 284991828 ms: Scavenge 1834.6 (1893.9) -> 1824.7 (1894.9) MB, 6.9 / 0.0 ms  (average mu = 0.998, current mu = 0.735) task
[53919:0x4e54590] 284991882 ms: Scavenge 1836.0 (1894.9) -> 1826.6 (1896.9) MB, 7.3 / 0.0 ms  (average mu = 0.998, current mu = 0.735) task
[53919:0x4e54590] 284991935 ms: Scavenge 1837.9 (1896.9) -> 1828.3 (1898.4) MB, 8.8 / 0.0 ms  (average mu = 0.998, current mu = 0.735) task
[53919:0x4e54590] 284991985 ms: Scavenge 1839.3 (1898.4) -> 1830.0 (1900.4) MB, 7.7 / 0.0 ms  (average mu = 0.998, current mu = 0.735) task
[53919:0x4e54590] 284992036 ms: Scavenge 1841.0 (1900.4) -> 1831.7 (1901.9) MB, 8.6 / 0.0 ms  (average mu = 0.998, current mu = 0.735) task
[53919:0x4e54590] 284992085 ms: Scavenge 1842.7 (1901.9) -> 1833.3 (1903.4) MB, 7.2 / 0.0 ms  (average mu = 0.998, current mu = 0.735) task
[53919:0x4e54590] 284992134 ms: Scavenge 1844.4 (1903.4) -> 1835.1 (1905.4) MB, 7.9 / 0.0 ms  (average mu = 0.998, current mu = 0.735) task
[53919:0x4e54590] 284992182 ms: Scavenge 1846.6 (1905.6) -> 1837.2 (1907.4) MB, 7.1 / 0.0 ms  (average mu = 0.998, current mu = 0.735) task
[53919:0x4e54590] 284992230 ms: Scavenge 1848.2 (1907.4) -> 1838.9 (1908.9) MB, 7.9 / 0.0 ms  (average mu = 0.998, current mu = 0.735) task
[53919:0x4e54590] 284992279 ms: Scavenge 1849.9 (1908.9) -> 1840.6 (1910.4) MB, 7.8 / 0.0 ms  (average mu = 0.998, current mu = 0.735) task
[53919:0x4e54590] 284992329 ms: Scavenge 1851.6 (1910.4) -> 1842.2 (1911.9) MB, 7.3 / 0.0 ms  (average mu = 0.998, current mu = 0.735) task
[53919:0x4e54590] 284992379 ms: Scavenge 1853.2 (1911.9) -> 1843.9 (1913.6) MB, 7.1 / 0.0 ms  (average mu = 0.998, current mu = 0.735) task
[53919:0x4e54590] 284992428 ms: Scavenge 1855.1 (1913.6) -> 1845.7 (1915.6) MB, 7.5 / 0.0 ms  (average mu = 0.998, current mu = 0.735) task
[53919:0x4e54590] 284992475 ms: Scavenge 1856.6 (1915.6) -> 1847.3 (1917.1) MB, 7.3 / 0.0 ms  (average mu = 0.998, current mu = 0.735) task
[53919:0x4e54590] 284992522 ms: Scavenge 1858.4 (1917.1) -> 1849.1 (1918.6) MB, 7.2 / 0.0 ms  (average mu = 0.998, current mu = 0.735) task
[53919:0x4e54590] 284992570 ms: Scavenge 1860.2 (1918.6) -> 1850.8 (1920.4) MB, 7.5 / 0.0 ms  (average mu = 0.998, current mu = 0.735) task
[53919:0x4e54590] 284992618 ms: Scavenge 1861.8 (1920.4) -> 1852.5 (1921.9) MB, 7.5 / 0.0 ms  (average mu = 0.998, current mu = 0.735) task
[53919:0x4e54590] 284992666 ms: Scavenge 1863.6 (1921.9) -> 1854.2 (1923.9) MB, 7.1 / 0.0 ms  (average mu = 0.998, current mu = 0.735) task
[53919:0x4e54590] 284992715 ms: Scavenge 1865.3 (1923.9) -> 1856.0 (1925.4) MB, 7.4 / 0.0 ms  (average mu = 0.998, current mu = 0.735) task
[53919:0x4e54590] 284992768 ms: Scavenge 1867.1 (1925.4) -> 1857.7 (1927.1) MB, 8.2 / 0.0 ms  (average mu = 0.998, current mu = 0.735) task
[53919:0x4e54590] 284992816 ms: Scavenge 1868.7 (1927.1) -> 1859.4 (1928.9) MB, 7.5 / 0.0 ms  (average mu = 0.998, current mu = 0.735) task
[53919:0x4e54590] 284992864 ms: Scavenge 1870.5 (1928.9) -> 1861.1 (1930.6) MB, 7.4 / 0.0 ms  (average mu = 0.998, current mu = 0.735) task
[53919:0x4e54590] 284992912 ms: Scavenge 1872.2 (1930.6) -> 1862.8 (1931.9) MB, 7.3 / 0.0 ms  (average mu = 0.998, current mu = 0.735) task
[53919:0x4e54590] 284992960 ms: Scavenge 1873.9 (1931.9) -> 1864.6 (1933.6) MB, 7.7 / 0.0 ms  (average mu = 0.998, current mu = 0.735) task
[53919:0x4e54590] 284993007 ms: Scavenge 1875.9 (1933.9) -> 1866.5 (1935.4) MB, 7.2 / 0.0 ms  (average mu = 0.998, current mu = 0.735) task
[53919:0x4e54590] 284993056 ms: Scavenge 1877.6 (1935.4) -> 1868.3 (1937.4) MB, 8.1 / 0.0 ms  (average mu = 0.998, current mu = 0.735) task
[53919:0x4e54590] 284993104 ms: Scavenge 1879.3 (1937.4) -> 1870.0 (1939.1) MB, 7.2 / 0.0 ms  (average mu = 0.998, current mu = 0.735) task
[53919:0x4e54590] 284993152 ms: Scavenge 1881.2 (1939.1) -> 1871.8 (1940.9) MB, 7.9 / 0.0 ms  (average mu = 0.998, current mu = 0.735) task
[53919:0x4e54590] 284993200 ms: Scavenge 1882.8 (1940.9) -> 1873.5 (1942.9) MB, 7.4 / 0.0 ms  (average mu = 0.998, current mu = 0.735) task
[53919:0x4e54590] 284993249 ms: Scavenge 1884.6 (1942.9) -> 1875.2 (1944.4) MB, 7.5 / 0.0 ms  (average mu = 0.998, current mu = 0.735) task
[53919:0x4e54590] 284993297 ms: Scavenge 1886.1 (1944.4) -> 1876.9 (1945.9) MB, 7.9 / 0.0 ms  (average mu = 0.998, current mu = 0.735) task
[53919:0x4e54590] 284993344 ms: Scavenge 1888.0 (1945.9) -> 1878.7 (1948.1) MB, 7.5 / 0.0 ms  (average mu = 0.998, current mu = 0.735) task
[53919:0x4e54590] 284993392 ms: Scavenge 1889.8 (1948.1) -> 1880.3 (1949.6) MB, 7.3 / 0.0 ms  (average mu = 0.998, current mu = 0.735) task
[53919:0x4e54590] 284993440 ms: Scavenge 1891.3 (1949.6) -> 1882.0 (1951.1) MB, 7.2 / 0.0 ms  (average mu = 0.998, current mu = 0.735) task
[53919:0x4e54590] 284993489 ms: Scavenge 1893.2 (1951.1) -> 1883.7 (1952.9) MB, 7.6 / 0.0 ms  (average mu = 0.998, current mu = 0.735) task
[53919:0x4e54590] 284993537 ms: Scavenge 1894.7 (1952.9) -> 1885.4 (1954.9) MB, 7.1 / 0.0 ms  (average mu = 0.998, current mu = 0.735) task
[53919:0x4e54590] 284993585 ms: Scavenge 1896.6 (1954.9) -> 1887.3 (1957.1) MB, 7.5 / 0.0 ms  (average mu = 0.998, current mu = 0.735) task
[53919:0x4e54590] 284993636 ms: Scavenge 1898.4 (1957.1) -> 1888.9 (1958.1) MB, 8.2 / 0.0 ms  (average mu = 0.998, current mu = 0.735) task
[53919:0x4e54590] 284993685 ms: Scavenge 1899.9 (1958.1) -> 1890.6 (1959.9) MB, 7.3 / 0.0 ms  (average mu = 0.998, current mu = 0.735) task
[53919:0x4e54590] 284993738 ms: Scavenge 1901.7 (1959.9) -> 1892.3 (1961.6) MB, 7.5 / 0.0 ms  (average mu = 0.998, current mu = 0.735) task
[53919:0x4e54590] 284993787 ms: Scavenge 1903.5 (1961.6) -> 1894.2 (1964.1) MB, 8.8 / 0.0 ms  (average mu = 0.998, current mu = 0.735) task
[53919:0x4e54590] 284993834 ms: Scavenge 1905.2 (1964.1) -> 1895.8 (1965.4) MB, 6.8 / 0.0 ms  (average mu = 0.998, current mu = 0.735) task
[53919:0x4e54590] 284993881 ms: Scavenge 1907.2 (1965.6) -> 1897.8 (1967.1) MB, 6.9 / 0.0 ms  (average mu = 0.998, current mu = 0.735) task
[53919:0x4e54590] 284993929 ms: Scavenge 1908.7 (1967.1) -> 1899.4 (1968.9) MB, 7.1 / 0.0 ms  (average mu = 0.998, current mu = 0.735) task
[53919:0x4e54590] 284993977 ms: Scavenge 1910.7 (1968.9) -> 1901.3 (1971.1) MB, 8.0 / 0.0 ms  (average mu = 0.998, current mu = 0.735) task
[53919:0x4e54590] 284994026 ms: Scavenge 1912.3 (1971.1) -> 1903.0 (1972.6) MB, 6.5 / 0.0 ms  (average mu = 0.998, current mu = 0.735) task
[53919:0x4e54590] 284994074 ms: Scavenge 1914.0 (1972.6) -> 1904.6 (1974.1) MB, 7.3 / 0.0 ms  (average mu = 0.998, current mu = 0.735) task
[53919:0x4e54590] 284994122 ms: Scavenge 1915.6 (1974.1) -> 1906.4 (1976.4) MB, 8.4 / 0.0 ms  (average mu = 0.998, current mu = 0.735) task
[53919:0x4e54590] 284994171 ms: Scavenge 1917.5 (1976.4) -> 1908.2 (1977.6) MB, 8.0 / 0.0 ms  (average mu = 0.998, current mu = 0.735) task
[53919:0x4e54590] 284994220 ms: Scavenge 1919.3 (1977.6) -> 1909.9 (1979.6) MB, 7.6 / 0.0 ms  (average mu = 0.998, current mu = 0.735) task
[53919:0x4e54590] 284994267 ms: Scavenge 1920.8 (1979.6) -> 1911.5 (1981.1) MB, 7.0 / 0.0 ms  (average mu = 0.998, current mu = 0.735) task
[53919:0x4e54590] 284994315 ms: Scavenge 1922.6 (1981.1) -> 1913.2 (1982.9) MB, 6.6 / 0.0 ms  (average mu = 0.998, current mu = 0.735) task
[53919:0x4e54590] 284994363 ms: Scavenge 1924.3 (1982.9) -> 1915.0 (1985.1) MB, 7.8 / 0.0 ms  (average mu = 0.998, current mu = 0.735) task
[53919:0x4e54590] 284994411 ms: Scavenge 1926.0 (1985.1) -> 1916.7 (1986.4) MB, 7.6 / 0.0 ms  (average mu = 0.998, current mu = 0.735) task
[53919:0x4e54590] 284996991 ms: Mark-sweep (reduce) 1919.9 (1986.4) -> 1914.5 (1957.9) MB, 2353.5 / 0.0 ms  (+ 174.4 ms in 62 steps since start of marking, biggest step 35.7 ms, walltime since start of marking 2580 ms) (average mu = 0.996, current mu = 0.565) finalize incremental marking via task GC in old space requested
[53919:0x4e54590] 284996999 ms: Scavenge 1915.6 (1957.9) -> 1914.8 (1960.9) MB, 2.5 / 0.0 ms  (average mu = 0.996, current mu = 0.565) allocation failure
[53919:0x4e54590] 284997008 ms: Scavenge 1916.5 (1960.9) -> 1915.1 (1960.9) MB, 2.7 / 0.0 ms  (average mu = 0.996, current mu = 0.565) task
[53919:0x4e54590] 284997017 ms: Scavenge 1916.6 (1960.9) -> 1915.3 (1960.9) MB, 2.8 / 0.0 ms  (average mu = 0.996, current mu = 0.565) task
[53919:0x4e54590] 284997026 ms: Scavenge 1917.0 (1960.9) -> 1915.7 (1961.4) MB, 2.8 / 0.0 ms  (average mu = 0.996, current mu = 0.565) task
[53919:0x4e54590] 284997035 ms: Scavenge 1917.3 (1961.4) -> 1916.0 (1961.6) MB, 3.0 / 0.0 ms  (average mu = 0.996, current mu = 0.565) task
[53919:0x4e54590] 284997060 ms: Scavenge 1917.5 (1961.6) -> 1916.2 (1965.6) MB, 4.3 / 0.0 ms  (average mu = 0.996, current mu = 0.565) task
[53919:0x4e54590] 284997080 ms: Scavenge 1919.4 (1965.6) -> 1916.7 (1965.6) MB, 6.5 / 0.0 ms  (average mu = 0.996, current mu = 0.565) task
[53919:0x4e54590] 284997112 ms: Scavenge 1919.8 (1965.6) -> 1917.2 (1966.4) MB, 10.6 / 0.0 ms  (average mu = 0.996, current mu = 0.565) task
[53919:0x4e54590] 284997130 ms: Scavenge 1920.4 (1966.4) -> 1917.6 (1966.9) MB, 5.0 / 0.0 ms  (average mu = 0.996, current mu = 0.565) task
[53919:0x4e54590] 284997156 ms: Scavenge 1920.8 (1966.9) -> 1918.1 (1967.4) MB, 4.7 / 0.0 ms  (average mu = 0.996, current mu = 0.565) task
[53919:0x4e54590] 284997186 ms: Scavenge 1921.2 (1967.4) -> 1918.6 (1975.6) MB, 5.7 / 0.0 ms  (average mu = 0.996, current mu = 0.565) task
[53919:0x4e54590] 284997271 ms: Scavenge 1925.0 (1975.6) -> 1919.6 (1975.9) MB, 7.9 / 0.0 ms  (average mu = 0.996, current mu = 0.565) task
[53919:0x4e54590] 284997315 ms: Scavenge 1925.1 (1975.9) -> 1920.5 (1976.9) MB, 8.0 / 0.0 ms  (average mu = 0.996, current mu = 0.565) task
[53919:0x4e54590] 284997400 ms: Scavenge 1926.0 (1976.9) -> 1921.4 (1977.6) MB, 8.5 / 0.0 ms  (average mu = 0.996, current mu = 0.565) task
[53919:0x4e54590] 284997461 ms: Scavenge 1926.9 (1977.6) -> 1922.2 (1978.6) MB, 7.8 / 0.0 ms  (average mu = 0.996, current mu = 0.565) task
[53919:0x4e54590] 284997530 ms: Scavenge 1927.8 (1978.6) -> 1923.0 (1979.1) MB, 6.5 / 0.0 ms  (average mu = 0.996, current mu = 0.565) task
[53919:0x4e54590] 284997555 ms: Scavenge 1928.5 (1979.1) -> 1923.9 (1996.1) MB, 3.9 / 0.0 ms  (average mu = 0.996, current mu = 0.565) task
[53919:0x4e54590] 284997613 ms: Scavenge 1935.9 (1996.4) -> 1926.1 (1997.9) MB, 7.0 / 0.0 ms  (average mu = 0.996, current mu = 0.565) task
[53919:0x4e54590] 284997666 ms: Scavenge 1937.2 (1997.9) -> 1927.8 (1999.1) MB, 7.1 / 0.0 ms  (average mu = 0.996, current mu = 0.565) task
[53919:0x4e54590] 284997714 ms: Scavenge 1938.8 (1999.1) -> 1929.5 (2000.6) MB, 7.0 / 0.0 ms  (average mu = 0.996, current mu = 0.565) task
[53919:0x4e54590] 284997763 ms: Scavenge 1940.6 (2000.6) -> 1931.3 (2002.9) MB, 7.5 / 0.0 ms  (average mu = 0.996, current mu = 0.565) task
[53919:0x4e54590] 284997810 ms: Scavenge 1942.3 (2002.9) -> 1933.0 (2004.1) MB, 6.9 / 0.0 ms  (average mu = 0.996, current mu = 0.565) task
[53919:0x4e54590] 284997859 ms: Scavenge 1944.0 (2004.1) -> 1934.6 (2006.4) MB, 8.2 / 0.0 ms  (average mu = 0.996, current mu = 0.565) task
[53919:0x4e54590] 284997907 ms: Scavenge 1945.8 (2006.4) -> 1936.4 (2007.4) MB, 6.6 / 0.0 ms  (average mu = 0.996, current mu = 0.565) task
[53919:0x4e54590] 284997955 ms: Scavenge 1947.5 (2007.4) -> 1938.2 (2009.1) MB, 6.9 / 0.0 ms  (average mu = 0.996, current mu = 0.565) task
[53919:0x4e54590] 284998004 ms: Scavenge 1949.2 (2009.1) -> 1939.9 (2010.6) MB, 7.4 / 0.0 ms  (average mu = 0.996, current mu = 0.565) task
[53919:0x4e54590] 284998052 ms: Scavenge 1950.8 (2010.6) -> 1941.5 (2012.9) MB, 7.7 / 0.0 ms  (average mu = 0.996, current mu = 0.565) task
[53919:0x4e54590] 284998101 ms: Scavenge 1952.6 (2012.9) -> 1943.3 (2014.1) MB, 7.2 / 0.0 ms  (average mu = 0.996, current mu = 0.565) task
[53919:0x4e54590] 284998154 ms: Scavenge 1954.4 (2014.1) -> 1945.0 (2016.1) MB, 10.8 / 0.0 ms  (average mu = 0.996, current mu = 0.565) task
[53919:0x4e54590] 284998203 ms: Scavenge 1956.0 (2016.1) -> 1946.7 (2017.6) MB, 7.3 / 0.0 ms  (average mu = 0.996, current mu = 0.565) task
[53919:0x4e54590] 284998250 ms: Scavenge 1957.9 (2017.6) -> 1948.5 (2020.1) MB, 7.4 / 0.0 ms  (average mu = 0.996, current mu = 0.565) task
[53919:0x4e54590] 284998299 ms: Scavenge 1959.5 (2020.1) -> 1950.1 (2021.1) MB, 6.7 / 0.0 ms  (average mu = 0.996, current mu = 0.565) task
[53919:0x4e54590] 284998348 ms: Scavenge 1961.3 (2021.1) -> 1952.0 (2023.4) MB, 7.9 / 0.0 ms  (average mu = 0.996, current mu = 0.565) task
[53919:0x4e54590] 284998396 ms: Scavenge 1963.1 (2023.4) -> 1953.7 (2024.6) MB, 6.9 / 0.0 ms  (average mu = 0.996, current mu = 0.565) task
[53919:0x4e54590] 284998444 ms: Scavenge 1964.6 (2024.6) -> 1955.3 (2026.4) MB, 7.5 / 0.0 ms  (average mu = 0.996, current mu = 0.565) task
[53919:0x4e54590] 284998494 ms: Scavenge 1966.7 (2026.6) -> 1957.2 (2028.1) MB, 7.6 / 0.0 ms  (average mu = 0.996, current mu = 0.565) task
[53919:0x4e54590] 284998542 ms: Scavenge 1968.3 (2028.1) -> 1959.0 (2030.6) MB, 8.0 / 0.0 ms  (average mu = 0.996, current mu = 0.565) task
[53919:0x4e54590] 284998592 ms: Scavenge 1970.2 (2030.6) -> 1960.8 (2032.1) MB, 7.7 / 0.0 ms  (average mu = 0.996, current mu = 0.565) task
[53919:0x4e54590] 284998644 ms: Scavenge 1971.9 (2032.1) -> 1962.5 (2033.9) MB, 7.3 / 0.0 ms  (average mu = 0.996, current mu = 0.565) task
[53919:0x4e54590] 284998693 ms: Scavenge 1973.5 (2033.9) -> 1964.2 (2035.6) MB, 7.1 / 0.0 ms  (average mu = 0.996, current mu = 0.565) task
[53919:0x4e54590] 284998746 ms: Scavenge 1975.3 (2035.6) -> 1965.9 (2037.4) MB, 7.9 / 0.0 ms  (average mu = 0.996, current mu = 0.565) task
[53919:0x4e54590] 284998793 ms: Scavenge 1976.9 (2037.4) -> 1967.6 (2039.1) MB, 6.1 / 0.0 ms  (average mu = 0.996, current mu = 0.565) task
[53919:0x4e54590] 285001238 ms: Mark-sweep (reduce) 1970.5 (2039.1) -> 1966.4 (2010.1) MB, 2211.0 / 0.0 ms  (+ 202.3 ms in 56 steps since start of marking, biggest step 33.3 ms, walltime since start of marking 2445 ms) (average mu = 0.992, current mu = 0.432) finalize incremental marking via task GC in old space requested
[53919:0x4e54590] 285001245 ms: Scavenge 1967.5 (2010.1) -> 1966.7 (2013.1) MB, 2.0 / 0.0 ms  (average mu = 0.992, current mu = 0.432) allocation failure
[53919:0x4e54590] 285001283 ms: Scavenge 1968.5 (2013.1) -> 1967.0 (2013.1) MB, 3.8 / 0.0 ms  (average mu = 0.992, current mu = 0.432) allocation failure
[53919:0x4e54590] 285001306 ms: Scavenge 1968.6 (2013.1) -> 1967.3 (2013.1) MB, 5.4 / 0.0 ms  (average mu = 0.992, current mu = 0.432) task
[53919:0x4e54590] 285001317 ms: Scavenge 1968.9 (2013.1) -> 1967.5 (2013.4) MB, 3.9 / 0.0 ms  (average mu = 0.992, current mu = 0.432) task
[53919:0x4e54590] 285001326 ms: Scavenge 1969.1 (2013.4) -> 1967.9 (2013.6) MB, 3.0 / 0.0 ms  (average mu = 0.992, current mu = 0.432) task
[53919:0x4e54590] 285001336 ms: Scavenge 1969.4 (2013.6) -> 1968.1 (2018.1) MB, 4.8 / 0.0 ms  (average mu = 0.992, current mu = 0.432) task
[53919:0x4e54590] 285001380 ms: Scavenge 1971.3 (2018.1) -> 1968.6 (2018.1) MB, 6.0 / 0.0 ms  (average mu = 0.992, current mu = 0.432) task
[53919:0x4e54590] 285001421 ms: Scavenge 1971.8 (2018.1) -> 1969.1 (2018.9) MB, 5.7 / 0.0 ms  (average mu = 0.992, current mu = 0.432) task
[53919:0x4e54590] 285001438 ms: Scavenge 1972.2 (2018.9) -> 1969.5 (2019.1) MB, 4.3 / 0.0 ms  (average mu = 0.992, current mu = 0.432) task
[53919:0x4e54590] 285001454 ms: Scavenge 1972.9 (2019.1) -> 1970.2 (2019.9) MB, 4.2 / 0.0 ms  (average mu = 0.992, current mu = 0.432) task
[53919:0x4e54590] 285001470 ms: Scavenge 1973.4 (2019.9) -> 1970.7 (2028.4) MB, 4.3 / 0.0 ms  (average mu = 0.992, current mu = 0.432) task
[53919:0x4e54590] 285001501 ms: Scavenge 1977.0 (2028.4) -> 1971.7 (2028.6) MB, 5.8 / 0.0 ms  (average mu = 0.992, current mu = 0.432) task
[53919:0x4e54590] 285001531 ms: Scavenge 1977.2 (2028.6) -> 1972.6 (2029.9) MB, 7.0 / 0.0 ms  (average mu = 0.992, current mu = 0.432) task
[53919:0x4e54590] 285001617 ms: Scavenge 1978.2 (2029.9) -> 1973.5 (2030.4) MB, 9.0 / 0.0 ms  (average mu = 0.992, current mu = 0.432) task
[53919:0x4e54590] 285001664 ms: Scavenge 1978.9 (2030.4) -> 1974.2 (2031.4) MB, 7.3 / 0.0 ms  (average mu = 0.992, current mu = 0.432) task
[53919:0x4e54590] 285001691 ms: Scavenge 1979.7 (2031.4) -> 1975.1 (2031.9) MB, 6.1 / 0.0 ms  (average mu = 0.992, current mu = 0.432) task
[53919:0x4e54590] 285001720 ms: Scavenge 1980.6 (2031.9) -> 1975.9 (2048.9) MB, 8.1 / 0.0 ms  (average mu = 0.992, current mu = 0.432) task
[53919:0x4e54590] 285001841 ms: Scavenge 1987.8 (2048.9) -> 1977.9 (2049.6) MB, 11.2 / 0.0 ms  (average mu = 0.992, current mu = 0.432) task
[53919:0x4e54590] 285001892 ms: Scavenge 1989.0 (2049.6) -> 1979.7 (2051.6) MB, 7.4 / 0.0 ms  (average mu = 0.992, current mu = 0.432) task
[53919:0x4e54590] 285001940 ms: Scavenge 1990.8 (2051.6) -> 1981.3 (2053.1) MB, 7.3 / 0.0 ms  (average mu = 0.992, current mu = 0.432) task
[53919:0x4e54590] 285001989 ms: Scavenge 1992.3 (2053.1) -> 1983.0 (2055.4) MB, 7.6 / 0.0 ms  (average mu = 0.992, current mu = 0.432) task
[53919:0x4e54590] 285002036 ms: Scavenge 1994.0 (2055.4) -> 1984.6 (2056.6) MB, 6.7 / 0.0 ms  (average mu = 0.992, current mu = 0.432) task
[53919:0x4e54590] 285002085 ms: Scavenge 1996.1 (2056.9) -> 1986.7 (2058.9) MB, 7.5 / 0.0 ms  (average mu = 0.992, current mu = 0.432) task
[53919:0x4e54590] 285002133 ms: Scavenge 1997.7 (2058.9) -> 1988.3 (2060.4) MB, 7.8 / 0.0 ms  (average mu = 0.992, current mu = 0.432) task
[53919:0x4e54590] 285002182 ms: Scavenge 1999.5 (2060.4) -> 1990.2 (2062.4) MB, 7.8 / 0.0 ms  (average mu = 0.992, current mu = 0.432) task
[53919:0x4e54590] 285002233 ms: Scavenge 2001.1 (2062.4) -> 1991.8 (2063.9) MB, 7.6 / 0.0 ms  (average mu = 0.992, current mu = 0.432) task
[53919:0x4e54590] 285002280 ms: Scavenge 2002.9 (2063.9) -> 1993.6 (2065.9) MB, 6.6 / 0.0 ms  (average mu = 0.992, current mu = 0.432) task
[53919:0x4e54590] 285004609 ms: Mark-sweep (reduce) 1997.3 (2065.9) -> 1993.2 (2037.1) MB, 2070.7 / 0.0 ms  (+ 195.6 ms in 73 steps since start of marking, biggest step 48.6 ms, walltime since start of marking 2329 ms) (average mu = 0.984, current mu = 0.328) finalize incremental marking via task GC in old space requested
[53919:0x4e54590] 285004631 ms: Scavenge 1994.4 (2037.1) -> 1993.6 (2040.1) MB, 3.2 / 0.0 ms  (average mu = 0.984, current mu = 0.328) allocation failure
[53919:0x4e54590] 285004642 ms: Scavenge 1995.4 (2040.1) -> 1994.0 (2040.1) MB, 3.0 / 0.0 ms  (average mu = 0.984, current mu = 0.328) allocation failure
[53919:0x4e54590] 285004652 ms: Scavenge 1995.6 (2040.1) -> 1994.2 (2040.1) MB, 3.5 / 0.0 ms  (average mu = 0.984, current mu = 0.328) allocation failure
[53919:0x4e54590] 285004661 ms: Scavenge 1995.8 (2040.1) -> 1994.4 (2040.6) MB, 3.0 / 0.0 ms  (average mu = 0.984, current mu = 0.328) allocation failure
[53919:0x4e54590] 285004670 ms: Scavenge 1996.1 (2040.6) -> 1994.7 (2040.6) MB, 2.6 / 0.0 ms  (average mu = 0.984, current mu = 0.328) allocation failure
[53919:0x4e54590] 285004680 ms: Scavenge 1996.3 (2040.6) -> 1995.0 (2045.9) MB, 3.9 / 0.0 ms  (average mu = 0.984, current mu = 0.328) allocation failure
[53919:0x4e54590] 285004696 ms: Scavenge 1998.3 (2045.9) -> 1995.7 (2045.9) MB, 3.8 / 0.0 ms  (average mu = 0.984, current mu = 0.328) task
[53919:0x4e54590] 285004738 ms: Scavenge 1998.9 (2045.9) -> 1996.2 (2046.1) MB, 6.3 / 0.0 ms  (average mu = 0.984, current mu = 0.328) task
[53919:0x4e54590] 285004758 ms: Scavenge 1999.4 (2046.1) -> 1996.7 (2046.4) MB, 8.1 / 0.0 ms  (average mu = 0.984, current mu = 0.328) task
[53919:0x4e54590] 285004809 ms: Scavenge 1999.8 (2046.4) -> 1997.2 (2047.1) MB, 6.4 / 0.0 ms  (average mu = 0.984, current mu = 0.328) task
[53919:0x4e54590] 285004847 ms: Scavenge 2000.3 (2047.1) -> 1997.6 (2055.6) MB, 14.4 / 0.0 ms  (average mu = 0.984, current mu = 0.328) task
[53919:0x4e54590] 285004879 ms: Scavenge 2004.0 (2055.6) -> 1998.7 (2055.6) MB, 6.0 / 0.0 ms  (average mu = 0.984, current mu = 0.328) task
[53919:0x4e54590] 285004910 ms: Scavenge 2004.1 (2055.6) -> 1999.5 (2057.4) MB, 7.3 / 0.0 ms  (average mu = 0.984, current mu = 0.328) task
[53919:0x4e54590] 285004937 ms: Scavenge 2004.9 (2057.4) -> 2000.3 (2057.9) MB, 6.8 / 0.0 ms  (average mu = 0.984, current mu = 0.328) task
[53919:0x4e54590] 285005005 ms: Scavenge 2005.8 (2057.9) -> 2001.2 (2058.6) MB, 10.6 / 0.0 ms  (average mu = 0.984, current mu = 0.328) task
[53919:0x4e54590] 285005057 ms: Scavenge 2006.6 (2058.6) -> 2002.0 (2060.1) MB, 7.9 / 0.0 ms  (average mu = 0.984, current mu = 0.328) task
[53919:0x4e54590] 285005112 ms: Scavenge 2007.6 (2060.1) -> 2002.8 (2076.6) MB, 8.3 / 0.0 ms  (average mu = 0.984, current mu = 0.328) task
[53919:0x4e54590] 285005215 ms: Scavenge 2014.7 (2076.6) -> 2004.8 (2077.1) MB, 8.6 / 0.0 ms  (average mu = 0.984, current mu = 0.328) task
[53919:0x4e54590] 285005266 ms: Scavenge 2015.9 (2077.1) -> 2006.5 (2078.9) MB, 6.7 / 0.0 ms  (average mu = 0.984, current mu = 0.328) task
[53919:0x4e54590] 285005317 ms: Scavenge 2017.5 (2078.9) -> 2008.1 (2080.4) MB, 9.1 / 0.0 ms  (average mu = 0.984, current mu = 0.328) task
[53919:0x4e54590] 285007998 ms: Mark-sweep (reduce) 2013.5 (2080.4) -> 2008.7 (2052.1) MB, 2409.5 / 0.0 ms  (+ 216.4 ms in 106 steps since start of marking, biggest step 26.9 ms, walltime since start of marking 2682 ms) (average mu = 0.967, current mu = 0.225) finalize incremental marking via task GC in old space requested
[53919:0x4e54590] 285008007 ms: Scavenge 2009.8 (2052.1) -> 2008.9 (2055.1) MB, 3.2 / 0.0 ms  (average mu = 0.967, current mu = 0.225) allocation failure
[53919:0x4e54590] 285008019 ms: Scavenge 2010.7 (2055.1) -> 2009.2 (2055.6) MB, 4.0 / 0.0 ms  (average mu = 0.967, current mu = 0.225) task
[53919:0x4e54590] 285008030 ms: Scavenge 2010.8 (2055.6) -> 2009.5 (2055.9) MB, 4.4 / 0.0 ms  (average mu = 0.967, current mu = 0.225) task
[53919:0x4e54590] 285008050 ms: Scavenge 2011.0 (2055.9) -> 2009.7 (2055.9) MB, 4.4 / 0.0 ms  (average mu = 0.967, current mu = 0.225) task
[53919:0x4e54590] 285008061 ms: Scavenge 2011.3 (2055.9) -> 2010.0 (2056.4) MB, 3.4 / 0.0 ms  (average mu = 0.967, current mu = 0.225) task
[53919:0x4e54590] 285008082 ms: Scavenge 2011.5 (2056.4) -> 2010.2 (2060.4) MB, 4.2 / 0.0 ms  (average mu = 0.967, current mu = 0.225) task
[53919:0x4e54590] 285008125 ms: Scavenge 2013.4 (2060.4) -> 2010.8 (2060.9) MB, 6.0 / 0.0 ms  (average mu = 0.967, current mu = 0.225) task
[53919:0x4e54590] 285008157 ms: Scavenge 2014.0 (2060.9) -> 2011.3 (2061.9) MB, 6.2 / 0.0 ms  (average mu = 0.967, current mu = 0.225) task
[53919:0x4e54590] 285008197 ms: Scavenge 2014.4 (2061.9) -> 2011.7 (2062.1) MB, 6.2 / 0.0 ms  (average mu = 0.967, current mu = 0.225) task
[53919:0x4e54590] 285008223 ms: Scavenge 2015.0 (2062.1) -> 2012.3 (2062.6) MB, 6.2 / 0.0 ms  (average mu = 0.967, current mu = 0.225) task
[53919:0x4e54590] 285008271 ms: Scavenge 2015.5 (2062.6) -> 2012.8 (2071.1) MB, 6.3 / 0.0 ms  (average mu = 0.967, current mu = 0.225) task
[53919:0x4e54590] 285008301 ms: Scavenge 2019.1 (2071.1) -> 2013.8 (2071.4) MB, 6.1 / 0.0 ms  (average mu = 0.967, current mu = 0.225) task
[53919:0x4e54590] 285008340 ms: Scavenge 2019.3 (2071.4) -> 2014.6 (2072.4) MB, 7.2 / 0.0 ms  (average mu = 0.967, current mu = 0.225) task
[53919:0x4e54590] 285008400 ms: Scavenge 2020.1 (2072.4) -> 2015.5 (2073.4) MB, 9.0 / 0.0 ms  (average mu = 0.967, current mu = 0.225) task
[53919:0x4e54590] 285008454 ms: Scavenge 2021.3 (2073.4) -> 2016.5 (2074.6) MB, 7.6 / 0.0 ms  (average mu = 0.967, current mu = 0.225) task
[53919:0x4e54590] 285008503 ms: Scavenge 2022.3 (2074.9) -> 2017.6 (2075.6) MB, 8.4 / 0.0 ms  (average mu = 0.967, current mu = 0.225) task
[53919:0x4e54590] 285008532 ms: Scavenge 2023.1 (2075.6) -> 2018.3 (2091.9) MB, 7.6 / 0.0 ms  (average mu = 0.967, current mu = 0.225) task
[53919:0x4e54590] 285011323 ms: Mark-sweep (reduce) 2021.8 (2091.9) -> 2017.8 (2061.9) MB, 2413.1 / 0.0 ms  (+ 238.1 ms in 67 steps since start of marking, biggest step 41.2 ms, walltime since start of marking 2719 ms) (average mu = 0.934, current mu = 0.203) finalize incremental marking via task GC in old space requested
[53919:0x4e54590] 285011329 ms: Scavenge 2019.1 (2061.9) -> 2018.4 (2064.9) MB, 2.1 / 0.0 ms  (average mu = 0.934, current mu = 0.203) task
[53919:0x4e54590] 285011364 ms: Scavenge 2019.9 (2064.9) -> 2018.7 (2065.4) MB, 4.2 / 0.0 ms  (average mu = 0.934, current mu = 0.203) task
[53919:0x4e54590] 285011374 ms: Scavenge 2020.4 (2065.4) -> 2018.9 (2065.6) MB, 3.5 / 0.0 ms  (average mu = 0.934, current mu = 0.203) task
[53919:0x4e54590] 285011383 ms: Scavenge 2020.5 (2065.6) -> 2019.2 (2065.6) MB, 3.2 / 0.0 ms  (average mu = 0.934, current mu = 0.203) task
[53919:0x4e54590] 285011393 ms: Scavenge 2020.7 (2065.6) -> 2019.4 (2065.9) MB, 3.2 / 0.0 ms  (average mu = 0.934, current mu = 0.203) task
[53919:0x4e54590] 285011402 ms: Scavenge 2021.1 (2065.9) -> 2019.7 (2066.1) MB, 3.0 / 0.0 ms  (average mu = 0.934, current mu = 0.203) task
[53919:0x4e54590] 285011414 ms: Scavenge 2021.2 (2066.1) -> 2019.9 (2070.6) MB, 4.1 / 0.0 ms  (average mu = 0.934, current mu = 0.203) task
[53919:0x4e54590] 285011467 ms: Scavenge 2023.1 (2070.6) -> 2020.5 (2071.1) MB, 6.4 / 0.0 ms  (average mu = 0.934, current mu = 0.203) task
[53919:0x4e54590] 285011504 ms: Scavenge 2023.6 (2071.1) -> 2020.9 (2071.1) MB, 6.7 / 0.0 ms  (average mu = 0.934, current mu = 0.203) task
[53919:0x4e54590] 285011548 ms: Scavenge 2024.0 (2071.1) -> 2021.4 (2071.9) MB, 6.0 / 0.0 ms  (average mu = 0.934, current mu = 0.203) task
[53919:0x4e54590] 285011600 ms: Scavenge 2024.6 (2071.9) -> 2021.9 (2072.1) MB, 6.2 / 0.0 ms  (average mu = 0.934, current mu = 0.203) task
[53919:0x4e54590] 285011640 ms: Scavenge 2025.1 (2072.1) -> 2022.3 (2080.6) MB, 5.8 / 0.0 ms  (average mu = 0.934, current mu = 0.203) task
[53919:0x4e54590] 285011717 ms: Scavenge 2028.6 (2080.6) -> 2023.4 (2081.1) MB, 7.9 / 0.0 ms  (average mu = 0.934, current mu = 0.203) task
[53919:0x4e54590] 285011804 ms: Scavenge 2028.8 (2081.1) -> 2024.2 (2081.9) MB, 8.8 / 0.0 ms  (average mu = 0.934, current mu = 0.203) task
[53919:0x4e54590] 285011862 ms: Scavenge 2029.7 (2081.9) -> 2024.9 (2082.9) MB, 6.2 / 0.0 ms  (average mu = 0.934, current mu = 0.203) task
[53919:0x4e54590] 285011888 ms: Scavenge 2030.5 (2082.9) -> 2025.8 (2083.6) MB, 5.7 / 0.0 ms  (average mu = 0.934, current mu = 0.203) task
[53919:0x4e54590] 285011914 ms: Scavenge 2031.4 (2083.6) -> 2026.7 (2084.6) MB, 5.9 / 0.0 ms  (average mu = 0.934, current mu = 0.203) task
[53919:0x4e54590] 285012229 ms: Scavenge (reduce) 2032.6 (2084.6) -> 2027.6 (2071.9) MB, 8.6 / 0.0 ms  (average mu = 0.934, current mu = 0.203) task
[53919:0x4e54590] 285012269 ms: Scavenge (reduce) 2028.8 (2071.9) -> 2027.7 (2071.9) MB, 6.0 / 0.0 ms  (average mu = 0.934, current mu = 0.203) allocation failure
[53919:0x4e54590] 285014666 ms: Mark-sweep (reduce) 2028.2 (2071.9) -> 2026.8 (2071.4) MB, 2385.7 / 0.0 ms  (+ 302.6 ms in 148 steps since start of marking, biggest step 27.8 ms, walltime since start of marking 2752 ms) (average mu = 0.875, current mu = 0.196) finalize incremental marking via task GC in old space requested
[53919:0x4e54590] 285014674 ms: Scavenge 2028.0 (2071.4) -> 2027.1 (2072.4) MB, 2.2 / 0.0 ms  (average mu = 0.875, current mu = 0.196) allocation failure
[53919:0x4e54590] 285014680 ms: Scavenge 2028.0 (2072.4) -> 2027.3 (2072.4) MB, 2.5 / 0.0 ms  (average mu = 0.875, current mu = 0.196) allocation failure
[53919:0x4e54590] 285014686 ms: Scavenge 2028.1 (2072.4) -> 2027.4 (2072.4) MB, 2.4 / 0.0 ms  (average mu = 0.875, current mu = 0.196) allocation failure
[53919:0x4e54590] 285014692 ms: Scavenge 2028.2 (2072.4) -> 2027.5 (2074.4) MB, 3.0 / 0.0 ms  (average mu = 0.875, current mu = 0.196) allocation failure
[53919:0x4e54590] 285014713 ms: Scavenge 2029.3 (2074.4) -> 2027.9 (2074.4) MB, 4.9 / 0.0 ms  (average mu = 0.875, current mu = 0.196) task
[53919:0x4e54590] 285014724 ms: Scavenge 2029.4 (2074.4) -> 2028.1 (2074.9) MB, 4.2 / 0.0 ms  (average mu = 0.875, current mu = 0.196) task
[53919:0x4e54590] 285014734 ms: Scavenge 2030.0 (2074.9) -> 2028.5 (2075.4) MB, 3.6 / 0.0 ms  (average mu = 0.875, current mu = 0.196) task
[53919:0x4e54590] 285014743 ms: Scavenge 2030.1 (2075.4) -> 2028.8 (2075.9) MB, 3.2 / 0.0 ms  (average mu = 0.875, current mu = 0.196) task
[53919:0x4e54590] 285014773 ms: Scavenge 2030.4 (2075.9) -> 2029.1 (2080.1) MB, 5.1 / 0.0 ms  (average mu = 0.875, current mu = 0.196) task
[53919:0x4e54590] 285014798 ms: Scavenge 2032.3 (2080.1) -> 2029.6 (2080.1) MB, 5.1 / 0.0 ms  (average mu = 0.875, current mu = 0.196) task
[53919:0x4e54590] 285014862 ms: Scavenge 2032.8 (2080.1) -> 2030.1 (2080.6) MB, 7.0 / 0.0 ms  (average mu = 0.875, current mu = 0.196) task
[53919:0x4e54590] 285014899 ms: Scavenge 2033.2 (2080.6) -> 2030.5 (2081.4) MB, 7.8 / 0.0 ms  (average mu = 0.875, current mu = 0.196) task
[53919:0x4e54590] 285014943 ms: Scavenge 2033.7 (2081.4) -> 2031.0 (2081.6) MB, 6.0 / 0.0 ms  (average mu = 0.875, current mu = 0.196) task
[53919:0x4e54590] 285014973 ms: Scavenge 2034.2 (2081.6) -> 2031.4 (2089.6) MB, 6.0 / 0.0 ms  (average mu = 0.875, current mu = 0.196) task
[53919:0x4e54590] 285017547 ms: Mark-sweep (reduce) 2034.8 (2089.6) -> 2032.1 (2076.1) MB, 2146.1 / 0.0 ms  (+ 180.2 ms in 66 steps since start of marking, biggest step 22.4 ms, walltime since start of marking 2389 ms) (average mu = 0.792, current mu = 0.192) finalize incremental marking via task GC in old space requested
[53919:0x4e54590] 285017577 ms: Scavenge 2033.2 (2076.1) -> 2032.5 (2079.1) MB, 2.9 / 0.0 ms  (average mu = 0.792, current mu = 0.192) task
[53919:0x4e54590] 285017587 ms: Scavenge 2034.0 (2079.1) -> 2032.8 (2079.4) MB, 3.4 / 0.0 ms  (average mu = 0.792, current mu = 0.192) task
[53919:0x4e54590] 285017605 ms: Scavenge 2034.4 (2079.4) -> 2033.0 (2079.6) MB, 4.7 / 0.0 ms  (average mu = 0.792, current mu = 0.192) task
[53919:0x4e54590] 285017626 ms: Scavenge 2034.5 (2079.6) -> 2033.2 (2079.9) MB, 4.6 / 0.0 ms  (average mu = 0.792, current mu = 0.192) task
[53919:0x4e54590] 285017636 ms: Scavenge 2034.8 (2079.9) -> 2033.5 (2080.4) MB, 3.6 / 0.0 ms  (average mu = 0.792, current mu = 0.192) task
[53919:0x4e54590] 285017645 ms: Scavenge 2035.1 (2080.4) -> 2033.7 (2080.6) MB, 3.1 / 0.0 ms  (average mu = 0.792, current mu = 0.192) task
[53919:0x4e54590] 285017656 ms: Scavenge 2035.2 (2080.6) -> 2034.0 (2084.9) MB, 5.0 / 0.0 ms  (average mu = 0.792, current mu = 0.192) task
[53919:0x4e54590] 285017693 ms: Scavenge 2037.2 (2084.9) -> 2034.5 (2085.1) MB, 5.6 / 0.0 ms  (average mu = 0.792, current mu = 0.192) task
[53919:0x4e54590] 285017735 ms: Scavenge 2037.7 (2085.1) -> 2035.0 (2085.6) MB, 6.3 / 0.0 ms  (average mu = 0.792, current mu = 0.192) task
[53919:0x4e54590] 285017787 ms: Scavenge 2038.1 (2085.6) -> 2035.4 (2085.6) MB, 6.3 / 0.0 ms  (average mu = 0.792, current mu = 0.192) task
[53919:0x4e54590] 285017829 ms: Scavenge 2038.8 (2085.9) -> 2036.1 (2086.4) MB, 4.8 / 0.0 ms  (average mu = 0.792, current mu = 0.192) task
[53919:0x4e54590] 285017866 ms: Scavenge 2039.3 (2086.4) -> 2036.6 (2094.9) MB, 6.4 / 0.0 ms  (average mu = 0.792, current mu = 0.192) task
[53919:0x4e54590] 285020452 ms: Mark-sweep (reduce) 2039.8 (2094.9) -> 2036.6 (2080.6) MB, 2133.7 / 0.0 ms  (+ 263.1 ms in 62 steps since start of marking, biggest step 46.2 ms, walltime since start of marking 2420 ms) (average mu = 0.671, current mu = 0.175) finalize incremental marking via task GC in old space requested
[53919:0x4e54590] 285020463 ms: Scavenge 2037.7 (2080.6) -> 2036.9 (2083.6) MB, 5.0 / 0.0 ms  (average mu = 0.671, current mu = 0.175) allocation failure
[53919:0x4e54590] 285020474 ms: Scavenge 2038.5 (2083.6) -> 2037.2 (2084.4) MB, 3.1 / 0.0 ms  (average mu = 0.671, current mu = 0.175) task
[53919:0x4e54590] 285020498 ms: Scavenge 2038.7 (2084.4) -> 2037.4 (2084.4) MB, 16.9 / 0.0 ms  (average mu = 0.671, current mu = 0.175) task
[53919:0x4e54590] 285020519 ms: Scavenge 2038.9 (2084.4) -> 2037.6 (2084.4) MB, 4.0 / 0.0 ms  (average mu = 0.671, current mu = 0.175) task
[53919:0x4e54590] 285020529 ms: Scavenge 2039.3 (2084.4) -> 2037.9 (2084.6) MB, 3.2 / 0.0 ms  (average mu = 0.671, current mu = 0.175) task
[53919:0x4e54590] 285020549 ms: Scavenge 2039.4 (2084.6) -> 2038.1 (2084.9) MB, 4.0 / 0.0 ms  (average mu = 0.671, current mu = 0.175) task
[53919:0x4e54590] 285024172 ms: Mark-sweep 2039.8 (2084.9) -> 2037.5 (2089.1) MB, 3607.6 / 0.0 ms  (average mu = 0.457, current mu = 0.030) task scavenge might not succeed
[53919:0x4e54590] 285027043 ms: Mark-sweep 2041.5 (2089.1) -> 2038.0 (2089.1) MB, 2830.2 / 0.0 ms  (average mu = 0.306, current mu = 0.014) allocation failure scavenge might not succeed
[53919:0x4e54590] 285029901 ms: Mark-sweep 2041.5 (2089.1) -> 2038.5 (2089.9) MB, 2794.3 / 0.0 ms  (average mu = 0.191, current mu = 0.022) task scavenge might not succeed
[53919:0x4e54590] 285032754 ms: Mark-sweep 2042.7 (2089.9) -> 2039.1 (2090.4) MB, 2808.7 / 0.0 ms  (average mu = 0.113, current mu = 0.016) allocation failure scavenge might not succeed
[53919:0x4e54590] 285036416 ms: Mark-sweep 2042.5 (2090.4) -> 2039.5 (2090.6) MB, 3614.9 / 0.0 ms  (average mu = 0.059, current mu = 0.013) task scavenge might not succeed

<--- Last few GCs --->

[53919:0x4e54590] 285032754 ms: Mark-sweep 2042.7 (2089.9) -> 2039.1 (2090.4) MB, 2808.7 / 0.0 ms  (average mu = 0.113, current mu = 0.016) allocation failure scavenge might not succeed
[53919:0x4e54590] 285036416 ms: Mark-sweep 2042.5 (2090.4) -> 2039.5 (2090.6) MB, 3614.9 / 0.0 ms  (average mu = 0.059, current mu = 0.013) task scavenge might not succeed


<--- JS stacktrace --->

FATAL ERROR: Ineffective mark-compacts near heap limit Allocation failed - JavaScript heap out of memory
 1: 0xb09c10 node::Abort() [node]
 2: 0xa1c193 node::FatalError(char const*, char const*) [node]
 3: 0xcf8dde v8::Utils::ReportOOMFailure(v8::internal::Isolate*, char const*, bool) [node]
 4: 0xcf9157 v8::internal::V8::FatalProcessOutOfMemory(v8::internal::Isolate*, char const*, bool) [node]
 5: 0xeb09f5  [node]
 6: 0xeb14d6  [node]
 7: 0xebf9fe  [node]
 8: 0xec0440 v8::internal::Heap::CollectGarbage(v8::internal::AllocationSpace, v8::internal::GarbageCollectionReason, v8::GCCallbackFlags) [node]
 9: 0xf23884 v8::internal::ScavengeJob::Task::RunInternal() [node]
10: 0xdb6f6b non-virtual thunk to v8::internal::CancelableTask::Run() [node]
11: 0xb77a54 node::PerIsolatePlatformData::RunForegroundTask(std::unique_ptr<v8::Task, std::default_delete<v8::Task> >) [node]
12: 0xb798b9 node::PerIsolatePlatformData::FlushForegroundTasksInternal() [node]
13: 0x1564956  [node]
14: 0x1577084  [node]
15: 0x15652a8 uv_run [node]
16: 0xa43dd5 node::SpinEventLoop(node::Environment*) [node]
17: 0xb4bdb6 node::NodeMainInstance::Run(node::EnvSerializeInfo const*) [node]
18: 0xacd592 node::Start(int, char**) [node]
19: 0x7f393b824555 __libc_start_main [/lib64/libc.so.6]
20: 0xa4067c  [node]
